Archive member included to satisfy reference by file (symbol)

c:/microsemi/softconsole_v6.0/arm-none-eabi-gcc/bin/../lib/gcc/arm-none-eabi/7.3.1/thumb/v7-m\libgcc.a(_arm_addsubsf3.o)
                              ./Header_C_files/Utils/utils.o (__aeabi_i2f)
c:/microsemi/softconsole_v6.0/arm-none-eabi-gcc/bin/../lib/gcc/arm-none-eabi/7.3.1/thumb/v7-m\libgcc.a(_arm_fixunssfsi.o)
                              ./Header_C_files/Utils/utils.o (__aeabi_f2uiz)
c:/microsemi/softconsole_v6.0/arm-none-eabi-gcc/bin/../lib/gcc/arm-none-eabi/7.3.1/thumb/v7-m\libgcc.a(_aeabi_uldivmod.o)
                              ./Header_C_files/RTC/rtc.o (__aeabi_uldivmod)
c:/microsemi/softconsole_v6.0/arm-none-eabi-gcc/bin/../lib/gcc/arm-none-eabi/7.3.1/thumb/v7-m\libgcc.a(_udivmoddi4.o)
                              c:/microsemi/softconsole_v6.0/arm-none-eabi-gcc/bin/../lib/gcc/arm-none-eabi/7.3.1/thumb/v7-m\libgcc.a(_aeabi_uldivmod.o) (__udivmoddi4)
c:/microsemi/softconsole_v6.0/arm-none-eabi-gcc/bin/../lib/gcc/arm-none-eabi/7.3.1/thumb/v7-m\libgcc.a(_dvmd_tls.o)
                              c:/microsemi/softconsole_v6.0/arm-none-eabi-gcc/bin/../lib/gcc/arm-none-eabi/7.3.1/thumb/v7-m\libgcc.a(_aeabi_uldivmod.o) (__aeabi_ldiv0)
c:/microsemi/softconsole_v6.0/arm-none-eabi-gcc/bin/../lib/gcc/arm-none-eabi/7.3.1/../../../../arm-none-eabi/lib/thumb/v7-m\libg_nano.a(lib_a-errno.o)
                              ./CMSIS/startup_gcc/newlib_stubs.o (__errno)
c:/microsemi/softconsole_v6.0/arm-none-eabi-gcc/bin/../lib/gcc/arm-none-eabi/7.3.1/../../../../arm-none-eabi/lib/thumb/v7-m\libg_nano.a(lib_a-exit.o)
                              c:/microsemi/softconsole_v6.0/arm-none-eabi-gcc/bin/../lib/gcc/arm-none-eabi/7.3.1/../../../../arm-none-eabi/lib/thumb/v7-m/crt0.o (exit)
c:/microsemi/softconsole_v6.0/arm-none-eabi-gcc/bin/../lib/gcc/arm-none-eabi/7.3.1/../../../../arm-none-eabi/lib/thumb/v7-m\libg_nano.a(lib_a-impure.o)
                              c:/microsemi/softconsole_v6.0/arm-none-eabi-gcc/bin/../lib/gcc/arm-none-eabi/7.3.1/../../../../arm-none-eabi/lib/thumb/v7-m\libg_nano.a(lib_a-exit.o) (_global_impure_ptr)
c:/microsemi/softconsole_v6.0/arm-none-eabi-gcc/bin/../lib/gcc/arm-none-eabi/7.3.1/../../../../arm-none-eabi/lib/thumb/v7-m\libg_nano.a(lib_a-init.o)
                              c:/microsemi/softconsole_v6.0/arm-none-eabi-gcc/bin/../lib/gcc/arm-none-eabi/7.3.1/../../../../arm-none-eabi/lib/thumb/v7-m/crt0.o (__libc_init_array)
c:/microsemi/softconsole_v6.0/arm-none-eabi-gcc/bin/../lib/gcc/arm-none-eabi/7.3.1/../../../../arm-none-eabi/lib/thumb/v7-m\libg_nano.a(lib_a-memcpy-stub.o)
                              ./drivers/mss_sys_services/mss_sys_services.o (memcpy)
c:/microsemi/softconsole_v6.0/arm-none-eabi-gcc/bin/../lib/gcc/arm-none-eabi/7.3.1/../../../../arm-none-eabi/lib/thumb/v7-m\libg_nano.a(lib_a-memset.o)
                              c:/microsemi/softconsole_v6.0/arm-none-eabi-gcc/bin/../lib/gcc/arm-none-eabi/7.3.1/../../../../arm-none-eabi/lib/thumb/v7-m/crt0.o (memset)

Allocating common symbols
Common symbol       size              file

fifo_packet_wr_buf  0x9c              ./Header_C_files/PSLV_UART/pslv_uart.o
points              0xcc              ./Header_C_files/EPS/eps.o
flash_wr_buf        0x28              ./Header_C_files/SPI_Flash/spi_flash.o
FLASH_SPI           0x4               ./Header_C_files/SPI_Flash/spi_flash.o
flash_packet_rd_buf
                    0x9c              ./Header_C_files/SPI_Flash/spi_flash.o
g_core_i2c2         0x5c              ./Header_C_files/I2C/i2c.o
g_core_i2c0         0x5c              ./Header_C_files/I2C/i2c.o
SD_Status           0x1               ./Header_C_files/SD_CARD/sd.o
g_core_i2c1         0x5c              ./Header_C_files/I2C/i2c.o
g_mss_spi1          0x84              ./drivers_config/mss_spi/mss_spi.o
instance            0x1               ./Header_C_files/SENSOR_BOARD/sensor_board.o
tmp_buff            0x200             ./Header_C_files/SD_CARD/sd.o
rtc_array           0x7               ./Header_C_files/SPI_Flash/spi_flash.o
rx_buffer_AS7265x_2
                    0x1               ./Header_C_files/SENSOR_BOARD/sensor_board.o
g_core_i2c3         0x6c              ./Header_C_files/SENSOR_BOARD/sensor_board.o
rx_buffer_EPS       0x2               ./Header_C_files/EPS/eps.o
g_mss_uart1         0x40              ./drivers/mss_uart/mss_uart.o
flash_rd_buf        0x28              ./Header_C_files/SPI_Flash/spi_flash.o
Beacon_pack_IS0     0x9c              ./drivers/CoreI2C/core_i2c.o
statusG             0x8               ./Header_C_files/Seq_ops/main.o
g_mss_i2c0          0x74              ./drivers/mss_i2c/mss_i2c.o
g_mss_uart0         0x40              ./drivers/mss_uart/mss_uart.o
SD_Beacon_Pack_Read_Array
                    0x202             ./Header_C_files/SD_CARD/sd.o
rx_buffer_VMEL      0x2               ./Header_C_files/SENSOR_BOARD/sensor_board.o
Read_Array_VMEL6075
                    0x8               ./Header_C_files/SENSOR_BOARD/sensor_board.o
[...]
Memory Configuration

Name             Origin             Length             Attributes
rom              0x0000000000000000 0x0000000000040000 xr
ram              0x0000000020000000 0x0000000000010000 xrw
*default*        0x0000000000000000 0xffffffffffffffff

Linker script and memory map

LOAD c:/microsemi/softconsole_v6.0/arm-none-eabi-gcc/bin/../lib/gcc/arm-none-eabi/7.3.1/thumb/v7-m/crti.o
LOAD c:/microsemi/softconsole_v6.0/arm-none-eabi-gcc/bin/../lib/gcc/arm-none-eabi/7.3.1/thumb/v7-m/crtbegin.o
LOAD c:/microsemi/softconsole_v6.0/arm-none-eabi-gcc/bin/../lib/gcc/arm-none-eabi/7.3.1/../../../../arm-none-eabi/lib/thumb/v7-m/crt0.o
LOAD ./hal/CortexM3/GNU/hal.o
LOAD ./hal/CortexM3/GNU/hw_reg_access.o
LOAD ./hal/CortexM3/cortex_nvic.o
LOAD ./drivers_config/sys_config/sys_config.o
LOAD ./drivers_config/mss_spi/mss_spi.o
LOAD ./drivers/mss_uart/mss_uart.o
LOAD ./drivers/mss_sys_services/mss_comblk.o
LOAD ./drivers/mss_sys_services/mss_sys_services.o
LOAD ./drivers/mss_pdma/mss_pdma.o
LOAD ./drivers/mss_nvm/mss_nvm.o
LOAD ./drivers/mss_i2c/mss_i2c.o
LOAD ./drivers/mss_hpdma/mss_hpdma.o
LOAD ./drivers/mss_gpio/mss_gpio.o
LOAD ./drivers/CoreUARTapb/core_uart_apb.o
LOAD ./drivers/CoreSPI/core_spi.o
LOAD ./drivers/CoreI2C/core_i2c.o
LOAD ./drivers/CoreI2C/i2c_interrupt.o
LOAD ./Header_C_files/Utils/utils.o
LOAD ./Header_C_files/Seq_ops/main.o
LOAD ./Header_C_files/SPI_Flash/spi_flash.o
LOAD ./Header_C_files/SENSOR_BOARD/sensor_board.o
LOAD ./Header_C_files/SD_CARD/sd.o
LOAD ./Header_C_files/RTC/rtc.o
LOAD ./Header_C_files/PSLV_UART/pslv_uart.o
LOAD ./Header_C_files/I2C/i2c.o
LOAD ./Header_C_files/GPIOs/gpios.o
LOAD ./Header_C_files/EPS/eps.o
LOAD ./Header_C_files/CCSDS/ccsds.o
LOAD ./CMSIS/startup_gcc/newlib_stubs.o
LOAD ./CMSIS/startup_gcc/startup_m2sxxx.o
LOAD ./CMSIS/system_m2sxxx.o
START GROUP
LOAD c:/microsemi/softconsole_v6.0/arm-none-eabi-gcc/bin/../lib/gcc/arm-none-eabi/7.3.1/thumb/v7-m\libgcc.a
LOAD c:/microsemi/softconsole_v6.0/arm-none-eabi-gcc/bin/../lib/gcc/arm-none-eabi/7.3.1/../../../../arm-none-eabi/lib/thumb/v7-m\libg_nano.a
LOAD c:/microsemi/softconsole_v6.0/arm-none-eabi-gcc/bin/../lib/gcc/arm-none-eabi/7.3.1/../../../../arm-none-eabi/lib/thumb/v7-m\libc_nano.a
END GROUP
START GROUP
LOAD c:/microsemi/softconsole_v6.0/arm-none-eabi-gcc/bin/../lib/gcc/arm-none-eabi/7.3.1/thumb/v7-m\libgcc.a
LOAD c:/microsemi/softconsole_v6.0/arm-none-eabi-gcc/bin/../lib/gcc/arm-none-eabi/7.3.1/../../../../arm-none-eabi/lib/thumb/v7-m\libc_nano.a
END GROUP
LOAD c:/microsemi/softconsole_v6.0/arm-none-eabi-gcc/bin/../lib/gcc/arm-none-eabi/7.3.1/thumb/v7-m/crtend.o
LOAD c:/microsemi/softconsole_v6.0/arm-none-eabi-gcc/bin/../lib/gcc/arm-none-eabi/7.3.1/thumb/v7-m/crtn.o
START GROUP
LOAD c:/microsemi/softconsole_v6.0/arm-none-eabi-gcc/bin/../lib/gcc/arm-none-eabi/7.3.1/../../../../arm-none-eabi/lib/thumb/v7-m\libc.a
LOAD c:/microsemi/softconsole_v6.0/arm-none-eabi-gcc/bin/../lib/gcc/arm-none-eabi/7.3.1/thumb/v7-m\libgcc.a
LOAD c:/microsemi/softconsole_v6.0/arm-none-eabi-gcc/bin/../lib/gcc/arm-none-eabi/7.3.1/../../../../arm-none-eabi/lib/thumb/v7-m\libm.a
END GROUP
                0x0000000000000000                __DYNAMIC = 0x0
                0x0000000020000000                RAM_START_ADDRESS = 0x20000000
                0x0000000000010000                RAM_SIZE = 0x10000
                0x0000000000001000                MAIN_STACK_SIZE = 0x1000
                0x0000000000001000                MIN_SIZE_HEAP = 0x1000
                0x0000000020010000                PROVIDE (__main_stack_start = (RAM_START_ADDRESS + RAM_SIZE))
                [!provide]                        PROVIDE (__process_stack_start = (__main_stack_start - MAIN_STACK_SIZE))
                0x0000000020010000                PROVIDE (_estack = __main_stack_start)
                0x0000000000000000                PROVIDE (__mirrored_nvm = 0x0)
                0x0000000000000000                PROVIDE (__smartfusion2_memory_remap = 0x0)

.vector_table   0x0000000000000000      0x190
                0x0000000000000000                __vector_table_load = LOADADDR (.vector_table)
                0x0000000000000000                __vector_table_start = .
                0x0000000000000000                __vector_table_vma_base_address = .
 *(.isr_vector)
 .isr_vector    0x0000000000000000      0x190 ./CMSIS/startup_gcc/startup_m2sxxx.o
                0x0000000000000000                g_pfnVectors
                0x0000000000000190                . = ALIGN (0x10)
                0x0000000000000190                _evector_table = .

.boot_code      0x0000000000000190      0x320
 *(.boot_code)
 .boot_code     0x0000000000000190      0x31c ./CMSIS/startup_gcc/startup_m2sxxx.o
                0x0000000000000190                Reset_Handler
                0x000000000000037e                NMI_Handler
                0x0000000000000380                HardFault_Handler
                0x0000000000000382                MemManage_Handler
                0x0000000000000384                BusFault_Handler
                0x0000000000000386                UsageFault_Handler
                0x0000000000000388                SVC_Handler
                0x000000000000038a                DebugMon_Handler
                0x000000000000038c                PendSV_Handler
                0x0000000000000390                WdogWakeup_IRQHandler
                0x0000000000000392                RTC_Wakeup_IRQHandler
                0x000000000000039a                I2C0_SMBAlert_IRQHandler
                0x000000000000039c                I2C0_SMBus_IRQHandler
                0x00000000000003a0                I2C1_SMBAlert_IRQHandler
                0x00000000000003a2                I2C1_SMBus_IRQHandler
                0x00000000000003a8                EthernetMAC_IRQHandler
                0x00000000000003ac                Timer1_IRQHandler
                0x00000000000003ae                Timer2_IRQHandler
                0x00000000000003b0                CAN_IRQHandler
                0x00000000000003b2                ENVM0_IRQHandler
                0x00000000000003b4                ENVM1_IRQHandler
                0x00000000000003b8                USB_IRQHandler
                0x00000000000003ba                USB_DMA_IRQHandler
                0x00000000000003bc                PLL_Lock_IRQHandler
                0x00000000000003be                PLL_LockLost_IRQHandler
                0x00000000000003c0                CommSwitchError_IRQHandler
                0x00000000000003c2                CacheError_IRQHandler
                0x00000000000003c4                DDR_IRQHandler
                0x00000000000003ca                ECC_Error_IRQHandler
                0x00000000000003cc                MDDR_IOCalib_IRQHandler
                0x00000000000003ce                FAB_PLL_Lock_IRQHandler
                0x00000000000003d0                FAB_PLL_LockLost_IRQHandler
                0x00000000000003d2                FIC64_IRQHandler
                0x00000000000003dc                FabricIrq4_IRQHandler
                0x00000000000003de                FabricIrq5_IRQHandler
                0x00000000000003e0                FabricIrq6_IRQHandler
                0x00000000000003e2                FabricIrq7_IRQHandler
                0x00000000000003e4                FabricIrq8_IRQHandler
                0x00000000000003e6                FabricIrq9_IRQHandler
                0x00000000000003e8                FabricIrq10_IRQHandler
                0x00000000000003ea                FabricIrq11_IRQHandler
                0x00000000000003ec                FabricIrq12_IRQHandler
                0x00000000000003ee                FabricIrq13_IRQHandler
                0x00000000000003f0                FabricIrq14_IRQHandler
                0x00000000000003f2                FabricIrq15_IRQHandler
                0x00000000000003f4                GPIO0_IRQHandler
                0x00000000000003f6                GPIO1_IRQHandler
                0x00000000000003f8                GPIO2_IRQHandler
                0x00000000000003fa                GPIO3_IRQHandler
                0x00000000000003fc                GPIO4_IRQHandler
                0x00000000000003fe                GPIO5_IRQHandler
                0x0000000000000400                GPIO6_IRQHandler
                0x0000000000000402                GPIO7_IRQHandler
                0x0000000000000404                GPIO8_IRQHandler
                0x0000000000000406                GPIO9_IRQHandler
                0x0000000000000408                GPIO10_IRQHandler
                0x000000000000040a                GPIO11_IRQHandler
                0x000000000000040c                GPIO12_IRQHandler
                0x000000000000040e                GPIO13_IRQHandler
                0x0000000000000410                GPIO14_IRQHandler
                0x0000000000000412                GPIO15_IRQHandler
                0x0000000000000414                GPIO16_IRQHandler
                0x0000000000000416                GPIO17_IRQHandler
                0x0000000000000418                GPIO18_IRQHandler
                0x000000000000041a                GPIO19_IRQHandler
                0x000000000000041c                GPIO20_IRQHandler
                0x000000000000041e                GPIO21_IRQHandler
                0x0000000000000420                GPIO22_IRQHandler
                0x0000000000000422                GPIO23_IRQHandler
                0x0000000000000424                GPIO24_IRQHandler
                0x0000000000000426                GPIO25_IRQHandler
                0x0000000000000428                GPIO26_IRQHandler
                0x000000000000042a                GPIO27_IRQHandler
                0x000000000000042c                GPIO28_IRQHandler
                0x000000000000042e                GPIO29_IRQHandler
                0x0000000000000430                GPIO30_IRQHandler
                0x0000000000000432                GPIO31_IRQHandler
                0x0000000000000434                mscc_post_hw_cfg_init
                0x00000000000004b0                . = ALIGN (0x10)
 *fill*         0x00000000000004ac        0x4 

.text           0x00000000000004b0     0x75a0
 CREATE_OBJECT_SYMBOLS
                0x00000000000004b0                __text_load = LOADADDR (.text)
                0x00000000000004b0                __text_start = .
 *(.text .text.* .gnu.linkonce.t.*)
 .text.deregister_tm_clones
                0x00000000000004b0       0x1c c:/microsemi/softconsole_v6.0/arm-none-eabi-gcc/bin/../lib/gcc/arm-none-eabi/7.3.1/thumb/v7-m/crtbegin.o
 .text.register_tm_clones
                0x00000000000004cc       0x24 c:/microsemi/softconsole_v6.0/arm-none-eabi-gcc/bin/../lib/gcc/arm-none-eabi/7.3.1/thumb/v7-m/crtbegin.o
 .text.__do_global_dtors_aux
                0x00000000000004f0       0x28 c:/microsemi/softconsole_v6.0/arm-none-eabi-gcc/bin/../lib/gcc/arm-none-eabi/7.3.1/thumb/v7-m/crtbegin.o
 .text.frame_dummy
                0x0000000000000518       0x24 c:/microsemi/softconsole_v6.0/arm-none-eabi-gcc/bin/../lib/gcc/arm-none-eabi/7.3.1/thumb/v7-m/crtbegin.o
 .text          0x000000000000053c        0xe ./hal/CortexM3/GNU/hal.o
                0x000000000000053c                HAL_disable_interrupts
                0x0000000000000544                HAL_restore_interrupts
 .text          0x000000000000054a       0x90 ./hal/CortexM3/GNU/hw_reg_access.o
                0x000000000000054a                HW_set_32bit_reg
                0x000000000000054e                HW_get_32bit_reg
                0x0000000000000552                HW_set_32bit_reg_field
                0x000000000000056e                HW_get_32bit_reg_field
                0x000000000000057a                HW_set_16bit_reg
                0x000000000000057e                HW_get_16bit_reg
                0x0000000000000582                HW_set_16bit_reg_field
                0x000000000000059e                HW_get_16bit_reg_field
                0x00000000000005aa                HW_set_8bit_reg
                0x00000000000005ae                HW_get_8bit_reg
                0x00000000000005b2                HW_set_8bit_reg_field
                0x00000000000005ce                HW_get_8bit_reg_field
 *fill*         0x00000000000005da        0x2 
 .text.NVIC_EnableIRQ
                0x00000000000005dc       0x30 ./drivers_config/mss_spi/mss_spi.o
 .text.NVIC_DisableIRQ
                0x000000000000060c       0x34 ./drivers_config/mss_spi/mss_spi.o
 .text.NVIC_ClearPendingIRQ
                0x0000000000000640       0x34 ./drivers_config/mss_spi/mss_spi.o
 .text.MSS_SPI_init
                0x0000000000000674       0xe4 ./drivers_config/mss_spi/mss_spi.o
                0x0000000000000674                MSS_SPI_init
 .text.recover_from_rx_overflow
                0x0000000000000758      0x128 ./drivers_config/mss_spi/mss_spi.o
 .text.MSS_SPI_configure_master_mode
                0x0000000000000880      0x130 ./drivers_config/mss_spi/mss_spi.o
                0x0000000000000880                MSS_SPI_configure_master_mode
 .text.MSS_SPI_set_slave_select
                0x00000000000009b0       0xec ./drivers_config/mss_spi/mss_spi.o
                0x00000000000009b0                MSS_SPI_set_slave_select
 .text.MSS_SPI_clear_slave_select
                0x0000000000000a9c       0x88 ./drivers_config/mss_spi/mss_spi.o
                0x0000000000000a9c                MSS_SPI_clear_slave_select
 .text.MSS_SPI_transfer_frame
                0x0000000000000b24       0xb4 ./drivers_config/mss_spi/mss_spi.o
                0x0000000000000b24                MSS_SPI_transfer_frame
 .text.MSS_SPI_transfer_block
                0x0000000000000bd8      0x1f4 ./drivers_config/mss_spi/mss_spi.o
                0x0000000000000bd8                MSS_SPI_transfer_block
 .text.MSS_SPI_tx_done
                0x0000000000000dcc       0x20 ./drivers_config/mss_spi/mss_spi.o
                0x0000000000000dcc                MSS_SPI_tx_done
 .text.fill_slave_tx_fifo
                0x0000000000000dec       0xd6 ./drivers_config/mss_spi/mss_spi.o
 .text.read_slave_rx_fifo
                0x0000000000000ec2       0xa6 ./drivers_config/mss_spi/mss_spi.o
 .text.mss_spi_isr
                0x0000000000000f68      0x27c ./drivers_config/mss_spi/mss_spi.o
 .text.SPI0_IRQHandler
                0x00000000000011e4       0x24 ./drivers_config/mss_spi/mss_spi.o
                0x00000000000011e4                SPI0_IRQHandler
 .text.SPI1_IRQHandler
                0x0000000000001208       0x24 ./drivers_config/mss_spi/mss_spi.o
                0x0000000000001208                SPI1_IRQHandler
 .text.NVIC_ClearPendingIRQ
                0x000000000000122c       0x34 ./drivers/mss_uart/mss_uart.o
 .text.set_bit_reg8
                0x0000000000001260       0x3a ./drivers/mss_uart/mss_uart.o
 .text.clear_bit_reg8
                0x000000000000129a       0x3a ./drivers/mss_uart/mss_uart.o
 .text.read_bit_reg8
                0x00000000000012d4       0x38 ./drivers/mss_uart/mss_uart.o
 .text.MSS_UART_init
                0x000000000000130c       0x70 ./drivers/mss_uart/mss_uart.o
                0x000000000000130c                MSS_UART_init
 .text.MSS_UART_polled_tx
                0x000000000000137c       0xc4 ./drivers/mss_uart/mss_uart.o
                0x000000000000137c                MSS_UART_polled_tx
 .text.UART0_IRQHandler
                0x0000000000001440       0x24 ./drivers/mss_uart/mss_uart.o
                0x0000000000001440                UART0_IRQHandler
 .text.UART1_IRQHandler
                0x0000000000001464       0x24 ./drivers/mss_uart/mss_uart.o
                0x0000000000001464                UART1_IRQHandler
 .text.config_baud_divisors
                0x0000000000001488      0x14c ./drivers/mss_uart/mss_uart.o
 .text.global_init
                0x00000000000015d4      0x1d8 ./drivers/mss_uart/mss_uart.o
 .text.MSS_UART_isr
                0x00000000000017ac      0x208 ./drivers/mss_uart/mss_uart.o
 .text.default_tx_handler
                0x00000000000019b4       0xe8 ./drivers/mss_uart/mss_uart.o
 .text.ComBlk_IRQHandler
                0x0000000000001a9c       0x48 ./drivers/mss_sys_services/mss_comblk.o
                0x0000000000001a9c                ComBlk_IRQHandler
 .text.handle_tx_okay_irq
                0x0000000000001ae4      0x1ac ./drivers/mss_sys_services/mss_comblk.o
 .text.handle_rx_okay_irq
                0x0000000000001c90      0x210 ./drivers/mss_sys_services/mss_comblk.o
 .text.complete_request
                0x0000000000001ea0       0x40 ./drivers/mss_sys_services/mss_comblk.o
 .text.abort_current_cmd
                0x0000000000001ee0       0x4c ./drivers/mss_sys_services/mss_comblk.o
 .text.fill_tx_fifo
                0x0000000000001f2c       0x60 ./drivers/mss_sys_services/mss_comblk.o
 .text.process_sys_ctrl_command
                0x0000000000001f8c       0x28 ./drivers/mss_sys_services/mss_comblk.o
 .text.get_channel_id_from_status
                0x0000000000001fb4       0x9c ./drivers/mss_pdma/mss_pdma.o
 .text.DMA_IRQHandler
                0x0000000000002050       0x78 ./drivers/mss_pdma/mss_pdma.o
                0x0000000000002050                DMA_IRQHandler
 .text.NVIC_DisableIRQ
                0x00000000000020c8       0x34 ./drivers/mss_i2c/mss_i2c.o
 .text.enable_slave_if_required
                0x00000000000020fc       0x24 ./drivers/mss_i2c/mss_i2c.o
 .text.mss_i2c_isr
                0x0000000000002120      0x854 ./drivers/mss_i2c/mss_i2c.o
 .text.I2C0_IRQHandler
                0x0000000000002974       0x24 ./drivers/mss_i2c/mss_i2c.o
                0x0000000000002974                I2C0_IRQHandler
 .text.I2C1_IRQHandler
                0x0000000000002998       0x24 ./drivers/mss_i2c/mss_i2c.o
                0x0000000000002998                I2C1_IRQHandler
 .text.start_transfer
                0x00000000000029bc      0x154 ./drivers/mss_hpdma/mss_hpdma.o
 .text.HPDMA_Complete_IRQHandler
                0x0000000000002b10       0xf8 ./drivers/mss_hpdma/mss_hpdma.o
                0x0000000000002b10                HPDMA_Complete_IRQHandler
 .text.HPDMA_Error_IRQHandler
                0x0000000000002c08      0x100 ./drivers/mss_hpdma/mss_hpdma.o
                0x0000000000002c08                HPDMA_Error_IRQHandler
 .text.NVIC_DisableIRQ
                0x0000000000002d08       0x34 ./drivers/mss_gpio/mss_gpio.o
 .text.NVIC_ClearPendingIRQ
                0x0000000000002d3c       0x34 ./drivers/mss_gpio/mss_gpio.o
 .text.MSS_GPIO_init
                0x0000000000002d70       0x78 ./drivers/mss_gpio/mss_gpio.o
                0x0000000000002d70                MSS_GPIO_init
 .text.MSS_GPIO_config
                0x0000000000002de8       0x38 ./drivers/mss_gpio/mss_gpio.o
                0x0000000000002de8                MSS_GPIO_config
 .text.MSS_GPIO_set_output
                0x0000000000002e20       0x64 ./drivers/mss_gpio/mss_gpio.o
                0x0000000000002e20                MSS_GPIO_set_output
 .text.I2C_init
                0x0000000000002e84       0xc4 ./drivers/CoreI2C/core_i2c.o
                0x0000000000002e84                I2C_init
 .text.I2C_write
                0x0000000000002f48       0xc6 ./drivers/CoreI2C/core_i2c.o
                0x0000000000002f48                I2C_write
 .text.I2C_write_read
                0x000000000000300e      0x10c ./drivers/CoreI2C/core_i2c.o
                0x000000000000300e                I2C_write_read
 *fill*         0x000000000000311a        0x2 
 .text.I2C_wait_complete
                0x000000000000311c       0xb0 ./drivers/CoreI2C/core_i2c.o
                0x000000000000311c                I2C_wait_complete
 .text.I2C_system_tick
                0x00000000000031cc       0x5a ./drivers/CoreI2C/core_i2c.o
                0x00000000000031cc                I2C_system_tick
 .text.enable_slave_if_required
                0x0000000000003226       0x28 ./drivers/CoreI2C/core_i2c.o
 *fill*         0x000000000000324e        0x2 
 .text.I2C_isr  0x0000000000003250      0x944 ./drivers/CoreI2C/core_i2c.o
                0x0000000000003250                I2C_isr
 .text.NVIC_EnableIRQ
                0x0000000000003b94       0x30 ./drivers/CoreI2C/i2c_interrupt.o
 .text.NVIC_DisableIRQ
                0x0000000000003bc4       0x34 ./drivers/CoreI2C/i2c_interrupt.o
 .text.I2C_enable_irq
                0x0000000000003bf8       0x58 ./drivers/CoreI2C/i2c_interrupt.o
                0x0000000000003bf8                I2C_enable_irq
 .text.I2C_disable_irq
                0x0000000000003c50       0x58 ./drivers/CoreI2C/i2c_interrupt.o
                0x0000000000003c50                I2C_disable_irq
 .text.Utils_Buffer_to_16_ValueU_Big
                0x0000000000003ca8       0x28 ./Header_C_files/Utils/utils.o
                0x0000000000003ca8                Utils_Buffer_to_16_ValueU_Big
 .text.Utils_Buffer_to_32_ValueU_Big
                0x0000000000003cd0       0x34 ./Header_C_files/Utils/utils.o
                0x0000000000003cd0                Utils_Buffer_to_32_ValueU_Big
 .text.Utils_Buffer_to_52_ValueU_Little
                0x0000000000003d04       0x7c ./Header_C_files/Utils/utils.o
                0x0000000000003d04                Utils_Buffer_to_52_ValueU_Little
 .text.Utils_Change_Endian_To_BigU16
                0x0000000000003d80       0x28 ./Header_C_files/Utils/utils.o
                0x0000000000003d80                Utils_Change_Endian_To_BigU16
 .text.Utils_HAL_Set_8bit
                0x0000000000003da8       0x36 ./Header_C_files/Utils/utils.o
                0x0000000000003da8                Utils_HAL_Set_8bit
 .text.Utils_Delay32
                0x0000000000003dde       0x30 ./Header_C_files/Utils/utils.o
                0x0000000000003dde                Utils_Delay32
 .text.Utils_Delay32_us
                0x0000000000003e0e       0x28 ./Header_C_files/Utils/utils.o
                0x0000000000003e0e                Utils_Delay32_us
 .text.main     0x0000000000003e36        0xe ./Header_C_files/Seq_ops/main.o
                0x0000000000003e36                main
 .text.main_seq
                0x0000000000003e44       0x68 ./Header_C_files/Seq_ops/main.o
                0x0000000000003e44                main_seq
 .text.Init     0x0000000000003eac       0x58 ./Header_C_files/Seq_ops/main.o
                0x0000000000003eac                Init
 .text.Get_Beacon_Packet
                0x0000000000003f04       0xd8 ./Header_C_files/Seq_ops/main.o
                0x0000000000003f04                Get_Beacon_Packet
 .text.Make_Beacon_Packet_Array
                0x0000000000003fdc      0x41c ./Header_C_files/Seq_ops/main.o
                0x0000000000003fdc                Make_Beacon_Packet_Array
 .text.Get_CDH_Data
                0x00000000000043f8       0xe4 ./Header_C_files/Seq_ops/main.o
                0x00000000000043f8                Get_CDH_Data
 .text.Decide_Mode
                0x00000000000044dc      0x150 ./Header_C_files/Seq_ops/main.o
                0x00000000000044dc                Decide_Mode
 .text.SwitchTo_Mode_Science_D
                0x000000000000462c       0x18 ./Header_C_files/Seq_ops/main.o
                0x000000000000462c                SwitchTo_Mode_Science_D
 .text.SwitchTo_Mode_Science_C
                0x0000000000004644       0x18 ./Header_C_files/Seq_ops/main.o
                0x0000000000004644                SwitchTo_Mode_Science_C
 .text.SwitchTo_Mode_Safe
                0x000000000000465c       0x18 ./Header_C_files/Seq_ops/main.o
                0x000000000000465c                SwitchTo_Mode_Safe
 .text.SwitchTo_Mode_Pheonix
                0x0000000000004674       0x10 ./Header_C_files/Seq_ops/main.o
                0x0000000000004674                SwitchTo_Mode_Pheonix
 .text.Beacon_Packet_UART_log
                0x0000000000004684      0x30c ./Header_C_files/Seq_ops/main.o
                0x0000000000004684                Beacon_Packet_UART_log
 .text.Watchdog_Pet
                0x0000000000004990       0x6c ./Header_C_files/Seq_ops/main.o
                0x0000000000004990                Watchdog_Pet
 .text.Flash_Init
                0x00000000000049fc       0x7c ./Header_C_files/SPI_Flash/spi_flash.o
                0x00000000000049fc                Flash_Init
 .text.Flash_Wait
                0x0000000000004a78       0x48 ./Header_C_files/SPI_Flash/spi_flash.o
                0x0000000000004a78                Flash_Wait
 .text.Flash_Write_EN_DIS
                0x0000000000004ac0       0x38 ./Header_C_files/SPI_Flash/spi_flash.o
                0x0000000000004ac0                Flash_Write_EN_DIS
 .text.Flash_CMD
                0x0000000000004af8       0x88 ./Header_C_files/SPI_Flash/spi_flash.o
                0x0000000000004af8                Flash_CMD
 .text.Flash_Read_Status_Register_1
                0x0000000000004b80       0x40 ./Header_C_files/SPI_Flash/spi_flash.o
                0x0000000000004b80                Flash_Read_Status_Register_1
 .text.Flash_Erase
                0x0000000000004bc0       0x5c ./Header_C_files/SPI_Flash/spi_flash.o
                0x0000000000004bc0                Flash_Erase
 .text.Flash_Read_Data
                0x0000000000004c1c       0x70 ./Header_C_files/SPI_Flash/spi_flash.o
                0x0000000000004c1c                Flash_Read_Data
 .text.Flash_write_cmd_data
                0x0000000000004c8c       0xbc ./Header_C_files/SPI_Flash/spi_flash.o
                0x0000000000004c8c                Flash_write_cmd_data
 .text.Flash_Program
                0x0000000000004d48       0xb8 ./Header_C_files/SPI_Flash/spi_flash.o
                0x0000000000004d48                Flash_Program
 .text.Update_Variables
                0x0000000000004e00       0x5c ./Header_C_files/SPI_Flash/spi_flash.o
                0x0000000000004e00                Update_Variables
 *fill*         0x0000000000004e5c        0x4 
 .text.Load_Factory_Value
                0x0000000000004e60       0x8c ./Header_C_files/SPI_Flash/spi_flash.o
                0x0000000000004e60                Load_Factory_Value
 .text.Update_Parameter_Table_IS0
                0x0000000000004eec      0x10c ./Header_C_files/SPI_Flash/spi_flash.o
                0x0000000000004eec                Update_Parameter_Table_IS0
 .text.Store_Data_Packet_Flash
                0x0000000000004ff8       0x90 ./Header_C_files/SPI_Flash/spi_flash.o
                0x0000000000004ff8                Store_Data_Packet_Flash
 .text.Read_Parameter_Table_IS0
                0x0000000000005088      0x24c ./Header_C_files/SPI_Flash/spi_flash.o
                0x0000000000005088                Read_Parameter_Table_IS0
 .text.VEML6075AssignInit
                0x00000000000052d4       0x50 ./Header_C_files/SENSOR_BOARD/sensor_board.o
                0x00000000000052d4                VEML6075AssignInit
 .text.AS7265xAssignInit
                0x0000000000005324       0xa8 ./Header_C_files/SENSOR_BOARD/sensor_board.o
                0x0000000000005324                AS7265xAssignInit
 .text.Initialize_Sensor_Board
                0x00000000000053cc       0x24 ./Header_C_files/SENSOR_BOARD/sensor_board.o
                0x00000000000053cc                Initialize_Sensor_Board
 .text.Get_VEML6075_Data
                0x00000000000053f0       0xac ./Header_C_files/SENSOR_BOARD/sensor_board.o
                0x00000000000053f0                Get_VEML6075_Data
 .text.read_AS7265x_reg
                0x000000000000549c      0x100 ./Header_C_files/SENSOR_BOARD/sensor_board.o
                0x000000000000549c                read_AS7265x_reg
 .text.write_AS7265x_reg
                0x000000000000559c       0xac ./Header_C_files/SENSOR_BOARD/sensor_board.o
                0x000000000000559c                write_AS7265x_reg
 .text.Get_AS7265x_Data
                0x0000000000005648       0xd4 ./Header_C_files/SENSOR_BOARD/sensor_board.o
                0x0000000000005648                Get_AS7265x_Data
 .text.SD_clear_slave_select
                0x000000000000571c       0x2c ./Header_C_files/SD_CARD/sd.o
                0x000000000000571c                SD_clear_slave_select
 .text.SD_set_slave_select
                0x0000000000005748       0x2c ./Header_C_files/SD_CARD/sd.o
                0x0000000000005748                SD_set_slave_select
 .text.SD_disable
                0x0000000000005774       0x28 ./Header_C_files/SD_CARD/sd.o
                0x0000000000005774                SD_disable
 .text.Custom_SPI_configure_master_mode
                0x000000000000579c       0x7e ./Header_C_files/SD_CARD/sd.o
                0x000000000000579c                Custom_SPI_configure_master_mode
 *fill*         0x000000000000581a        0x2 
 .text.SD_get_status
                0x000000000000581c       0x88 ./Header_C_files/SD_CARD/sd.o
                0x000000000000581c                SD_get_status
 .text.SD_Simul_Init
                0x00000000000058a4      0x184 ./Header_C_files/SD_CARD/sd.o
                0x00000000000058a4                SD_Simul_Init
 .text.SD_Cards_Init
                0x0000000000005a28       0x54 ./Header_C_files/SD_CARD/sd.o
                0x0000000000005a28                SD_Cards_Init
 .text.SD_Init  0x0000000000005a7c      0x380 ./Header_C_files/SD_CARD/sd.o
                0x0000000000005a7c                SD_Init
 .text.SD_Write_Sector
                0x0000000000005dfc      0x200 ./Header_C_files/SD_CARD/sd.o
                0x0000000000005dfc                SD_Write_Sector
 .text.SD_Read_Sector
                0x0000000000005ffc      0x2a8 ./Header_C_files/SD_CARD/sd.o
                0x0000000000005ffc                SD_Read_Sector
 .text.SD_Write_Data
                0x00000000000062a4       0x88 ./Header_C_files/SD_CARD/sd.o
                0x00000000000062a4                SD_Write_Data
 .text.SD_Read_Data
                0x000000000000632c       0x7e ./Header_C_files/SD_CARD/sd.o
                0x000000000000632c                SD_Read_Data
 *fill*         0x00000000000063aa        0x2 
 .text.SD_Write_Read_Verify
                0x00000000000063ac       0xc4 ./Header_C_files/SD_CARD/sd.o
                0x00000000000063ac                SD_Write_Read_Verify
 .text.RTC_Set_Value
                0x0000000000006470       0xb0 ./Header_C_files/RTC/rtc.o
                0x0000000000006470                RTC_Set_Value
 .text.RTC_Get_Value64
                0x0000000000006520       0x80 ./Header_C_files/RTC/rtc.o
                0x0000000000006520                RTC_Get_Value64
 .text.RTC_Get_Value_Pointer1
                0x00000000000065a0       0x6c ./Header_C_files/RTC/rtc.o
                0x00000000000065a0                RTC_Get_Value_Pointer1
 .text.RTC_Get_us
                0x000000000000660c       0x18 ./Header_C_files/RTC/rtc.o
                0x000000000000660c                RTC_Get_us
 .text.RTC_Get_ms
                0x0000000000006624       0x30 ./Header_C_files/RTC/rtc.o
                0x0000000000006624                RTC_Get_ms
 .text.Check_and_Fill_FIFO
                0x0000000000006654       0xc4 ./Header_C_files/PSLV_UART/pslv_uart.o
                0x0000000000006654                Check_and_Fill_FIFO
 .text.Set_Data_Byte_FIFO
                0x0000000000006718       0x20 ./Header_C_files/PSLV_UART/pslv_uart.o
                0x0000000000006718                Set_Data_Byte_FIFO
 .text.Set_Reset_Write_Enable_FIFO
                0x0000000000006738       0x1c ./Header_C_files/PSLV_UART/pslv_uart.o
                0x0000000000006738                Set_Reset_Write_Enable_FIFO
 .text.Get_Status_Reg
                0x0000000000006754       0x24 ./Header_C_files/PSLV_UART/pslv_uart.o
                0x0000000000006754                Get_Status_Reg
 .text.Reset_FIFO_SM
                0x0000000000006778       0x14 ./Header_C_files/PSLV_UART/pslv_uart.o
                0x0000000000006778                Reset_FIFO_SM
 .text.do_write_transaction
                0x000000000000678c       0x54 ./Header_C_files/I2C/i2c.o
                0x000000000000678c                do_write_transaction
 .text.do_write_read_transaction
                0x00000000000067e0       0xbc ./Header_C_files/I2C/i2c.o
                0x00000000000067e0                do_write_read_transaction
 .text.SysTick_Handler
                0x000000000000689c       0x38 ./Header_C_files/I2C/i2c.o
                0x000000000000689c                SysTick_Handler
 .text.FabricIrq0_IRQHandler
                0x00000000000068d4       0x14 ./Header_C_files/I2C/i2c.o
                0x00000000000068d4                FabricIrq0_IRQHandler
 .text.FabricIrq1_IRQHandler
                0x00000000000068e8       0x14 ./Header_C_files/I2C/i2c.o
                0x00000000000068e8                FabricIrq1_IRQHandler
 .text.FabricIrq2_IRQHandler
                0x00000000000068fc       0x14 ./Header_C_files/I2C/i2c.o
                0x00000000000068fc                FabricIrq2_IRQHandler
 .text.FabricIrq3_IRQHandler
                0x0000000000006910       0x14 ./Header_C_files/I2C/i2c.o
                0x0000000000006910                FabricIrq3_IRQHandler
 .text.Global_Init_GPIOs
                0x0000000000006924      0x10c ./Header_C_files/GPIOs/gpios.o
                0x0000000000006924                Global_Init_GPIOs
 .text.MSS_GPIO_set_outputs
                0x0000000000006a30       0x20 ./Header_C_files/EPS/eps.o
 .text.MSS_GPIO_get_outputs
                0x0000000000006a50       0x18 ./Header_C_files/EPS/eps.o
 .text.assignGetEps
                0x0000000000006a68       0x3c ./Header_C_files/EPS/eps.o
                0x0000000000006a68                assignGetEps
 .text.PWR_Switch
                0x0000000000006aa4       0x3a ./Header_C_files/EPS/eps.o
                0x0000000000006aa4                PWR_Switch
 *fill*         0x0000000000006ade        0x2 
 .text.epsAssignInit
                0x0000000000006ae0      0x5c0 ./Header_C_files/EPS/eps.o
                0x0000000000006ae0                epsAssignInit
 .text.Initialize_EPS
                0x00000000000070a0       0x48 ./Header_C_files/EPS/eps.o
                0x00000000000070a0                Initialize_EPS
 .text.Get_EPS_Data
                0x00000000000070e8       0xc8 ./Header_C_files/EPS/eps.o
                0x00000000000070e8                Get_EPS_Data
 .text.CCSDS_Pack
                0x00000000000071b0       0x84 ./Header_C_files/CCSDS/ccsds.o
                0x00000000000071b0                CCSDS_Pack
 .text.CCSDS_Fletcher_16
                0x0000000000007234       0xf4 ./Header_C_files/CCSDS/ccsds.o
                0x0000000000007234                CCSDS_Fletcher_16
 .text.SystemInit
                0x0000000000007328       0x20 ./CMSIS/system_m2sxxx.o
                0x0000000000007328                SystemInit
 .text.SystemCoreClockUpdate
                0x0000000000007348       0xf8 ./CMSIS/system_m2sxxx.o
                0x0000000000007348                SystemCoreClockUpdate
 .text.get_rcosc_25_50mhz_frequency
                0x0000000000007440       0x3c ./CMSIS/system_m2sxxx.o
 .text.set_clock_frequency_globals
                0x000000000000747c       0x5c ./CMSIS/system_m2sxxx.o
 .text.get_silicon_revision
                0x00000000000074d8       0x48 ./CMSIS/system_m2sxxx.o
 .text.silicon_workarounds
                0x0000000000007520       0x22 ./CMSIS/system_m2sxxx.o
 *fill*         0x0000000000007542        0x2 
 .text.m2s050_rev_a_workarounds
                0x0000000000007544       0x30 ./CMSIS/system_m2sxxx.o
 .text          0x0000000000007574       0x30 c:/microsemi/softconsole_v6.0/arm-none-eabi-gcc/bin/../lib/gcc/arm-none-eabi/7.3.1/thumb/v7-m\libgcc.a(_aeabi_uldivmod.o)
                0x0000000000007574                __aeabi_uldivmod
 .text.__udivmoddi4
                0x00000000000075a4      0x2d0 c:/microsemi/softconsole_v6.0/arm-none-eabi-gcc/bin/../lib/gcc/arm-none-eabi/7.3.1/thumb/v7-m\libgcc.a(_udivmoddi4.o)
                0x00000000000075a4                __udivmoddi4
 .text          0x0000000000007874        0x4 c:/microsemi/softconsole_v6.0/arm-none-eabi-gcc/bin/../lib/gcc/arm-none-eabi/7.3.1/thumb/v7-m\libgcc.a(_dvmd_tls.o)
                0x0000000000007874                __aeabi_idiv0
                0x0000000000007874                __aeabi_ldiv0
 .text.__libc_init_array
                0x0000000000007878       0x48 c:/microsemi/softconsole_v6.0/arm-none-eabi-gcc/bin/../lib/gcc/arm-none-eabi/7.3.1/../../../../arm-none-eabi/lib/thumb/v7-m\libg_nano.a(lib_a-init.o)
                0x0000000000007878                __libc_init_array
 .text.memcpy   0x00000000000078c0       0x16 c:/microsemi/softconsole_v6.0/arm-none-eabi-gcc/bin/../lib/gcc/arm-none-eabi/7.3.1/../../../../arm-none-eabi/lib/thumb/v7-m\libg_nano.a(lib_a-memcpy-stub.o)
                0x00000000000078c0                memcpy
 .text.memset   0x00000000000078d6       0x10 c:/microsemi/softconsole_v6.0/arm-none-eabi-gcc/bin/../lib/gcc/arm-none-eabi/7.3.1/../../../../arm-none-eabi/lib/thumb/v7-m\libg_nano.a(lib_a-memset.o)
                0x00000000000078d6                memset
 *(.plt)
 *(.gnu.warning)
 *(.glue_7t)
 .glue_7t       0x00000000000078e6        0x0 linker stubs
 *(.glue_7)
 .glue_7        0x00000000000078e6        0x0 linker stubs
 *(.vfp11_veneer)
 .vfp11_veneer  0x00000000000078e6        0x0 linker stubs
                0x00000000000078e8                . = ALIGN (0x4)
 *fill*         0x00000000000078e6        0x2 
 *crtbegin.o(.ctors)
 *(EXCLUDE_FILE(*crtend.o) .ctors)
 *(SORT_BY_NAME(.ctors.*))
 *crtend.o(.ctors)
 *crtbegin.o(.dtors)
 *(EXCLUDE_FILE(*crtend.o) .dtors)
 *(SORT_BY_NAME(.dtors.*))
 *crtend.o(.dtors)
 *(.rodata .rodata.* .gnu.linkonce.r.*)
 .rodata        0x00000000000078e8       0x60 ./drivers/mss_pdma/mss_pdma.o
 .rodata.g_config_reg_lut
                0x0000000000007948       0x80 ./drivers/mss_gpio/mss_gpio.o
 .rodata.g_gpio_irqn_lut
                0x00000000000079c8       0x20 ./drivers/mss_gpio/mss_gpio.o
 .rodata        0x00000000000079e8       0x38 ./Header_C_files/SD_CARD/sd.o
 .rodata        0x0000000000007a20        0x8 ./CMSIS/system_m2sxxx.o
 *(.ARM.extab* .gnu.linkonce.armextab.*)
 *(.gcc_except_table)
 *(.eh_frame_hdr)
 *(.eh_frame)
 .eh_frame      0x0000000000007a28        0x0 c:/microsemi/softconsole_v6.0/arm-none-eabi-gcc/bin/../lib/gcc/arm-none-eabi/7.3.1/thumb/v7-m/crtbegin.o
 *(.vector_table)
 *(.init)
 .init          0x0000000000007a28        0x4 c:/microsemi/softconsole_v6.0/arm-none-eabi-gcc/bin/../lib/gcc/arm-none-eabi/7.3.1/thumb/v7-m/crti.o
                0x0000000000007a28                _init
 .init          0x0000000000007a2c        0x8 c:/microsemi/softconsole_v6.0/arm-none-eabi-gcc/bin/../lib/gcc/arm-none-eabi/7.3.1/thumb/v7-m/crtn.o
 *(.fini)
 .fini          0x0000000000007a34        0x4 c:/microsemi/softconsole_v6.0/arm-none-eabi-gcc/bin/../lib/gcc/arm-none-eabi/7.3.1/thumb/v7-m/crti.o
                0x0000000000007a34                _fini
 .fini          0x0000000000007a38        0x8 c:/microsemi/softconsole_v6.0/arm-none-eabi-gcc/bin/../lib/gcc/arm-none-eabi/7.3.1/thumb/v7-m/crtn.o
                0x0000000000007a40                PROVIDE (__preinit_array_start = .)
 *(.preinit_array)
                0x0000000000007a40                PROVIDE (__preinit_array_end = .)
                0x0000000000007a40                PROVIDE (__init_array_start = .)
 *(SORT_BY_NAME(.init_array.*))
 *(.init_array)
 .init_array    0x0000000000007a40        0x4 c:/microsemi/softconsole_v6.0/arm-none-eabi-gcc/bin/../lib/gcc/arm-none-eabi/7.3.1/thumb/v7-m/crtbegin.o
                0x0000000000007a44                PROVIDE (__init_array_end = .)
                [!provide]                        PROVIDE (__fini_array_start = .)
 *(.fini_array)
 .fini_array    0x0000000000007a44        0x4 c:/microsemi/softconsole_v6.0/arm-none-eabi-gcc/bin/../lib/gcc/arm-none-eabi/7.3.1/thumb/v7-m/crtbegin.o
 *(SORT_BY_NAME(.fini_array.*))
                [!provide]                        PROVIDE (__fini_array_end = .)
                0x0000000000007a50                . = ALIGN (0x10)
 *fill*         0x0000000000007a48        0x8 
                0x0000000000007a50                __exidx_start = .

.v4_bx          0x0000000000007a50        0x0
 .v4_bx         0x0000000000007a50        0x0 linker stubs

.iplt           0x0000000000007a50        0x0
 .iplt          0x0000000000007a50        0x0 c:/microsemi/softconsole_v6.0/arm-none-eabi-gcc/bin/../lib/gcc/arm-none-eabi/7.3.1/thumb/v7-m/crtbegin.o

.ARM.exidx      0x0000000000007a50        0x8
 *(.ARM.exidx* .gnu.linkonce.armexidx.*)
 .ARM.exidx.text.__udivmoddi4
                0x0000000000007a50        0x8 c:/microsemi/softconsole_v6.0/arm-none-eabi-gcc/bin/../lib/gcc/arm-none-eabi/7.3.1/thumb/v7-m\libgcc.a(_udivmoddi4.o)
                0x0000000000007a58                __exidx_end = .
                0x0000000000007a58                _etext = .

.rel.dyn        0x0000000000007a58        0x0
 .rel.iplt      0x0000000000007a58        0x0 c:/microsemi/softconsole_v6.0/arm-none-eabi-gcc/bin/../lib/gcc/arm-none-eabi/7.3.1/thumb/v7-m/crtbegin.o

.data           0x0000000020000000       0x20 load address 0x0000000000007a60
                0x0000000000007a60                __data_load = LOADADDR (.data)
                0x0000000000007a60                _sidata = LOADADDR (.data)
                0x0000000020000000                __data_start = .
                0x0000000020000000                _sdata = .
 *(.jcr)
 *(.got.plt)
 *(.got)
 *(.shdata)
 *(.data .data.* .gnu.linkonce.d.*)
 .data.virtual_reg_buffer
                0x0000000020000000        0x2 ./Header_C_files/SENSOR_BOARD/sensor_board.o
                0x0000000020000000                virtual_reg_buffer
 *fill*         0x0000000020000002        0x2 
 .data.SystemCoreClock
                0x0000000020000004        0x4 ./CMSIS/system_m2sxxx.o
                0x0000000020000004                SystemCoreClock
 .data.g_FrequencyPCLK0
                0x0000000020000008        0x4 ./CMSIS/system_m2sxxx.o
                0x0000000020000008                g_FrequencyPCLK0
 .data.g_FrequencyPCLK1
                0x000000002000000c        0x4 ./CMSIS/system_m2sxxx.o
                0x000000002000000c                g_FrequencyPCLK1
 .data.g_FrequencyPCLK2
                0x0000000020000010        0x4 ./CMSIS/system_m2sxxx.o
                0x0000000020000010                g_FrequencyPCLK2
 .data.g_FrequencyFIC0
                0x0000000020000014        0x4 ./CMSIS/system_m2sxxx.o
                0x0000000020000014                g_FrequencyFIC0
 .data.g_FrequencyFIC1
                0x0000000020000018        0x4 ./CMSIS/system_m2sxxx.o
                0x0000000020000018                g_FrequencyFIC1
 .data.g_FrequencyFIC64
                0x000000002000001c        0x4 ./CMSIS/system_m2sxxx.o
                0x000000002000001c                g_FrequencyFIC64
                0x0000000020000020                . = ALIGN (0x10)
                0x0000000020000020                _edata = .

.tm_clone_table
                0x0000000020000020        0x0 load address 0x0000000000007a80
 .tm_clone_table
                0x0000000020000020        0x0 c:/microsemi/softconsole_v6.0/arm-none-eabi-gcc/bin/../lib/gcc/arm-none-eabi/7.3.1/thumb/v7-m/crtbegin.o
 .tm_clone_table
                0x0000000020000020        0x0 c:/microsemi/softconsole_v6.0/arm-none-eabi-gcc/bin/../lib/gcc/arm-none-eabi/7.3.1/thumb/v7-m/crtend.o

.igot.plt       0x0000000020000020        0x0 load address 0x0000000000007a80
 .igot.plt      0x0000000020000020        0x0 c:/microsemi/softconsole_v6.0/arm-none-eabi-gcc/bin/../lib/gcc/arm-none-eabi/7.3.1/thumb/v7-m/crtbegin.o

.bss            0x0000000020000020      0xf10 load address 0x0000000000007a80
                0x0000000020000020                __bss_start__ = .
                0x0000000020000020                _sbss = .
 *(.shbss)
 *(.bss .bss.* .gnu.linkonce.b.*)
 .bss.completed.6486
                0x0000000020000020        0x1 c:/microsemi/softconsole_v6.0/arm-none-eabi-gcc/bin/../lib/gcc/arm-none-eabi/7.3.1/thumb/v7-m/crtbegin.o
 *fill*         0x0000000020000021        0x3 
 .bss.object.6491
                0x0000000020000024       0x18 c:/microsemi/softconsole_v6.0/arm-none-eabi-gcc/bin/../lib/gcc/arm-none-eabi/7.3.1/thumb/v7-m/crtbegin.o
 .bss.g_comblk_cmd_opcode
                0x000000002000003c        0x1 ./drivers/mss_sys_services/mss_comblk.o
 *fill*         0x000000002000003d        0x3 
 .bss.g_comblk_p_cmd
                0x0000000020000040        0x4 ./drivers/mss_sys_services/mss_comblk.o
 .bss.g_comblk_cmd_size
                0x0000000020000044        0x2 ./drivers/mss_sys_services/mss_comblk.o
 *fill*         0x0000000020000046        0x2 
 .bss.g_comblk_p_data
                0x0000000020000048        0x4 ./drivers/mss_sys_services/mss_comblk.o
 .bss.g_comblk_data_size
                0x000000002000004c        0x4 ./drivers/mss_sys_services/mss_comblk.o
 .bss.g_comblk_p_response
                0x0000000020000050        0x4 ./drivers/mss_sys_services/mss_comblk.o
 .bss.g_comblk_response_size
                0x0000000020000054        0x2 ./drivers/mss_sys_services/mss_comblk.o
 .bss.g_comblk_response_idx
                0x0000000020000056        0x2 ./drivers/mss_sys_services/mss_comblk.o
 .bss.g_comblk_completion_handler
                0x0000000020000058        0x4 ./drivers/mss_sys_services/mss_comblk.o
 .bss.g_comblk_page_handler
                0x000000002000005c        0x4 ./drivers/mss_sys_services/mss_comblk.o
 .bss.g_request_in_progress
                0x0000000020000060        0x1 ./drivers/mss_sys_services/mss_comblk.o
 .bss.g_comblk_state
                0x0000000020000061        0x1 ./drivers/mss_sys_services/mss_comblk.o
 *fill*         0x0000000020000062        0x2 
 .bss.g_async_event_handler
                0x0000000020000064        0x4 ./drivers/mss_sys_services/mss_comblk.o
 .bss.g_pdma_isr_table
                0x0000000020000068       0x20 ./drivers/mss_pdma/mss_pdma.o
 .bss.g_transfer
                0x0000000020000088       0x18 ./drivers/mss_hpdma/mss_hpdma.o
 .bss.g_hpdma_end_desc
                0x00000000200000a0        0x4 ./drivers/mss_hpdma/mss_hpdma.o
 .bss.g_hpdma_current_desc
                0x00000000200000a4        0x4 ./drivers/mss_hpdma/mss_hpdma.o
 .bss.rtc_init_array
                0x00000000200000a8        0x7 ./Header_C_files/SPI_Flash/spi_flash.o
                0x00000000200000a8                rtc_init_array
 *fill*         0x00000000200000af        0x1 
 .bss.UV_Conf_Buff
                0x00000000200000b0        0x3 ./Header_C_files/SENSOR_BOARD/sensor_board.o
                0x00000000200000b0                UV_Conf_Buff
 *fill*         0x00000000200000b3        0x1 
 .bss.rx_buffer_AS7265x
                0x00000000200000b4        0x1 ./Header_C_files/SENSOR_BOARD/sensor_board.o
                0x00000000200000b4                rx_buffer_AS7265x
 *(COMMON)
 *fill*         0x00000000200000b5        0x3 
 COMMON         0x00000000200000b8      0x108 ./drivers_config/mss_spi/mss_spi.o
                0x00000000200000b8                g_mss_spi1
                0x000000002000013c                g_mss_spi0
 COMMON         0x00000000200001c0       0x80 ./drivers/mss_uart/mss_uart.o
                0x00000000200001c0                g_mss_uart1
                0x0000000020000200                g_mss_uart0
 COMMON         0x0000000020000240       0xe8 ./drivers/mss_i2c/mss_i2c.o
                0x0000000020000240                g_mss_i2c0
                0x00000000200002b4                g_mss_i2c1
 COMMON         0x0000000020000328       0x9c ./drivers/CoreI2C/core_i2c.o
                0x0000000020000328                Beacon_pack_IS0
 *fill*         0x00000000200003c4        0x4 
 COMMON         0x00000000200003c8      0x144 ./Header_C_files/Seq_ops/main.o
                0x00000000200003c8                statusG
                0x00000000200003d0                Globals
                0x0000000020000470                Beacon_Pack_Array
 COMMON         0x000000002000050c       0xfc ./Header_C_files/SPI_Flash/spi_flash.o
                0x000000002000050c                flash_wr_buf
                0x0000000020000534                FLASH_SPI
                0x0000000020000538                flash_packet_rd_buf
                0x00000000200005d4                rtc_array
                0x00000000200005dc                flash_rd_buf
                0x0000000020000604                stat
 COMMON         0x0000000020000608       0x8c ./Header_C_files/SENSOR_BOARD/sensor_board.o
                0x0000000020000608                instance
                0x000000002000060c                rx_buffer_AS7265x_2
                0x0000000020000610                g_core_i2c3
                0x000000002000067c                rx_buffer_VMEL
                0x0000000020000680                Read_Array_VMEL6075
                0x0000000020000688                Read_Array_AS7265x
 COMMON         0x0000000020000694      0x610 ./Header_C_files/SD_CARD/sd.o
                0x0000000020000694                SD_Status
                0x0000000020000698                tmp_buff
                0x0000000020000898                SD_Beacon_Pack_Read_Array
                0x0000000020000a9c                SD_Beacon_Pack_Write_Array
                0x0000000020000c9c                CMD17
 COMMON         0x0000000020000ca4       0x9d ./Header_C_files/PSLV_UART/pslv_uart.o
                0x0000000020000ca4                fifo_packet_wr_buf
                0x0000000020000d40                status
 *fill*         0x0000000020000d41        0x3 
 COMMON         0x0000000020000d44      0x114 ./Header_C_files/I2C/i2c.o
                0x0000000020000d44                g_core_i2c2
                0x0000000020000da0                g_core_i2c0
                0x0000000020000dfc                g_core_i2c1
 COMMON         0x0000000020000e58       0xce ./Header_C_files/EPS/eps.o
                0x0000000020000e58                points
                0x0000000020000f24                rx_buffer_EPS
                0x0000000020000f30                . = ALIGN (0x10)
 *fill*         0x0000000020000f26        0xa 
                0x0000000020000f30                __bss_end__ = .
                0x0000000020000f30                _end = .
                0x0000000020000f30                __end = _end
                0x0000000020000f30                _ebss = .
                [!provide]                        PROVIDE (end = .)

.heap           0x0000000020000f30     0xe0d0 load address 0x0000000000007a80
                0x0000000020000f30                __heap_start__ = .
                0x0000000020001f30                . = (. + MIN_SIZE_HEAP)
 *fill*         0x0000000020000f30     0x1000 
                0x000000002000f000                . = (. + (((ABSOLUTE (RAM_START_ADDRESS) + RAM_SIZE) - MAIN_STACK_SIZE) - .))
 *fill*         0x0000000020001f30     0xd0d0 
                0x000000002000f000                _eheap = .

.stack          0x000000002000f000     0x1000 load address 0x0000000000007a80
                0x000000002000f000                __stack_start__ = .
                0x0000000020010000                . = (. + MAIN_STACK_SIZE)
 *fill*         0x000000002000f000     0x1000 
                0x0000000020010000                _estack = .

.stab
 *(.stab)

.stabstr
 *(.stabstr)

.debug
 *(.debug)

.line
 *(.line)

.debug_srcinfo
 *(.debug_srcinfo)

.debug_sfnames
 *(.debug_sfnames)

.debug_aranges  0x0000000000000000      0xc70
 *(.debug_aranges)
 .debug_aranges
                0x0000000000000000       0x20 ./hal/CortexM3/GNU/hal.o
 .debug_aranges
                0x0000000000000020       0x20 ./hal/CortexM3/GNU/hw_reg_access.o
 .debug_aranges
                0x0000000000000040       0xe0 ./drivers_config/mss_spi/mss_spi.o
 .debug_aranges
                0x0000000000000120      0x1d0 ./drivers/mss_uart/mss_uart.o
 .debug_aranges
                0x00000000000002f0       0x90 ./drivers/mss_sys_services/mss_comblk.o
 .debug_aranges
                0x0000000000000380       0x78 ./drivers/mss_pdma/mss_pdma.o
 .debug_aranges
                0x00000000000003f8      0x128 ./drivers/mss_i2c/mss_i2c.o
 .debug_aranges
                0x0000000000000520       0x80 ./drivers/mss_hpdma/mss_hpdma.o
 .debug_aranges
                0x00000000000005a0       0x68 ./drivers/mss_gpio/mss_gpio.o
 .debug_aranges
                0x0000000000000608      0x110 ./drivers/CoreI2C/core_i2c.o
 .debug_aranges
                0x0000000000000718       0x38 ./drivers/CoreI2C/i2c_interrupt.o
 .debug_aranges
                0x0000000000000750       0xe0 ./Header_C_files/Utils/utils.o
 .debug_aranges
                0x0000000000000830       0xa0 ./Header_C_files/Seq_ops/main.o
 .debug_aranges
                0x00000000000008d0       0x98 ./Header_C_files/SPI_Flash/spi_flash.o
 .debug_aranges
                0x0000000000000968       0x50 ./Header_C_files/SENSOR_BOARD/sensor_board.o
 .debug_aranges
                0x00000000000009b8       0x98 ./Header_C_files/SD_CARD/sd.o
 .debug_aranges
                0x0000000000000a50       0x78 ./Header_C_files/RTC/rtc.o
 .debug_aranges
                0x0000000000000ac8       0x40 ./Header_C_files/PSLV_UART/pslv_uart.o
 .debug_aranges
                0x0000000000000b08       0x58 ./Header_C_files/I2C/i2c.o
 .debug_aranges
                0x0000000000000b60       0x20 ./Header_C_files/GPIOs/gpios.o
 .debug_aranges
                0x0000000000000b80       0x50 ./Header_C_files/EPS/eps.o
 .debug_aranges
                0x0000000000000bd0       0x30 ./Header_C_files/CCSDS/ccsds.o
 .debug_aranges
                0x0000000000000c00       0x20 ./CMSIS/startup_gcc/startup_m2sxxx.o
 .debug_aranges
                0x0000000000000c20       0x50 ./CMSIS/system_m2sxxx.o

.debug_pubnames
 *(.debug_pubnames)

.debug_info     0x0000000000000000    0x1a1bc
 *(.debug_info .gnu.linkonce.wi.*)
 .debug_info    0x0000000000000000       0x26 ./hal/CortexM3/GNU/hal.o
 .debug_info    0x0000000000000026       0x26 ./hal/CortexM3/GNU/hw_reg_access.o
 .debug_info    0x000000000000004c     0x1d9d ./drivers_config/mss_spi/mss_spi.o
 .debug_info    0x0000000000001de9     0x1d00 ./drivers/mss_uart/mss_uart.o
 .debug_info    0x0000000000003ae9      0xad5 ./drivers/mss_sys_services/mss_comblk.o
 .debug_info    0x00000000000045be     0x1005 ./drivers/mss_pdma/mss_pdma.o
 .debug_info    0x00000000000055c3     0x20aa ./drivers/mss_i2c/mss_i2c.o
 .debug_info    0x000000000000766d     0x1140 ./drivers/mss_hpdma/mss_hpdma.o
 .debug_info    0x00000000000087ad     0x1000 ./drivers/mss_gpio/mss_gpio.o
 .debug_info    0x00000000000097ad     0x1e2e ./drivers/CoreI2C/core_i2c.o
 .debug_info    0x000000000000b5db      0x760 ./drivers/CoreI2C/i2c_interrupt.o
 .debug_info    0x000000000000bd3b     0x198f ./Header_C_files/Utils/utils.o
 .debug_info    0x000000000000d6ca     0x1cfb ./Header_C_files/Seq_ops/main.o
 .debug_info    0x000000000000f3c5     0x18d7 ./Header_C_files/SPI_Flash/spi_flash.o
 .debug_info    0x0000000000010c9c     0x1abd ./Header_C_files/SENSOR_BOARD/sensor_board.o
 .debug_info    0x0000000000012759     0x1b30 ./Header_C_files/SD_CARD/sd.o
 .debug_info    0x0000000000014289      0xc4a ./Header_C_files/RTC/rtc.o
 .debug_info    0x0000000000014ed3     0x1367 ./Header_C_files/PSLV_UART/pslv_uart.o
 .debug_info    0x000000000001623a      0xe77 ./Header_C_files/I2C/i2c.o
 .debug_info    0x00000000000170b1      0x17a ./Header_C_files/GPIOs/gpios.o
 .debug_info    0x000000000001722b     0x1901 ./Header_C_files/EPS/eps.o
 .debug_info    0x0000000000018b2c      0xbb8 ./Header_C_files/CCSDS/ccsds.o
 .debug_info    0x00000000000196e4       0x26 ./CMSIS/startup_gcc/startup_m2sxxx.o
 .debug_info    0x000000000001970a      0xab2 ./CMSIS/system_m2sxxx.o

.debug_abbrev   0x0000000000000000     0x331a
 *(.debug_abbrev)
 .debug_abbrev  0x0000000000000000       0x14 ./hal/CortexM3/GNU/hal.o
 .debug_abbrev  0x0000000000000014       0x14 ./hal/CortexM3/GNU/hw_reg_access.o
 .debug_abbrev  0x0000000000000028      0x315 ./drivers_config/mss_spi/mss_spi.o
 .debug_abbrev  0x000000000000033d      0x310 ./drivers/mss_uart/mss_uart.o
 .debug_abbrev  0x000000000000064d      0x1fe ./drivers/mss_sys_services/mss_comblk.o
 .debug_abbrev  0x000000000000084b      0x228 ./drivers/mss_pdma/mss_pdma.o
 .debug_abbrev  0x0000000000000a73      0x38d ./drivers/mss_i2c/mss_i2c.o
 .debug_abbrev  0x0000000000000e00      0x26d ./drivers/mss_hpdma/mss_hpdma.o
 .debug_abbrev  0x000000000000106d      0x1bd ./drivers/mss_gpio/mss_gpio.o
 .debug_abbrev  0x000000000000122a      0x2ec ./drivers/CoreI2C/core_i2c.o
 .debug_abbrev  0x0000000000001516      0x1aa ./drivers/CoreI2C/i2c_interrupt.o
 .debug_abbrev  0x00000000000016c0      0x2bc ./Header_C_files/Utils/utils.o
 .debug_abbrev  0x000000000000197c      0x34f ./Header_C_files/Seq_ops/main.o
 .debug_abbrev  0x0000000000001ccb      0x34c ./Header_C_files/SPI_Flash/spi_flash.o
 .debug_abbrev  0x0000000000002017      0x2eb ./Header_C_files/SENSOR_BOARD/sensor_board.o
 .debug_abbrev  0x0000000000002302      0x334 ./Header_C_files/SD_CARD/sd.o
 .debug_abbrev  0x0000000000002636      0x1d4 ./Header_C_files/RTC/rtc.o
 .debug_abbrev  0x000000000000280a      0x287 ./Header_C_files/PSLV_UART/pslv_uart.o
 .debug_abbrev  0x0000000000002a91      0x1b4 ./Header_C_files/I2C/i2c.o
 .debug_abbrev  0x0000000000002c45       0x84 ./Header_C_files/GPIOs/gpios.o
 .debug_abbrev  0x0000000000002cc9      0x2e8 ./Header_C_files/EPS/eps.o
 .debug_abbrev  0x0000000000002fb1      0x1c5 ./Header_C_files/CCSDS/ccsds.o
 .debug_abbrev  0x0000000000003176       0x14 ./CMSIS/startup_gcc/startup_m2sxxx.o
 .debug_abbrev  0x000000000000318a      0x190 ./CMSIS/system_m2sxxx.o

.debug_line     0x0000000000000000     0xc511
 *(.debug_line)
 .debug_line    0x0000000000000000       0x4d ./hal/CortexM3/GNU/hal.o
 .debug_line    0x000000000000004d       0x8b ./hal/CortexM3/GNU/hw_reg_access.o
 .debug_line    0x00000000000000d8      0x817 ./drivers_config/mss_spi/mss_spi.o
 .debug_line    0x00000000000008ef      0xe93 ./drivers/mss_uart/mss_uart.o
 .debug_line    0x0000000000001782      0x587 ./drivers/mss_sys_services/mss_comblk.o
 .debug_line    0x0000000000001d09      0x446 ./drivers/mss_pdma/mss_pdma.o
 .debug_line    0x000000000000214f      0x867 ./drivers/mss_i2c/mss_i2c.o
 .debug_line    0x00000000000029b6      0x490 ./drivers/mss_hpdma/mss_hpdma.o
 .debug_line    0x0000000000002e46      0x40c ./drivers/mss_gpio/mss_gpio.o
 .debug_line    0x0000000000003252      0xa6d ./drivers/CoreI2C/core_i2c.o
 .debug_line    0x0000000000003cbf      0x4fd ./drivers/CoreI2C/i2c_interrupt.o
 .debug_line    0x00000000000041bc      0xb24 ./Header_C_files/Utils/utils.o
 .debug_line    0x0000000000004ce0     0x1476 ./Header_C_files/Seq_ops/main.o
 .debug_line    0x0000000000006156      0xd76 ./Header_C_files/SPI_Flash/spi_flash.o
 .debug_line    0x0000000000006ecc     0x117c ./Header_C_files/SENSOR_BOARD/sensor_board.o
 .debug_line    0x0000000000008048      0xddd ./Header_C_files/SD_CARD/sd.o
 .debug_line    0x0000000000008e25      0x7c1 ./Header_C_files/RTC/rtc.o
 .debug_line    0x00000000000095e6      0xaca ./Header_C_files/PSLV_UART/pslv_uart.o
 .debug_line    0x000000000000a0b0      0x7b9 ./Header_C_files/I2C/i2c.o
 .debug_line    0x000000000000a869      0x3c1 ./Header_C_files/GPIOs/gpios.o
 .debug_line    0x000000000000ac2a      0xbc1 ./Header_C_files/EPS/eps.o
 .debug_line    0x000000000000b7eb      0x81b ./Header_C_files/CCSDS/ccsds.o
 .debug_line    0x000000000000c006      0x18e ./CMSIS/startup_gcc/startup_m2sxxx.o
 .debug_line    0x000000000000c194      0x37d ./CMSIS/system_m2sxxx.o

.debug_frame    0x0000000000000000     0x3148
 *(.debug_frame)
 .debug_frame   0x0000000000000000      0x3c0 ./drivers_config/mss_spi/mss_spi.o
 .debug_frame   0x00000000000003c0      0x820 ./drivers/mss_uart/mss_uart.o
 .debug_frame   0x0000000000000be0      0x240 ./drivers/mss_sys_services/mss_comblk.o
 .debug_frame   0x0000000000000e20      0x1ec ./drivers/mss_pdma/mss_pdma.o
 .debug_frame   0x000000000000100c      0x540 ./drivers/mss_i2c/mss_i2c.o
 .debug_frame   0x000000000000154c      0x208 ./drivers/mss_hpdma/mss_hpdma.o
 .debug_frame   0x0000000000001754      0x198 ./drivers/mss_gpio/mss_gpio.o
 .debug_frame   0x00000000000018ec      0x484 ./drivers/CoreI2C/core_i2c.o
 .debug_frame   0x0000000000001d70       0xa8 ./drivers/CoreI2C/i2c_interrupt.o
 .debug_frame   0x0000000000001e18      0x3d4 ./Header_C_files/Utils/utils.o
 .debug_frame   0x00000000000021ec      0x258 ./Header_C_files/Seq_ops/main.o
 .debug_frame   0x0000000000002444      0x268 ./Header_C_files/SPI_Flash/spi_flash.o
 .debug_frame   0x00000000000026ac      0x11c ./Header_C_files/SENSOR_BOARD/sensor_board.o
 .debug_frame   0x00000000000027c8      0x268 ./Header_C_files/SD_CARD/sd.o
 .debug_frame   0x0000000000002a30      0x1c4 ./Header_C_files/RTC/rtc.o
 .debug_frame   0x0000000000002bf4       0xac ./Header_C_files/PSLV_UART/pslv_uart.o
 .debug_frame   0x0000000000002ca0      0x10c ./Header_C_files/I2C/i2c.o
 .debug_frame   0x0000000000002dac       0x2c ./Header_C_files/GPIOs/gpios.o
 .debug_frame   0x0000000000002dd8      0x110 ./Header_C_files/EPS/eps.o
 .debug_frame   0x0000000000002ee8       0x80 ./Header_C_files/CCSDS/ccsds.o
 .debug_frame   0x0000000000002f68      0x10c ./CMSIS/system_m2sxxx.o
 .debug_frame   0x0000000000003074       0x2c c:/microsemi/softconsole_v6.0/arm-none-eabi-gcc/bin/../lib/gcc/arm-none-eabi/7.3.1/thumb/v7-m\libgcc.a(_aeabi_uldivmod.o)
 .debug_frame   0x00000000000030a0       0x34 c:/microsemi/softconsole_v6.0/arm-none-eabi-gcc/bin/../lib/gcc/arm-none-eabi/7.3.1/thumb/v7-m\libgcc.a(_udivmoddi4.o)
 .debug_frame   0x00000000000030d4       0x2c c:/microsemi/softconsole_v6.0/arm-none-eabi-gcc/bin/../lib/gcc/arm-none-eabi/7.3.1/../../../../arm-none-eabi/lib/thumb/v7-m\libg_nano.a(lib_a-init.o)
 .debug_frame   0x0000000000003100       0x28 c:/microsemi/softconsole_v6.0/arm-none-eabi-gcc/bin/../lib/gcc/arm-none-eabi/7.3.1/../../../../arm-none-eabi/lib/thumb/v7-m\libg_nano.a(lib_a-memcpy-stub.o)
 .debug_frame   0x0000000000003128       0x20 c:/microsemi/softconsole_v6.0/arm-none-eabi-gcc/bin/../lib/gcc/arm-none-eabi/7.3.1/../../../../arm-none-eabi/lib/thumb/v7-m\libg_nano.a(lib_a-memset.o)

.debug_str      0x0000000000000000    0x17a72
 *(.debug_str)
 .debug_str     0x0000000000000000       0xbc ./hal/CortexM3/GNU/hal.o
 .debug_str     0x00000000000000bc       0x24 ./hal/CortexM3/GNU/hw_reg_access.o
                                         0xc6 (size before relaxing)
 .debug_str     0x00000000000000e0     0xd5ee ./drivers_config/mss_spi/mss_spi.o
                                       0xda8e (size before relaxing)
 .debug_str     0x000000000000d6ce     0x16ba ./drivers/mss_uart/mss_uart.o
                                       0xbd69 (size before relaxing)
 .debug_str     0x000000000000ed88      0x4d8 ./drivers/mss_sys_services/mss_comblk.o
                                       0xa141 (size before relaxing)
 .debug_str     0x000000000000f260     0x1472 ./drivers/mss_pdma/mss_pdma.o
                                       0xb772 (size before relaxing)
 .debug_str     0x00000000000106d2      0xbf2 ./drivers/mss_i2c/mss_i2c.o
                                       0xdbec (size before relaxing)
 .debug_str     0x00000000000112c4      0x754 ./drivers/mss_hpdma/mss_hpdma.o
                                       0xaa5b (size before relaxing)
 .debug_str     0x0000000000011a18      0x929 ./drivers/mss_gpio/mss_gpio.o
                                       0xacaf (size before relaxing)
 .debug_str     0x0000000000012341     0x15bc ./drivers/CoreI2C/core_i2c.o
                                       0xee5d (size before relaxing)
 .debug_str     0x00000000000138fd       0x72 ./drivers/CoreI2C/i2c_interrupt.o
                                       0xa6c0 (size before relaxing)
 .debug_str     0x000000000001396f      0x8e6 ./Header_C_files/Utils/utils.o
                                       0xe60f (size before relaxing)
 .debug_str     0x0000000000014255     0x1d3c ./Header_C_files/Seq_ops/main.o
                                      0x10f64 (size before relaxing)
 .debug_str     0x0000000000015f91      0x340 ./Header_C_files/SPI_Flash/spi_flash.o
                                      0x107d1 (size before relaxing)
 .debug_str     0x00000000000162d1      0x260 ./Header_C_files/SENSOR_BOARD/sensor_board.o
                                      0x10de5 (size before relaxing)
 .debug_str     0x0000000000016531      0x309 ./Header_C_files/SD_CARD/sd.o
                                       0xf230 (size before relaxing)
 .debug_str     0x000000000001683a       0xf0 ./Header_C_files/RTC/rtc.o
                                       0xb27b (size before relaxing)
 .debug_str     0x000000000001692a       0x9b ./Header_C_files/PSLV_UART/pslv_uart.o
                                       0xe885 (size before relaxing)
 .debug_str     0x00000000000169c5      0x107 ./Header_C_files/I2C/i2c.o
                                       0xb40f (size before relaxing)
 .debug_str     0x0000000000016acc       0x3c ./Header_C_files/GPIOs/gpios.o
                                       0x9d10 (size before relaxing)
 .debug_str     0x0000000000016b08      0x941 ./Header_C_files/EPS/eps.o
                                       0xff4d (size before relaxing)
 .debug_str     0x0000000000017449       0xb6 ./Header_C_files/CCSDS/ccsds.o
                                       0xb287 (size before relaxing)
 .debug_str     0x00000000000174ff       0x26 ./CMSIS/startup_gcc/startup_m2sxxx.o
                                         0xc8 (size before relaxing)
 .debug_str     0x0000000000017525      0x54d ./CMSIS/system_m2sxxx.o
                                       0xa12b (size before relaxing)

.debug_loc
 *(.debug_loc)

.debug_macinfo
 *(.debug_macinfo)

.debug_weaknames
 *(.debug_weaknames)

.debug_funcnames
 *(.debug_funcnames)

.debug_typenames
 *(.debug_typenames)

.debug_varnames
 *(.debug_varnames)

.note.gnu.arm.ident
 *(.note.gnu.arm.ident)

.ARM.attributes
                0x0000000000000000       0x29
 *(.ARM.attributes)
 .ARM.attributes
                0x0000000000000000       0x1d c:/microsemi/softconsole_v6.0/arm-none-eabi-gcc/bin/../lib/gcc/arm-none-eabi/7.3.1/thumb/v7-m/crti.o
 .ARM.attributes
                0x000000000000001d       0x2d c:/microsemi/softconsole_v6.0/arm-none-eabi-gcc/bin/../lib/gcc/arm-none-eabi/7.3.1/thumb/v7-m/crtbegin.o
 .ARM.attributes
                0x000000000000004a       0x1b c:/microsemi/softconsole_v6.0/arm-none-eabi-gcc/bin/../lib/gcc/arm-none-eabi/7.3.1/../../../../arm-none-eabi/lib/thumb/v7-m/crt0.o
 .ARM.attributes
                0x0000000000000065       0x21 ./hal/CortexM3/GNU/hal.o
 .ARM.attributes
                0x0000000000000086       0x21 ./hal/CortexM3/GNU/hw_reg_access.o
 .ARM.attributes
                0x00000000000000a7       0x33 ./hal/CortexM3/cortex_nvic.o
 .ARM.attributes
                0x00000000000000da       0x33 ./drivers_config/sys_config/sys_config.o
 .ARM.attributes
                0x000000000000010d       0x33 ./drivers_config/mss_spi/mss_spi.o
 .ARM.attributes
                0x0000000000000140       0x33 ./drivers/mss_uart/mss_uart.o
 .ARM.attributes
                0x0000000000000173       0x33 ./drivers/mss_sys_services/mss_comblk.o
 .ARM.attributes
                0x00000000000001a6       0x33 ./drivers/mss_sys_services/mss_sys_services.o
 .ARM.attributes
                0x00000000000001d9       0x33 ./drivers/mss_pdma/mss_pdma.o
 .ARM.attributes
                0x000000000000020c       0x33 ./drivers/mss_nvm/mss_nvm.o
 .ARM.attributes
                0x000000000000023f       0x33 ./drivers/mss_i2c/mss_i2c.o
 .ARM.attributes
                0x0000000000000272       0x33 ./drivers/mss_hpdma/mss_hpdma.o
 .ARM.attributes
                0x00000000000002a5       0x33 ./drivers/mss_gpio/mss_gpio.o
 .ARM.attributes
                0x00000000000002d8       0x33 ./drivers/CoreUARTapb/core_uart_apb.o
 .ARM.attributes
                0x000000000000030b       0x33 ./drivers/CoreSPI/core_spi.o
 .ARM.attributes
                0x000000000000033e       0x33 ./drivers/CoreI2C/core_i2c.o
 .ARM.attributes
                0x0000000000000371       0x33 ./drivers/CoreI2C/i2c_interrupt.o
 .ARM.attributes
                0x00000000000003a4       0x33 ./Header_C_files/Utils/utils.o
 .ARM.attributes
                0x00000000000003d7       0x33 ./Header_C_files/Seq_ops/main.o
 .ARM.attributes
                0x000000000000040a       0x33 ./Header_C_files/SPI_Flash/spi_flash.o
 .ARM.attributes
                0x000000000000043d       0x33 ./Header_C_files/SENSOR_BOARD/sensor_board.o
 .ARM.attributes
                0x0000000000000470       0x33 ./Header_C_files/SD_CARD/sd.o
 .ARM.attributes
                0x00000000000004a3       0x33 ./Header_C_files/RTC/rtc.o
 .ARM.attributes
                0x00000000000004d6       0x33 ./Header_C_files/PSLV_UART/pslv_uart.o
 .ARM.attributes
                0x0000000000000509       0x33 ./Header_C_files/I2C/i2c.o
 .ARM.attributes
                0x000000000000053c       0x33 ./Header_C_files/GPIOs/gpios.o
 .ARM.attributes
                0x000000000000056f       0x33 ./Header_C_files/EPS/eps.o
 .ARM.attributes
                0x00000000000005a2       0x33 ./Header_C_files/CCSDS/ccsds.o
 .ARM.attributes
                0x00000000000005d5       0x33 ./CMSIS/startup_gcc/newlib_stubs.o
 .ARM.attributes
                0x0000000000000608       0x21 ./CMSIS/startup_gcc/startup_m2sxxx.o
 .ARM.attributes
                0x0000000000000629       0x33 ./CMSIS/system_m2sxxx.o
 .ARM.attributes
                0x000000000000065c       0x1d c:/microsemi/softconsole_v6.0/arm-none-eabi-gcc/bin/../lib/gcc/arm-none-eabi/7.3.1/thumb/v7-m\libgcc.a(_arm_addsubsf3.o)
 .ARM.attributes
                0x0000000000000679       0x1d c:/microsemi/softconsole_v6.0/arm-none-eabi-gcc/bin/../lib/gcc/arm-none-eabi/7.3.1/thumb/v7-m\libgcc.a(_arm_fixunssfsi.o)
 .ARM.attributes
                0x0000000000000696       0x1d c:/microsemi/softconsole_v6.0/arm-none-eabi-gcc/bin/../lib/gcc/arm-none-eabi/7.3.1/thumb/v7-m\libgcc.a(_aeabi_uldivmod.o)
 .ARM.attributes
                0x00000000000006b3       0x2d c:/microsemi/softconsole_v6.0/arm-none-eabi-gcc/bin/../lib/gcc/arm-none-eabi/7.3.1/thumb/v7-m\libgcc.a(_udivmoddi4.o)
 .ARM.attributes
                0x00000000000006e0       0x1d c:/microsemi/softconsole_v6.0/arm-none-eabi-gcc/bin/../lib/gcc/arm-none-eabi/7.3.1/thumb/v7-m\libgcc.a(_dvmd_tls.o)
 .ARM.attributes
                0x00000000000006fd       0x2d c:/microsemi/softconsole_v6.0/arm-none-eabi-gcc/bin/../lib/gcc/arm-none-eabi/7.3.1/../../../../arm-none-eabi/lib/thumb/v7-m\libg_nano.a(lib_a-errno.o)
 .ARM.attributes
                0x000000000000072a       0x2d c:/microsemi/softconsole_v6.0/arm-none-eabi-gcc/bin/../lib/gcc/arm-none-eabi/7.3.1/../../../../arm-none-eabi/lib/thumb/v7-m\libg_nano.a(lib_a-exit.o)
 .ARM.attributes
                0x0000000000000757       0x2d c:/microsemi/softconsole_v6.0/arm-none-eabi-gcc/bin/../lib/gcc/arm-none-eabi/7.3.1/../../../../arm-none-eabi/lib/thumb/v7-m\libg_nano.a(lib_a-impure.o)
 .ARM.attributes
                0x0000000000000784       0x2d c:/microsemi/softconsole_v6.0/arm-none-eabi-gcc/bin/../lib/gcc/arm-none-eabi/7.3.1/../../../../arm-none-eabi/lib/thumb/v7-m\libg_nano.a(lib_a-init.o)
 .ARM.attributes
                0x00000000000007b1       0x2d c:/microsemi/softconsole_v6.0/arm-none-eabi-gcc/bin/../lib/gcc/arm-none-eabi/7.3.1/../../../../arm-none-eabi/lib/thumb/v7-m\libg_nano.a(lib_a-memcpy-stub.o)
 .ARM.attributes
                0x00000000000007de       0x2d c:/microsemi/softconsole_v6.0/arm-none-eabi-gcc/bin/../lib/gcc/arm-none-eabi/7.3.1/../../../../arm-none-eabi/lib/thumb/v7-m\libg_nano.a(lib_a-memset.o)
 .ARM.attributes
                0x000000000000080b       0x2d c:/microsemi/softconsole_v6.0/arm-none-eabi-gcc/bin/../lib/gcc/arm-none-eabi/7.3.1/thumb/v7-m/crtend.o
 .ARM.attributes
                0x0000000000000838       0x1d c:/microsemi/softconsole_v6.0/arm-none-eabi-gcc/bin/../lib/gcc/arm-none-eabi/7.3.1/thumb/v7-m/crtn.o

/DISCARD/
 *(.note.GNU-stack)
OUTPUT(test.elf elf32-littlearm)

.debug_ranges   0x0000000000000000      0xb40
 .debug_ranges  0x0000000000000000       0xd0 ./drivers_config/mss_spi/mss_spi.o
 .debug_ranges  0x00000000000000d0      0x1d8 ./drivers/mss_uart/mss_uart.o
 .debug_ranges  0x00000000000002a8       0xd0 ./drivers/mss_sys_services/mss_comblk.o
 .debug_ranges  0x0000000000000378       0x68 ./drivers/mss_pdma/mss_pdma.o
 .debug_ranges  0x00000000000003e0      0x118 ./drivers/mss_i2c/mss_i2c.o
 .debug_ranges  0x00000000000004f8       0x70 ./drivers/mss_hpdma/mss_hpdma.o
 .debug_ranges  0x0000000000000568       0x58 ./drivers/mss_gpio/mss_gpio.o
 .debug_ranges  0x00000000000005c0      0x100 ./drivers/CoreI2C/core_i2c.o
 .debug_ranges  0x00000000000006c0       0x28 ./drivers/CoreI2C/i2c_interrupt.o
 .debug_ranges  0x00000000000006e8       0xd0 ./Header_C_files/Utils/utils.o
 .debug_ranges  0x00000000000007b8       0x90 ./Header_C_files/Seq_ops/main.o
 .debug_ranges  0x0000000000000848       0x88 ./Header_C_files/SPI_Flash/spi_flash.o
 .debug_ranges  0x00000000000008d0       0x40 ./Header_C_files/SENSOR_BOARD/sensor_board.o
 .debug_ranges  0x0000000000000910       0x88 ./Header_C_files/SD_CARD/sd.o
 .debug_ranges  0x0000000000000998       0x68 ./Header_C_files/RTC/rtc.o
 .debug_ranges  0x0000000000000a00       0x30 ./Header_C_files/PSLV_UART/pslv_uart.o
 .debug_ranges  0x0000000000000a30       0x48 ./Header_C_files/I2C/i2c.o
 .debug_ranges  0x0000000000000a78       0x10 ./Header_C_files/GPIOs/gpios.o
 .debug_ranges  0x0000000000000a88       0x40 ./Header_C_files/EPS/eps.o
 .debug_ranges  0x0000000000000ac8       0x20 ./Header_C_files/CCSDS/ccsds.o
 .debug_ranges  0x0000000000000ae8       0x58 ./CMSIS/system_m2sxxx.o

.debug_macro    0x0000000000000000     0x49b2
 .debug_macro   0x0000000000000000      0x190 ./drivers_config/mss_spi/mss_spi.o
 .debug_macro   0x0000000000000190      0x107 ./drivers_config/mss_spi/mss_spi.o
 .debug_macro   0x0000000000000297      0x174 ./drivers_config/mss_spi/mss_spi.o
 .debug_macro   0x000000000000040b       0x58 ./drivers_config/mss_spi/mss_spi.o
 .debug_macro   0x0000000000000463       0x1f ./drivers_config/mss_spi/mss_spi.o
 .debug_macro   0x0000000000000482       0x43 ./drivers_config/mss_spi/mss_spi.o
 .debug_macro   0x00000000000004c5       0x20 ./drivers_config/mss_spi/mss_spi.o
 .debug_macro   0x00000000000004e5      0x18e ./drivers_config/mss_spi/mss_spi.o
 .debug_macro   0x0000000000000673      0x330 ./drivers_config/mss_spi/mss_spi.o
 .debug_macro   0x00000000000009a3       0x10 ./drivers_config/mss_spi/mss_spi.o
 .debug_macro   0x00000000000009b3       0x35 ./drivers_config/mss_spi/mss_spi.o
 .debug_macro   0x00000000000009e8      0x185 ./drivers/mss_uart/mss_uart.o
 .debug_macro   0x0000000000000b6d      0x177 ./drivers/mss_uart/mss_uart.o
 .debug_macro   0x0000000000000ce4       0xe2 ./drivers/mss_uart/mss_uart.o
 .debug_macro   0x0000000000000dc6       0x22 ./drivers/mss_uart/mss_uart.o
 .debug_macro   0x0000000000000de8      0x168 ./drivers/mss_sys_services/mss_comblk.o
 .debug_macro   0x0000000000000f50      0x1a1 ./drivers/mss_pdma/mss_pdma.o
 .debug_macro   0x00000000000010f1      0x273 ./drivers/mss_pdma/mss_pdma.o
 .debug_macro   0x0000000000001364      0x299 ./drivers/mss_i2c/mss_i2c.o
 .debug_macro   0x00000000000015fd       0x27 ./drivers/mss_i2c/mss_i2c.o
 .debug_macro   0x0000000000001624      0x151 ./drivers/mss_hpdma/mss_hpdma.o
 .debug_macro   0x0000000000001775       0x5e ./drivers/mss_hpdma/mss_hpdma.o
 .debug_macro   0x00000000000017d3       0x94 ./drivers/mss_hpdma/mss_hpdma.o
 .debug_macro   0x0000000000001867       0x57 ./drivers/mss_hpdma/mss_hpdma.o
 .debug_macro   0x00000000000018be       0x10 ./drivers/mss_hpdma/mss_hpdma.o
 .debug_macro   0x00000000000018ce      0x10f ./drivers/mss_gpio/mss_gpio.o
 .debug_macro   0x00000000000019dd      0x11c ./drivers/mss_gpio/mss_gpio.o
 .debug_macro   0x0000000000001af9      0x2e2 ./drivers/CoreI2C/core_i2c.o
 .debug_macro   0x0000000000001ddb      0x1c1 ./drivers/CoreI2C/core_i2c.o
 .debug_macro   0x0000000000001f9c       0x3c ./drivers/CoreI2C/core_i2c.o
 .debug_macro   0x0000000000001fd8       0x16 ./drivers/CoreI2C/core_i2c.o
 .debug_macro   0x0000000000001fee       0x3a ./drivers/CoreI2C/core_i2c.o
 .debug_macro   0x0000000000002028       0xd0 ./drivers/CoreI2C/core_i2c.o
 .debug_macro   0x00000000000020f8      0x130 ./drivers/CoreI2C/i2c_interrupt.o
 .debug_macro   0x0000000000002228       0x35 ./drivers/CoreI2C/i2c_interrupt.o
 .debug_macro   0x000000000000225d      0x204 ./Header_C_files/Utils/utils.o
 .debug_macro   0x0000000000002461       0x5e ./Header_C_files/Utils/utils.o
 .debug_macro   0x00000000000024bf       0x7c ./Header_C_files/Utils/utils.o
 .debug_macro   0x000000000000253b       0x1c ./Header_C_files/Utils/utils.o
 .debug_macro   0x0000000000002557      0x303 ./Header_C_files/Seq_ops/main.o
 .debug_macro   0x000000000000285a       0xd0 ./Header_C_files/Seq_ops/main.o
 .debug_macro   0x000000000000292a      0x154 ./Header_C_files/Seq_ops/main.o
 .debug_macro   0x0000000000002a7e       0x46 ./Header_C_files/Seq_ops/main.o
 .debug_macro   0x0000000000002ac4       0x10 ./Header_C_files/Seq_ops/main.o
 .debug_macro   0x0000000000002ad4      0x160 ./Header_C_files/Seq_ops/main.o
 .debug_macro   0x0000000000002c34       0x3a ./Header_C_files/Seq_ops/main.o
 .debug_macro   0x0000000000002c6e       0xca ./Header_C_files/Seq_ops/main.o
 .debug_macro   0x0000000000002d38       0xd6 ./Header_C_files/Seq_ops/main.o
 .debug_macro   0x0000000000002e0e       0x16 ./Header_C_files/Seq_ops/main.o
 .debug_macro   0x0000000000002e24       0x16 ./Header_C_files/Seq_ops/main.o
 .debug_macro   0x0000000000002e3a       0x29 ./Header_C_files/Seq_ops/main.o
 .debug_macro   0x0000000000002e63      0x269 ./Header_C_files/SPI_Flash/spi_flash.o
 .debug_macro   0x00000000000030cc      0x160 ./Header_C_files/SPI_Flash/spi_flash.o
 .debug_macro   0x000000000000322c      0x10e ./Header_C_files/SPI_Flash/spi_flash.o
 .debug_macro   0x000000000000333a       0x8d ./Header_C_files/SPI_Flash/spi_flash.o
 .debug_macro   0x00000000000033c7       0x16 ./Header_C_files/SPI_Flash/spi_flash.o
 .debug_macro   0x00000000000033dd      0x2ba ./Header_C_files/SENSOR_BOARD/sensor_board.o
 .debug_macro   0x0000000000003697       0xd0 ./Header_C_files/SENSOR_BOARD/sensor_board.o
 .debug_macro   0x0000000000003767       0x16 ./Header_C_files/SENSOR_BOARD/sensor_board.o
 .debug_macro   0x000000000000377d       0x40 ./Header_C_files/SENSOR_BOARD/sensor_board.o
 .debug_macro   0x00000000000037bd      0x218 ./Header_C_files/SD_CARD/sd.o
 .debug_macro   0x00000000000039d5       0x46 ./Header_C_files/SD_CARD/sd.o
 .debug_macro   0x0000000000003a1b       0xd0 ./Header_C_files/SD_CARD/sd.o
 .debug_macro   0x0000000000003aeb      0x15a ./Header_C_files/SD_CARD/sd.o
 .debug_macro   0x0000000000003c45      0x10d ./Header_C_files/RTC/rtc.o
 .debug_macro   0x0000000000003d52      0x219 ./Header_C_files/PSLV_UART/pslv_uart.o
 .debug_macro   0x0000000000003f6b      0x12b ./Header_C_files/I2C/i2c.o
 .debug_macro   0x0000000000004096       0x16 ./Header_C_files/I2C/i2c.o
 .debug_macro   0x00000000000040ac       0xc9 ./Header_C_files/GPIOs/gpios.o
 .debug_macro   0x0000000000004175      0x253 ./Header_C_files/EPS/eps.o
 .debug_macro   0x00000000000043c8      0x154 ./Header_C_files/EPS/eps.o
 .debug_macro   0x000000000000451c      0x1e1 ./Header_C_files/EPS/eps.o
 .debug_macro   0x00000000000046fd      0x126 ./Header_C_files/CCSDS/ccsds.o
 .debug_macro   0x0000000000004823       0x1c ./Header_C_files/CCSDS/ccsds.o
 .debug_macro   0x000000000000483f      0x173 ./CMSIS/system_m2sxxx.o

.comment        0x0000000000000000       0x71
 .comment       0x0000000000000000       0x71 ./drivers_config/mss_spi/mss_spi.o
                                         0x72 (size before relaxing)
 .comment       0x0000000000000071       0x72 ./drivers/mss_uart/mss_uart.o
 .comment       0x0000000000000071       0x72 ./drivers/mss_sys_services/mss_comblk.o
 .comment       0x0000000000000071       0x72 ./drivers/mss_pdma/mss_pdma.o
 .comment       0x0000000000000071       0x72 ./drivers/mss_i2c/mss_i2c.o
 .comment       0x0000000000000071       0x72 ./drivers/mss_hpdma/mss_hpdma.o
 .comment       0x0000000000000071       0x72 ./drivers/mss_gpio/mss_gpio.o
 .comment       0x0000000000000071       0x72 ./drivers/CoreI2C/core_i2c.o
 .comment       0x0000000000000071       0x72 ./drivers/CoreI2C/i2c_interrupt.o
 .comment       0x0000000000000071       0x72 ./Header_C_files/Utils/utils.o
 .comment       0x0000000000000071       0x72 ./Header_C_files/Seq_ops/main.o
 .comment       0x0000000000000071       0x72 ./Header_C_files/SPI_Flash/spi_flash.o
 .comment       0x0000000000000071       0x72 ./Header_C_files/SENSOR_BOARD/sensor_board.o
 .comment       0x0000000000000071       0x72 ./Header_C_files/SD_CARD/sd.o
 .comment       0x0000000000000071       0x72 ./Header_C_files/RTC/rtc.o
 .comment       0x0000000000000071       0x72 ./Header_C_files/PSLV_UART/pslv_uart.o
 .comment       0x0000000000000071       0x72 ./Header_C_files/I2C/i2c.o
 .comment       0x0000000000000071       0x72 ./Header_C_files/GPIOs/gpios.o
 .comment       0x0000000000000071       0x72 ./Header_C_files/EPS/eps.o
 .comment       0x0000000000000071       0x72 ./Header_C_files/CCSDS/ccsds.o
 .comment       0x0000000000000071       0x72 ./CMSIS/system_m2sxxx.o
