14:09:41 **** Incremental Build of configuration Debug_ENVM for project example_i2c ****
make all 
Building file: ../main.c
Invoking: GNU ARM Cross C Compiler
arm-none-eabi-gcc -mcpu=cortex-m3 -mthumb -O0 -fmessage-length=0 -fsigned-char -ffunction-sections -fdata-sections  -g3 -I"C:\Users\InspireSat4\Documents\IS1\IS1_hw_redesign\is1_hw_redesign_firmware_v4\IS1_FSW_wksps\example_i2c\hal\CortexM3" -I"C:\Users\InspireSat4\Documents\IS1\IS1_hw_redesign\is1_hw_redesign_firmware_v4\IS1_FSW_wksps\example_i2c\hal\CortexM3\GNU" -I"C:\Users\InspireSat4\Documents\IS1\IS1_hw_redesign\is1_hw_redesign_firmware_v4\IS1_FSW_wksps\example_i2c\CMSIS" -I"C:\Users\InspireSat4\Documents\IS1\IS1_hw_redesign\is1_hw_redesign_firmware_v4\IS1_FSW_wksps\example_i2c\CMSIS\startup_gcc" -I"C:\Users\InspireSat4\Documents\IS1\IS1_hw_redesign\is1_hw_redesign_firmware_v4\IS1_FSW_wksps\example_i2c\drivers\mss_gpio" -I"C:\Users\InspireSat4\Documents\IS1\IS1_hw_redesign\is1_hw_redesign_firmware_v4\IS1_FSW_wksps\example_i2c\hal" -std=gnu11 --specs=cmsis.specs -MMD -MP -MF"main.d" -MT"main.o" -c -o "main.o" "../main.c"
Finished building: ../main.c
 
Building target: example_i2c.elf
Invoking: GNU ARM Cross C Linker
arm-none-eabi-gcc -mcpu=cortex-m3 -mthumb -O0 -fmessage-length=0 -fsigned-char -ffunction-sections -fdata-sections  -g3 -T "C:\Users\InspireSat4\Documents\IS1\IS1_hw_redesign\is1_hw_redesign_firmware_v4\IS1_FSW_wksps\example_i2c\CMSIS\startup_gcc\debug-in-microsemi-smartfusion2-envm.ld" -Xlinker --gc-sections -Wl,-Map,"example_i2c.map" --specs=nano.specs -o "example_i2c.elf"  ./peripherals/apbuart.o ./peripherals/rtc.o  ./hal/CortexM3/GNU/hal.o ./hal/CortexM3/GNU/hw_reg_access.o  ./hal/CortexM3/cortex_nvic.o  ./drivers_config/sys_config/sys_config.o  ./drivers/mss_uart/mss_uart.o  ./drivers/mss_sys_services/mss_comblk.o ./drivers/mss_sys_services/mss_sys_services.o  ./drivers/mss_spi/mss_spi.o  ./drivers/mss_nvm/mss_nvm.o  ./drivers/mss_hpdma/mss_hpdma.o  ./drivers/mss_gpio/mss_gpio.o  ./Utils/utils.o  ./CMSIS/startup_gcc/newlib_stubs.o ./CMSIS/startup_gcc/startup_m2sxxx.o  ./CMSIS/system_m2sxxx.o  ./main.o   
Finished building target: example_i2c.elf
 
Invoking: GNU ARM Cross Create Flash Image
arm-none-eabi-objcopy -O ihex "example_i2c.elf"  "example_i2c.hex"
Finished building: example_i2c.hex
 
Invoking: GNU ARM Cross Print Size
arm-none-eabi-size --format=berkeley "example_i2c.elf"
   text	   data	    bss	    dec	    hex	filename
   6960	     16	  65520	  72496	  11b30	example_i2c.elf
Finished building: example_i2c.siz
 

14:09:47 Build Finished. 0 errors, 0 warnings. (took 6s.10ms)

