17:57:47 **** Build of configuration Debug_ENVM for project simple_blink ****
make all 
Building file: ../peripherals/rtc.c
Invoking: Cross ARM C Compiler
arm-none-eabi-gcc -mcpu=cortex-m3 -mthumb -O0 -fmessage-length=0 -fsigned-char -ffunction-sections -fdata-sections  -g3 -I../hal -I../hal/CortexM3 -I../hal/CortexM3/GNU -I../CMSIS -I../CMSIS/startup_gcc -I../drivers/mss_gpio -std=gnu11 --specs=cmsis.specs -MMD -MP -MF"peripherals/rtc.d" -MT"peripherals/rtc.o" -c -o "peripherals/rtc.o" "../peripherals/rtc.c"
Finished building: ../peripherals/rtc.c
 
Building file: ../Utils/utils.c
Invoking: Cross ARM C Compiler
arm-none-eabi-gcc -mcpu=cortex-m3 -mthumb -O0 -fmessage-length=0 -fsigned-char -ffunction-sections -fdata-sections  -g3 -I../hal -I../hal/CortexM3 -I../hal/CortexM3/GNU -I../CMSIS -I../CMSIS/startup_gcc -I../drivers/mss_gpio -std=gnu11 --specs=cmsis.specs -MMD -MP -MF"Utils/utils.d" -MT"Utils/utils.o" -c -o "Utils/utils.o" "../Utils/utils.c"
Finished building: ../Utils/utils.c
 
Building file: ../main.c
Invoking: Cross ARM C Compiler
arm-none-eabi-gcc -mcpu=cortex-m3 -mthumb -O0 -fmessage-length=0 -fsigned-char -ffunction-sections -fdata-sections  -g3 -I../hal -I../hal/CortexM3 -I../hal/CortexM3/GNU -I../CMSIS -I../CMSIS/startup_gcc -I../drivers/mss_gpio -std=gnu11 --specs=cmsis.specs -MMD -MP -MF"main.d" -MT"main.o" -c -o "main.o" "../main.c"
Finished building: ../main.c
 
Building target: simple_blink.elf
Invoking: Cross ARM C Linker
arm-none-eabi-gcc -mcpu=cortex-m3 -mthumb -O0 -fmessage-length=0 -fsigned-char -ffunction-sections -fdata-sections  -g3 -T "C:\Users\InspireSat4\Documents\IS1\IS1_hw_redesign\is1_hw_redesign_firmware_v4\IS1_FSW_wksps\simple_blink\CMSIS\startup_gcc\debug-in-microsemi-smartfusion2-envm.ld" -Xlinker --gc-sections -Wl,-Map,"simple_blink.map" --specs=nano.specs -o "simple_blink.elf"  ./peripherals/apbuart.o ./peripherals/rtc.o  ./hal/CortexM3/GNU/hal.o ./hal/CortexM3/GNU/hw_reg_access.o  ./hal/CortexM3/cortex_nvic.o  ./drivers_config/sys_config/sys_config.o  ./drivers/mss_uart/mss_uart.o  ./drivers/mss_sys_services/mss_comblk.o ./drivers/mss_sys_services/mss_sys_services.o  ./drivers/mss_spi/mss_spi.o  ./drivers/mss_nvm/mss_nvm.o  ./drivers/mss_hpdma/mss_hpdma.o  ./drivers/mss_gpio/mss_gpio.o  ./Utils/utils.o  ./CMSIS/startup_gcc/newlib_stubs.o ./CMSIS/startup_gcc/startup_m2sxxx.o  ./CMSIS/system_m2sxxx.o  ./main.o   
Finished building target: simple_blink.elf
 
Invoking: Cross ARM GNU Create Flash Image
arm-none-eabi-objcopy -O ihex "simple_blink.elf"  "simple_blink.hex"
Finished building: simple_blink.hex
 
Invoking: Cross ARM GNU Print Size
arm-none-eabi-size --format=berkeley "simple_blink.elf"
   text	   data	    bss	    dec	    hex	filename
   6960	     16	  65520	  72496	  11b30	simple_blink.elf
Finished building: simple_blink.siz
 

17:57:54 Build Finished. 0 errors, 0 warnings. (took 7s.527ms)

