Archive member included to satisfy reference by file (symbol)

c:/microsemi/softconsole_v6.0/arm-none-eabi-gcc/bin/../lib/gcc/arm-none-eabi/7.3.1/thumb/v7-m\libgcc.a(_arm_addsubsf3.o)
                              ./Header_C_files/Utils/utils.o (__aeabi_i2f)
c:/microsemi/softconsole_v6.0/arm-none-eabi-gcc/bin/../lib/gcc/arm-none-eabi/7.3.1/thumb/v7-m\libgcc.a(_arm_fixunssfsi.o)
                              ./Header_C_files/Utils/utils.o (__aeabi_f2uiz)
c:/microsemi/softconsole_v6.0/arm-none-eabi-gcc/bin/../lib/gcc/arm-none-eabi/7.3.1/thumb/v7-m\libgcc.a(_aeabi_uldivmod.o)
                              ./Header_C_files/Test/test.o (__aeabi_uldivmod)
c:/microsemi/softconsole_v6.0/arm-none-eabi-gcc/bin/../lib/gcc/arm-none-eabi/7.3.1/thumb/v7-m\libgcc.a(_udivmoddi4.o)
                              c:/microsemi/softconsole_v6.0/arm-none-eabi-gcc/bin/../lib/gcc/arm-none-eabi/7.3.1/thumb/v7-m\libgcc.a(_aeabi_uldivmod.o) (__udivmoddi4)
c:/microsemi/softconsole_v6.0/arm-none-eabi-gcc/bin/../lib/gcc/arm-none-eabi/7.3.1/thumb/v7-m\libgcc.a(_dvmd_tls.o)
                              c:/microsemi/softconsole_v6.0/arm-none-eabi-gcc/bin/../lib/gcc/arm-none-eabi/7.3.1/thumb/v7-m\libgcc.a(_aeabi_uldivmod.o) (__aeabi_ldiv0)
c:/microsemi/softconsole_v6.0/arm-none-eabi-gcc/bin/../lib/gcc/arm-none-eabi/7.3.1/../../../../arm-none-eabi/lib/thumb/v7-m\libg_nano.a(lib_a-errno.o)
                              ./CMSIS/startup_gcc/newlib_stubs.o (__errno)
c:/microsemi/softconsole_v6.0/arm-none-eabi-gcc/bin/../lib/gcc/arm-none-eabi/7.3.1/../../../../arm-none-eabi/lib/thumb/v7-m\libg_nano.a(lib_a-exit.o)
                              c:/microsemi/softconsole_v6.0/arm-none-eabi-gcc/bin/../lib/gcc/arm-none-eabi/7.3.1/../../../../arm-none-eabi/lib/thumb/v7-m/crt0.o (exit)
c:/microsemi/softconsole_v6.0/arm-none-eabi-gcc/bin/../lib/gcc/arm-none-eabi/7.3.1/../../../../arm-none-eabi/lib/thumb/v7-m\libg_nano.a(lib_a-impure.o)
                              c:/microsemi/softconsole_v6.0/arm-none-eabi-gcc/bin/../lib/gcc/arm-none-eabi/7.3.1/../../../../arm-none-eabi/lib/thumb/v7-m\libg_nano.a(lib_a-exit.o) (_global_impure_ptr)
c:/microsemi/softconsole_v6.0/arm-none-eabi-gcc/bin/../lib/gcc/arm-none-eabi/7.3.1/../../../../arm-none-eabi/lib/thumb/v7-m\libg_nano.a(lib_a-init.o)
                              c:/microsemi/softconsole_v6.0/arm-none-eabi-gcc/bin/../lib/gcc/arm-none-eabi/7.3.1/../../../../arm-none-eabi/lib/thumb/v7-m/crt0.o (__libc_init_array)
c:/microsemi/softconsole_v6.0/arm-none-eabi-gcc/bin/../lib/gcc/arm-none-eabi/7.3.1/../../../../arm-none-eabi/lib/thumb/v7-m\libg_nano.a(lib_a-memcpy-stub.o)
                              ./drivers/mss_sys_services/mss_sys_services.o (memcpy)
c:/microsemi/softconsole_v6.0/arm-none-eabi-gcc/bin/../lib/gcc/arm-none-eabi/7.3.1/../../../../arm-none-eabi/lib/thumb/v7-m\libg_nano.a(lib_a-memset.o)
                              c:/microsemi/softconsole_v6.0/arm-none-eabi-gcc/bin/../lib/gcc/arm-none-eabi/7.3.1/../../../../arm-none-eabi/lib/thumb/v7-m/crt0.o (memset)

Allocating common symbols
Common symbol       size              file

fifo_packet_wr_buf  0x9c              ./Header_C_files/PSLV_UART/pslv_uart.o
points              0xcc              ./Header_C_files/EPS/eps.o
flash_wr_buf        0x28              ./Header_C_files/SPI_Flash/spi_flash.o
FLASH_SPI           0x4               ./Header_C_files/SPI_Flash/spi_flash.o
flash_packet_rd_buf
                    0x9c              ./Header_C_files/SPI_Flash/spi_flash.o
g_core_i2c2         0x6c              ./Header_C_files/Test/test.o
rx_buff             0x1               ./Header_C_files/Test/test.o
g_core_i2c0         0x6c              ./Header_C_files/Test/test.o
SD_Status           0x1               ./Header_C_files/SD_CARD/sd.o
g_core_i2c1         0x6c              ./Header_C_files/Test/test.o
g_mss_spi1          0x84              ./drivers_config/mss_spi/mss_spi.o
instance            0x1               ./Header_C_files/Test/test.o
tmp_buff            0x200             ./Header_C_files/SD_CARD/sd.o
rtc_array           0x7               ./Header_C_files/SPI_Flash/spi_flash.o
rx_buffer_AS7265x_2
                    0x1               ./Header_C_files/SENSOR_BOARD/sensor_board.o
g_core_i2c3         0x6c              ./Header_C_files/Test/test.o
rx_buffer_EPS       0x2               ./Header_C_files/EPS/eps.o
g_mss_uart1         0x40              ./drivers/mss_uart/mss_uart.o
flash_rd_buf        0x28              ./Header_C_files/SPI_Flash/spi_flash.o
Beacon_pack_IS0     0x9c              ./drivers/CoreI2C/core_i2c.o
statusG             0x8               ./Header_C_files/Seq_ops/main.o
g_mss_i2c0          0x74              ./drivers/mss_i2c/mss_i2c.o
g_mss_uart0         0x40              ./drivers/mss_uart/mss_uart.o
SD_Beacon_Pack_Read_Array
                    0x202             ./Header_C_files/SD_CARD/sd.o
rx_buffer_VMEL      0x2               ./Header_C_files/SENSOR_BOARD/sensor_board.o
Read_Array_VMEL6075
[...]
Memory Configuration

Name             Origin             Length             Attributes
rom              0x0000000060000000 0x0000000000040000 xr
romMirror        0x0000000000000000 0x0000000000040000 xr
ram              0x0000000020000000 0x0000000000010000 xrw
*default*        0x0000000000000000 0xffffffffffffffff

Linker script and memory map

LOAD c:/microsemi/softconsole_v6.0/arm-none-eabi-gcc/bin/../lib/gcc/arm-none-eabi/7.3.1/thumb/v7-m/crti.o
LOAD c:/microsemi/softconsole_v6.0/arm-none-eabi-gcc/bin/../lib/gcc/arm-none-eabi/7.3.1/thumb/v7-m/crtbegin.o
LOAD c:/microsemi/softconsole_v6.0/arm-none-eabi-gcc/bin/../lib/gcc/arm-none-eabi/7.3.1/../../../../arm-none-eabi/lib/thumb/v7-m/crt0.o
LOAD ./hal/CortexM3/GNU/hal.o
LOAD ./hal/CortexM3/GNU/hw_reg_access.o
LOAD ./hal/CortexM3/cortex_nvic.o
LOAD ./drivers_config/sys_config/sys_config.o
LOAD ./drivers_config/mss_spi/mss_spi.o
LOAD ./drivers/mss_uart/mss_uart.o
LOAD ./drivers/mss_sys_services/mss_comblk.o
LOAD ./drivers/mss_sys_services/mss_sys_services.o
LOAD ./drivers/mss_pdma/mss_pdma.o
LOAD ./drivers/mss_nvm/mss_nvm.o
LOAD ./drivers/mss_i2c/mss_i2c.o
LOAD ./drivers/mss_hpdma/mss_hpdma.o
LOAD ./drivers/mss_gpio/mss_gpio.o
LOAD ./drivers/CoreUARTapb/core_uart_apb.o
LOAD ./drivers/CoreSPI/core_spi.o
LOAD ./drivers/CoreI2C/core_i2c.o
LOAD ./drivers/CoreI2C/i2c_interrupt.o
LOAD ./Header_C_files/Utils/utils.o
LOAD ./Header_C_files/Test/test.o
LOAD ./Header_C_files/Seq_ops/main.o
LOAD ./Header_C_files/SPI_Flash/spi_flash.o
LOAD ./Header_C_files/SENSOR_BOARD/sensor_board.o
LOAD ./Header_C_files/SD_CARD/sd.o
LOAD ./Header_C_files/RTC/rtc.o
LOAD ./Header_C_files/PSLV_UART/pslv_uart.o
LOAD ./Header_C_files/I2C/i2c.o
LOAD ./Header_C_files/GPIOs/gpios.o
LOAD ./Header_C_files/EPS/eps.o
LOAD ./Header_C_files/CCSDS/ccsds.o
LOAD ./CMSIS/startup_gcc/newlib_stubs.o
LOAD ./CMSIS/startup_gcc/startup_m2sxxx.o
LOAD ./CMSIS/system_m2sxxx.o
START GROUP
LOAD c:/microsemi/softconsole_v6.0/arm-none-eabi-gcc/bin/../lib/gcc/arm-none-eabi/7.3.1/thumb/v7-m\libgcc.a
LOAD c:/microsemi/softconsole_v6.0/arm-none-eabi-gcc/bin/../lib/gcc/arm-none-eabi/7.3.1/../../../../arm-none-eabi/lib/thumb/v7-m\libg_nano.a
LOAD c:/microsemi/softconsole_v6.0/arm-none-eabi-gcc/bin/../lib/gcc/arm-none-eabi/7.3.1/../../../../arm-none-eabi/lib/thumb/v7-m\libc_nano.a
END GROUP
START GROUP
LOAD c:/microsemi/softconsole_v6.0/arm-none-eabi-gcc/bin/../lib/gcc/arm-none-eabi/7.3.1/thumb/v7-m\libgcc.a
LOAD c:/microsemi/softconsole_v6.0/arm-none-eabi-gcc/bin/../lib/gcc/arm-none-eabi/7.3.1/../../../../arm-none-eabi/lib/thumb/v7-m\libc_nano.a
END GROUP
LOAD c:/microsemi/softconsole_v6.0/arm-none-eabi-gcc/bin/../lib/gcc/arm-none-eabi/7.3.1/thumb/v7-m/crtend.o
LOAD c:/microsemi/softconsole_v6.0/arm-none-eabi-gcc/bin/../lib/gcc/arm-none-eabi/7.3.1/thumb/v7-m/crtn.o
START GROUP
LOAD c:/microsemi/softconsole_v6.0/arm-none-eabi-gcc/bin/../lib/gcc/arm-none-eabi/7.3.1/../../../../arm-none-eabi/lib/thumb/v7-m\libc.a
LOAD c:/microsemi/softconsole_v6.0/arm-none-eabi-gcc/bin/../lib/gcc/arm-none-eabi/7.3.1/thumb/v7-m\libgcc.a
LOAD c:/microsemi/softconsole_v6.0/arm-none-eabi-gcc/bin/../lib/gcc/arm-none-eabi/7.3.1/../../../../arm-none-eabi/lib/thumb/v7-m\libm.a
END GROUP
                0x0000000000000000                __DYNAMIC = 0x0
                0x0000000020000000                RAM_START_ADDRESS = 0x20000000
                0x0000000000010000                RAM_SIZE = 0x10000
                0x0000000000001000                MAIN_STACK_SIZE = 0x1000
                0x0000000000001000                MIN_SIZE_HEAP = 0x1000
                0x0000000020010000                PROVIDE (__main_stack_start = (RAM_START_ADDRESS + RAM_SIZE))
                0x0000000020010000                PROVIDE (_estack = __main_stack_start)
                0x0000000000000001                PROVIDE (__mirrored_nvm = 0x1)
                0x0000000000000000                PROVIDE (__smartfusion2_memory_remap = 0x0)

.vector_table   0x0000000000000000      0x190 load address 0x0000000060000000
                0x0000000060000000                __vector_table_load = LOADADDR (.vector_table)
                0x0000000000000000                __vector_table_start = .
                0x0000000000000000                __vector_table_vma_base_address = .
 *(.isr_vector)
 .isr_vector    0x0000000000000000      0x190 ./CMSIS/startup_gcc/startup_m2sxxx.o
                0x0000000000000000                g_pfnVectors
                0x0000000000000190                . = ALIGN (0x10)
                0x0000000000000190                _evector_table = .

.boot_code      0x0000000000000190      0x570 load address 0x0000000060000190
 *(.boot_code)
 .boot_code     0x0000000000000190      0x31c ./CMSIS/startup_gcc/startup_m2sxxx.o
                0x0000000000000190                Reset_Handler
                0x000000000000037e                NMI_Handler
                0x0000000000000380                HardFault_Handler
                0x0000000000000382                MemManage_Handler
                0x0000000000000384                BusFault_Handler
                0x0000000000000386                UsageFault_Handler
                0x0000000000000388                SVC_Handler
                0x000000000000038a                DebugMon_Handler
                0x000000000000038c                PendSV_Handler
                0x0000000000000390                WdogWakeup_IRQHandler
                0x0000000000000392                RTC_Wakeup_IRQHandler
                0x000000000000039a                I2C0_SMBAlert_IRQHandler
                0x000000000000039c                I2C0_SMBus_IRQHandler
                0x00000000000003a0                I2C1_SMBAlert_IRQHandler
                0x00000000000003a2                I2C1_SMBus_IRQHandler
                0x00000000000003a8                EthernetMAC_IRQHandler
                0x00000000000003ac                Timer1_IRQHandler
                0x00000000000003ae                Timer2_IRQHandler
                0x00000000000003b0                CAN_IRQHandler
                0x00000000000003b2                ENVM0_IRQHandler
                0x00000000000003b4                ENVM1_IRQHandler
                0x00000000000003b8                USB_IRQHandler
                0x00000000000003ba                USB_DMA_IRQHandler
                0x00000000000003bc                PLL_Lock_IRQHandler
                0x00000000000003be                PLL_LockLost_IRQHandler
                0x00000000000003c0                CommSwitchError_IRQHandler
                0x00000000000003c2                CacheError_IRQHandler
                0x00000000000003c4                DDR_IRQHandler
                0x00000000000003ca                ECC_Error_IRQHandler
                0x00000000000003cc                MDDR_IOCalib_IRQHandler
                0x00000000000003ce                FAB_PLL_Lock_IRQHandler
                0x00000000000003d0                FAB_PLL_LockLost_IRQHandler
                0x00000000000003d2                FIC64_IRQHandler
                0x00000000000003dc                FabricIrq4_IRQHandler
                0x00000000000003de                FabricIrq5_IRQHandler
                0x00000000000003e0                FabricIrq6_IRQHandler
                0x00000000000003e2                FabricIrq7_IRQHandler
                0x00000000000003e4                FabricIrq8_IRQHandler
                0x00000000000003e6                FabricIrq9_IRQHandler
                0x00000000000003e8                FabricIrq10_IRQHandler
                0x00000000000003ea                FabricIrq11_IRQHandler
                0x00000000000003ec                FabricIrq12_IRQHandler
                0x00000000000003ee                FabricIrq13_IRQHandler
                0x00000000000003f0                FabricIrq14_IRQHandler
                0x00000000000003f2                FabricIrq15_IRQHandler
                0x00000000000003f4                GPIO0_IRQHandler
                0x00000000000003f6                GPIO1_IRQHandler
                0x00000000000003f8                GPIO2_IRQHandler
                0x00000000000003fa                GPIO3_IRQHandler
                0x00000000000003fc                GPIO4_IRQHandler
                0x00000000000003fe                GPIO5_IRQHandler
                0x0000000000000400                GPIO6_IRQHandler
                0x0000000000000402                GPIO7_IRQHandler
                0x0000000000000404                GPIO8_IRQHandler
                0x0000000000000406                GPIO9_IRQHandler
                0x0000000000000408                GPIO10_IRQHandler
                0x000000000000040a                GPIO11_IRQHandler
                0x000000000000040c                GPIO12_IRQHandler
                0x000000000000040e                GPIO13_IRQHandler
                0x0000000000000410                GPIO14_IRQHandler
                0x0000000000000412                GPIO15_IRQHandler
                0x0000000000000414                GPIO16_IRQHandler
                0x0000000000000416                GPIO17_IRQHandler
                0x0000000000000418                GPIO18_IRQHandler
                0x000000000000041a                GPIO19_IRQHandler
                0x000000000000041c                GPIO20_IRQHandler
                0x000000000000041e                GPIO21_IRQHandler
                0x0000000000000420                GPIO22_IRQHandler
                0x0000000000000422                GPIO23_IRQHandler
                0x0000000000000424                GPIO24_IRQHandler
                0x0000000000000426                GPIO25_IRQHandler
                0x0000000000000428                GPIO26_IRQHandler
                0x000000000000042a                GPIO27_IRQHandler
                0x000000000000042c                GPIO28_IRQHandler
                0x000000000000042e                GPIO29_IRQHandler
                0x0000000000000430                GPIO30_IRQHandler
                0x0000000000000432                GPIO31_IRQHandler
                0x0000000000000434                mscc_post_hw_cfg_init
 *system_m2sxxx.o(.text*)
 .text.SystemInit
                0x00000000000004ac       0x20 ./CMSIS/system_m2sxxx.o
                0x00000000000004ac                SystemInit
 .text.SystemCoreClockUpdate
                0x00000000000004cc       0xf8 ./CMSIS/system_m2sxxx.o
                0x00000000000004cc                SystemCoreClockUpdate
 .text.get_rcosc_25_50mhz_frequency
                0x00000000000005c4       0x3c ./CMSIS/system_m2sxxx.o
 .text.set_clock_frequency_globals
                0x0000000000000600       0x5c ./CMSIS/system_m2sxxx.o
 .text.get_silicon_revision
                0x000000000000065c       0x48 ./CMSIS/system_m2sxxx.o
 .text.silicon_workarounds
                0x00000000000006a4       0x22 ./CMSIS/system_m2sxxx.o
 *fill*         0x00000000000006c6        0x2 
 .text.m2s050_rev_a_workarounds
                0x00000000000006c8       0x30 ./CMSIS/system_m2sxxx.o
 *sys_config.o(.rodata*)
                0x0000000000000700                . = ALIGN (0x10)
 *fill*         0x00000000000006f8        0x8 

.text           0x0000000000000700     0x7350 load address 0x0000000060000700
 CREATE_OBJECT_SYMBOLS
                0x0000000060000700                __text_load = LOADADDR (.text)
                0x0000000000000700                __text_start = .
 *(.text .text.* .gnu.linkonce.t.*)
 .text.deregister_tm_clones
                0x0000000000000700       0x1c c:/microsemi/softconsole_v6.0/arm-none-eabi-gcc/bin/../lib/gcc/arm-none-eabi/7.3.1/thumb/v7-m/crtbegin.o
 .text.register_tm_clones
                0x000000000000071c       0x24 c:/microsemi/softconsole_v6.0/arm-none-eabi-gcc/bin/../lib/gcc/arm-none-eabi/7.3.1/thumb/v7-m/crtbegin.o
 .text.__do_global_dtors_aux
                0x0000000000000740       0x28 c:/microsemi/softconsole_v6.0/arm-none-eabi-gcc/bin/../lib/gcc/arm-none-eabi/7.3.1/thumb/v7-m/crtbegin.o
 .text.frame_dummy
                0x0000000000000768       0x24 c:/microsemi/softconsole_v6.0/arm-none-eabi-gcc/bin/../lib/gcc/arm-none-eabi/7.3.1/thumb/v7-m/crtbegin.o
 .text          0x000000000000078c        0xe ./hal/CortexM3/GNU/hal.o
                0x000000000000078c                HAL_disable_interrupts
                0x0000000000000794                HAL_restore_interrupts
 .text          0x000000000000079a       0x90 ./hal/CortexM3/GNU/hw_reg_access.o
                0x000000000000079a                HW_set_32bit_reg
                0x000000000000079e                HW_get_32bit_reg
                0x00000000000007a2                HW_set_32bit_reg_field
                0x00000000000007be                HW_get_32bit_reg_field
                0x00000000000007ca                HW_set_16bit_reg
                0x00000000000007ce                HW_get_16bit_reg
                0x00000000000007d2                HW_set_16bit_reg_field
                0x00000000000007ee                HW_get_16bit_reg_field
                0x00000000000007fa                HW_set_8bit_reg
                0x00000000000007fe                HW_get_8bit_reg
                0x0000000000000802                HW_set_8bit_reg_field
                0x000000000000081e                HW_get_8bit_reg_field
 *fill*         0x000000000000082a        0x2 
 .text.NVIC_EnableIRQ
                0x000000000000082c       0x30 ./drivers_config/mss_spi/mss_spi.o
 .text.NVIC_DisableIRQ
                0x000000000000085c       0x34 ./drivers_config/mss_spi/mss_spi.o
 .text.NVIC_ClearPendingIRQ
                0x0000000000000890       0x34 ./drivers_config/mss_spi/mss_spi.o
 .text.MSS_SPI_init
                0x00000000000008c4       0xe4 ./drivers_config/mss_spi/mss_spi.o
                0x00000000000008c4                MSS_SPI_init
 .text.recover_from_rx_overflow
                0x00000000000009a8      0x128 ./drivers_config/mss_spi/mss_spi.o
 .text.MSS_SPI_configure_master_mode
                0x0000000000000ad0      0x130 ./drivers_config/mss_spi/mss_spi.o
                0x0000000000000ad0                MSS_SPI_configure_master_mode
 .text.MSS_SPI_set_slave_select
                0x0000000000000c00       0xec ./drivers_config/mss_spi/mss_spi.o
                0x0000000000000c00                MSS_SPI_set_slave_select
 .text.MSS_SPI_clear_slave_select
                0x0000000000000cec       0x88 ./drivers_config/mss_spi/mss_spi.o
                0x0000000000000cec                MSS_SPI_clear_slave_select
 .text.MSS_SPI_transfer_frame
                0x0000000000000d74       0xb4 ./drivers_config/mss_spi/mss_spi.o
                0x0000000000000d74                MSS_SPI_transfer_frame
 .text.MSS_SPI_transfer_block
                0x0000000000000e28      0x1f4 ./drivers_config/mss_spi/mss_spi.o
                0x0000000000000e28                MSS_SPI_transfer_block
 .text.MSS_SPI_tx_done
                0x000000000000101c       0x20 ./drivers_config/mss_spi/mss_spi.o
                0x000000000000101c                MSS_SPI_tx_done
 .text.fill_slave_tx_fifo
                0x000000000000103c       0xd6 ./drivers_config/mss_spi/mss_spi.o
 .text.read_slave_rx_fifo
                0x0000000000001112       0xa6 ./drivers_config/mss_spi/mss_spi.o
 .text.mss_spi_isr
                0x00000000000011b8      0x27c ./drivers_config/mss_spi/mss_spi.o
 .text.SPI0_IRQHandler
                0x0000000000001434       0x24 ./drivers_config/mss_spi/mss_spi.o
                0x0000000000001434                SPI0_IRQHandler
 .text.SPI1_IRQHandler
                0x0000000000001458       0x24 ./drivers_config/mss_spi/mss_spi.o
                0x0000000000001458                SPI1_IRQHandler
 .text.NVIC_ClearPendingIRQ
                0x000000000000147c       0x34 ./drivers/mss_uart/mss_uart.o
 .text.set_bit_reg8
                0x00000000000014b0       0x3a ./drivers/mss_uart/mss_uart.o
 .text.clear_bit_reg8
                0x00000000000014ea       0x3a ./drivers/mss_uart/mss_uart.o
 .text.read_bit_reg8
                0x0000000000001524       0x38 ./drivers/mss_uart/mss_uart.o
 .text.MSS_UART_init
                0x000000000000155c       0x70 ./drivers/mss_uart/mss_uart.o
                0x000000000000155c                MSS_UART_init
 .text.MSS_UART_polled_tx
                0x00000000000015cc       0xc4 ./drivers/mss_uart/mss_uart.o
                0x00000000000015cc                MSS_UART_polled_tx
 .text.UART0_IRQHandler
                0x0000000000001690       0x24 ./drivers/mss_uart/mss_uart.o
                0x0000000000001690                UART0_IRQHandler
 .text.UART1_IRQHandler
                0x00000000000016b4       0x24 ./drivers/mss_uart/mss_uart.o
                0x00000000000016b4                UART1_IRQHandler
 .text.config_baud_divisors
                0x00000000000016d8      0x14c ./drivers/mss_uart/mss_uart.o
 .text.global_init
                0x0000000000001824      0x1d8 ./drivers/mss_uart/mss_uart.o
 .text.MSS_UART_isr
                0x00000000000019fc      0x208 ./drivers/mss_uart/mss_uart.o
 .text.default_tx_handler
                0x0000000000001c04       0xe8 ./drivers/mss_uart/mss_uart.o
 .text.ComBlk_IRQHandler
                0x0000000000001cec       0x48 ./drivers/mss_sys_services/mss_comblk.o
                0x0000000000001cec                ComBlk_IRQHandler
 .text.handle_tx_okay_irq
                0x0000000000001d34      0x1ac ./drivers/mss_sys_services/mss_comblk.o
 .text.handle_rx_okay_irq
                0x0000000000001ee0      0x210 ./drivers/mss_sys_services/mss_comblk.o
 .text.complete_request
                0x00000000000020f0       0x40 ./drivers/mss_sys_services/mss_comblk.o
 .text.abort_current_cmd
                0x0000000000002130       0x4c ./drivers/mss_sys_services/mss_comblk.o
 .text.fill_tx_fifo
                0x000000000000217c       0x60 ./drivers/mss_sys_services/mss_comblk.o
 .text.process_sys_ctrl_command
                0x00000000000021dc       0x28 ./drivers/mss_sys_services/mss_comblk.o
 .text.get_channel_id_from_status
                0x0000000000002204       0x9c ./drivers/mss_pdma/mss_pdma.o
 .text.DMA_IRQHandler
                0x00000000000022a0       0x78 ./drivers/mss_pdma/mss_pdma.o
                0x00000000000022a0                DMA_IRQHandler
 .text.NVIC_DisableIRQ
                0x0000000000002318       0x34 ./drivers/mss_i2c/mss_i2c.o
 .text.enable_slave_if_required
                0x000000000000234c       0x24 ./drivers/mss_i2c/mss_i2c.o
 .text.mss_i2c_isr
                0x0000000000002370      0x854 ./drivers/mss_i2c/mss_i2c.o
 .text.I2C0_IRQHandler
                0x0000000000002bc4       0x24 ./drivers/mss_i2c/mss_i2c.o
                0x0000000000002bc4                I2C0_IRQHandler
 .text.I2C1_IRQHandler
                0x0000000000002be8       0x24 ./drivers/mss_i2c/mss_i2c.o
                0x0000000000002be8                I2C1_IRQHandler
 .text.start_transfer
                0x0000000000002c0c      0x154 ./drivers/mss_hpdma/mss_hpdma.o
 .text.HPDMA_Complete_IRQHandler
                0x0000000000002d60       0xf8 ./drivers/mss_hpdma/mss_hpdma.o
                0x0000000000002d60                HPDMA_Complete_IRQHandler
 .text.HPDMA_Error_IRQHandler
                0x0000000000002e58      0x100 ./drivers/mss_hpdma/mss_hpdma.o
                0x0000000000002e58                HPDMA_Error_IRQHandler
 .text.NVIC_DisableIRQ
                0x0000000000002f58       0x34 ./drivers/mss_gpio/mss_gpio.o
 .text.NVIC_ClearPendingIRQ
                0x0000000000002f8c       0x34 ./drivers/mss_gpio/mss_gpio.o
 .text.MSS_GPIO_init
                0x0000000000002fc0       0x78 ./drivers/mss_gpio/mss_gpio.o
                0x0000000000002fc0                MSS_GPIO_init
 .text.MSS_GPIO_config
                0x0000000000003038       0x38 ./drivers/mss_gpio/mss_gpio.o
                0x0000000000003038                MSS_GPIO_config
 .text.MSS_GPIO_set_output
                0x0000000000003070       0x64 ./drivers/mss_gpio/mss_gpio.o
                0x0000000000003070                MSS_GPIO_set_output
 .text.I2C_init
                0x00000000000030d4       0xc4 ./drivers/CoreI2C/core_i2c.o
                0x00000000000030d4                I2C_init
 .text.I2C_write
                0x0000000000003198       0xc6 ./drivers/CoreI2C/core_i2c.o
                0x0000000000003198                I2C_write
 .text.I2C_write_read
                0x000000000000325e      0x10c ./drivers/CoreI2C/core_i2c.o
                0x000000000000325e                I2C_write_read
 *fill*         0x000000000000336a        0x2 
 .text.I2C_wait_complete
                0x000000000000336c       0xb0 ./drivers/CoreI2C/core_i2c.o
                0x000000000000336c                I2C_wait_complete
 .text.I2C_system_tick
                0x000000000000341c       0x5a ./drivers/CoreI2C/core_i2c.o
                0x000000000000341c                I2C_system_tick
 .text.enable_slave_if_required
                0x0000000000003476       0x28 ./drivers/CoreI2C/core_i2c.o
 *fill*         0x000000000000349e        0x2 
 .text.I2C_isr  0x00000000000034a0      0x944 ./drivers/CoreI2C/core_i2c.o
                0x00000000000034a0                I2C_isr
 .text.NVIC_EnableIRQ
                0x0000000000003de4       0x30 ./drivers/CoreI2C/i2c_interrupt.o
 .text.NVIC_DisableIRQ
                0x0000000000003e14       0x34 ./drivers/CoreI2C/i2c_interrupt.o
 .text.I2C_enable_irq
                0x0000000000003e48       0x58 ./drivers/CoreI2C/i2c_interrupt.o
                0x0000000000003e48                I2C_enable_irq
 .text.I2C_disable_irq
                0x0000000000003ea0       0x58 ./drivers/CoreI2C/i2c_interrupt.o
                0x0000000000003ea0                I2C_disable_irq
 .text.Utils_Buffer_to_16_ValueU_Big
                0x0000000000003ef8       0x28 ./Header_C_files/Utils/utils.o
                0x0000000000003ef8                Utils_Buffer_to_16_ValueU_Big
 .text.Utils_Buffer_to_32_ValueU_Big
                0x0000000000003f20       0x34 ./Header_C_files/Utils/utils.o
                0x0000000000003f20                Utils_Buffer_to_32_ValueU_Big
 .text.Utils_Buffer_to_52_ValueU_Little
                0x0000000000003f54       0x7c ./Header_C_files/Utils/utils.o
                0x0000000000003f54                Utils_Buffer_to_52_ValueU_Little
 .text.Utils_Change_Endian_To_BigU16
                0x0000000000003fd0       0x28 ./Header_C_files/Utils/utils.o
                0x0000000000003fd0                Utils_Change_Endian_To_BigU16
 .text.Utils_HAL_Set_8bit
                0x0000000000003ff8       0x36 ./Header_C_files/Utils/utils.o
                0x0000000000003ff8                Utils_HAL_Set_8bit
 .text.Utils_Delay32
                0x000000000000402e       0x30 ./Header_C_files/Utils/utils.o
                0x000000000000402e                Utils_Delay32
 .text.Utils_Delay32_us
                0x000000000000405e       0x28 ./Header_C_files/Utils/utils.o
                0x000000000000405e                Utils_Delay32_us
 .text.main     0x0000000000004086        0xe ./Header_C_files/Seq_ops/main.o
                0x0000000000004086                main
 .text.main_seq
                0x0000000000004094       0x68 ./Header_C_files/Seq_ops/main.o
                0x0000000000004094                main_seq
 .text.Init     0x00000000000040fc       0x58 ./Header_C_files/Seq_ops/main.o
                0x00000000000040fc                Init
 .text.Get_Beacon_Packet
                0x0000000000004154       0xd8 ./Header_C_files/Seq_ops/main.o
                0x0000000000004154                Get_Beacon_Packet
 .text.Make_Beacon_Packet_Array
                0x000000000000422c      0x41c ./Header_C_files/Seq_ops/main.o
                0x000000000000422c                Make_Beacon_Packet_Array
 .text.Get_CDH_Data
                0x0000000000004648       0xe4 ./Header_C_files/Seq_ops/main.o
                0x0000000000004648                Get_CDH_Data
 .text.Decide_Mode
                0x000000000000472c      0x150 ./Header_C_files/Seq_ops/main.o
                0x000000000000472c                Decide_Mode
 .text.SwitchTo_Mode_Science_D
                0x000000000000487c       0x18 ./Header_C_files/Seq_ops/main.o
                0x000000000000487c                SwitchTo_Mode_Science_D
 .text.SwitchTo_Mode_Science_C
                0x0000000000004894       0x18 ./Header_C_files/Seq_ops/main.o
                0x0000000000004894                SwitchTo_Mode_Science_C
 .text.SwitchTo_Mode_Safe
                0x00000000000048ac       0x18 ./Header_C_files/Seq_ops/main.o
                0x00000000000048ac                SwitchTo_Mode_Safe
 .text.SwitchTo_Mode_Pheonix
                0x00000000000048c4       0x10 ./Header_C_files/Seq_ops/main.o
                0x00000000000048c4                SwitchTo_Mode_Pheonix
 .text.Beacon_Packet_UART_log
                0x00000000000048d4      0x30c ./Header_C_files/Seq_ops/main.o
                0x00000000000048d4                Beacon_Packet_UART_log
 .text.Watchdog_Pet
                0x0000000000004be0       0x6c ./Header_C_files/Seq_ops/main.o
                0x0000000000004be0                Watchdog_Pet
 .text.Flash_Init
                0x0000000000004c4c       0x7c ./Header_C_files/SPI_Flash/spi_flash.o
                0x0000000000004c4c                Flash_Init
 .text.Flash_Wait
                0x0000000000004cc8       0x48 ./Header_C_files/SPI_Flash/spi_flash.o
                0x0000000000004cc8                Flash_Wait
 .text.Flash_Write_EN_DIS
                0x0000000000004d10       0x38 ./Header_C_files/SPI_Flash/spi_flash.o
                0x0000000000004d10                Flash_Write_EN_DIS
 .text.Flash_CMD
                0x0000000000004d48       0x88 ./Header_C_files/SPI_Flash/spi_flash.o
                0x0000000000004d48                Flash_CMD
 .text.Flash_Read_Status_Register_1
                0x0000000000004dd0       0x40 ./Header_C_files/SPI_Flash/spi_flash.o
                0x0000000000004dd0                Flash_Read_Status_Register_1
 .text.Flash_Erase
                0x0000000000004e10       0x5c ./Header_C_files/SPI_Flash/spi_flash.o
                0x0000000000004e10                Flash_Erase
 .text.Flash_Read_Data
                0x0000000000004e6c       0x70 ./Header_C_files/SPI_Flash/spi_flash.o
                0x0000000000004e6c                Flash_Read_Data
 .text.Flash_write_cmd_data
                0x0000000000004edc       0xbc ./Header_C_files/SPI_Flash/spi_flash.o
                0x0000000000004edc                Flash_write_cmd_data
 .text.Flash_Program
                0x0000000000004f98       0xb8 ./Header_C_files/SPI_Flash/spi_flash.o
                0x0000000000004f98                Flash_Program
 .text.Update_Variables
                0x0000000000005050       0x5c ./Header_C_files/SPI_Flash/spi_flash.o
                0x0000000000005050                Update_Variables
 *fill*         0x00000000000050ac        0x4 
 .text.Load_Factory_Value
                0x00000000000050b0       0x8c ./Header_C_files/SPI_Flash/spi_flash.o
                0x00000000000050b0                Load_Factory_Value
 .text.Update_Parameter_Table_IS0
                0x000000000000513c      0x10c ./Header_C_files/SPI_Flash/spi_flash.o
                0x000000000000513c                Update_Parameter_Table_IS0
 .text.Store_Data_Packet_Flash
                0x0000000000005248       0x90 ./Header_C_files/SPI_Flash/spi_flash.o
                0x0000000000005248                Store_Data_Packet_Flash
 .text.Read_Parameter_Table_IS0
                0x00000000000052d8      0x24c ./Header_C_files/SPI_Flash/spi_flash.o
                0x00000000000052d8                Read_Parameter_Table_IS0
 .text.VEML6075AssignInit
                0x0000000000005524       0x50 ./Header_C_files/SENSOR_BOARD/sensor_board.o
                0x0000000000005524                VEML6075AssignInit
 .text.AS7265xAssignInit
                0x0000000000005574       0xa8 ./Header_C_files/SENSOR_BOARD/sensor_board.o
                0x0000000000005574                AS7265xAssignInit
 .text.Initialize_Sensor_Board
                0x000000000000561c       0x24 ./Header_C_files/SENSOR_BOARD/sensor_board.o
                0x000000000000561c                Initialize_Sensor_Board
 .text.Get_VEML6075_Data
                0x0000000000005640       0xac ./Header_C_files/SENSOR_BOARD/sensor_board.o
                0x0000000000005640                Get_VEML6075_Data
 .text.read_AS7265x_reg
                0x00000000000056ec      0x100 ./Header_C_files/SENSOR_BOARD/sensor_board.o
                0x00000000000056ec                read_AS7265x_reg
 .text.write_AS7265x_reg
                0x00000000000057ec       0xac ./Header_C_files/SENSOR_BOARD/sensor_board.o
                0x00000000000057ec                write_AS7265x_reg
 .text.Get_AS7265x_Data
                0x0000000000005898       0xd4 ./Header_C_files/SENSOR_BOARD/sensor_board.o
                0x0000000000005898                Get_AS7265x_Data
 .text.SD_clear_slave_select
                0x000000000000596c       0x2c ./Header_C_files/SD_CARD/sd.o
                0x000000000000596c                SD_clear_slave_select
 .text.SD_set_slave_select
                0x0000000000005998       0x2c ./Header_C_files/SD_CARD/sd.o
                0x0000000000005998                SD_set_slave_select
 .text.SD_disable
                0x00000000000059c4       0x28 ./Header_C_files/SD_CARD/sd.o
                0x00000000000059c4                SD_disable
 .text.Custom_SPI_configure_master_mode
                0x00000000000059ec       0x7e ./Header_C_files/SD_CARD/sd.o
                0x00000000000059ec                Custom_SPI_configure_master_mode
 *fill*         0x0000000000005a6a        0x2 
 .text.SD_get_status
                0x0000000000005a6c       0x88 ./Header_C_files/SD_CARD/sd.o
                0x0000000000005a6c                SD_get_status
 .text.SD_Simul_Init
                0x0000000000005af4      0x184 ./Header_C_files/SD_CARD/sd.o
                0x0000000000005af4                SD_Simul_Init
 .text.SD_Cards_Init
                0x0000000000005c78       0x54 ./Header_C_files/SD_CARD/sd.o
                0x0000000000005c78                SD_Cards_Init
 .text.SD_Init  0x0000000000005ccc      0x380 ./Header_C_files/SD_CARD/sd.o
                0x0000000000005ccc                SD_Init
 .text.SD_Write_Sector
                0x000000000000604c      0x200 ./Header_C_files/SD_CARD/sd.o
                0x000000000000604c                SD_Write_Sector
 .text.SD_Read_Sector
                0x000000000000624c      0x2a8 ./Header_C_files/SD_CARD/sd.o
                0x000000000000624c                SD_Read_Sector
 .text.SD_Write_Data
                0x00000000000064f4       0x88 ./Header_C_files/SD_CARD/sd.o
                0x00000000000064f4                SD_Write_Data
 .text.SD_Read_Data
                0x000000000000657c       0x7e ./Header_C_files/SD_CARD/sd.o
                0x000000000000657c                SD_Read_Data
 *fill*         0x00000000000065fa        0x2 
 .text.SD_Write_Read_Verify
                0x00000000000065fc       0xc4 ./Header_C_files/SD_CARD/sd.o
                0x00000000000065fc                SD_Write_Read_Verify
 .text.RTC_Set_Value
                0x00000000000066c0       0xb0 ./Header_C_files/RTC/rtc.o
                0x00000000000066c0                RTC_Set_Value
 .text.RTC_Get_Value64
                0x0000000000006770       0x80 ./Header_C_files/RTC/rtc.o
                0x0000000000006770                RTC_Get_Value64
 .text.RTC_Get_Value_Pointer1
                0x00000000000067f0       0x6c ./Header_C_files/RTC/rtc.o
                0x00000000000067f0                RTC_Get_Value_Pointer1
 .text.RTC_Get_us
                0x000000000000685c       0x18 ./Header_C_files/RTC/rtc.o
                0x000000000000685c                RTC_Get_us
 .text.RTC_Get_ms
                0x0000000000006874       0x30 ./Header_C_files/RTC/rtc.o
                0x0000000000006874                RTC_Get_ms
 .text.Check_and_Fill_FIFO
                0x00000000000068a4       0xc4 ./Header_C_files/PSLV_UART/pslv_uart.o
                0x00000000000068a4                Check_and_Fill_FIFO
 .text.Set_Data_Byte_FIFO
                0x0000000000006968       0x20 ./Header_C_files/PSLV_UART/pslv_uart.o
                0x0000000000006968                Set_Data_Byte_FIFO
 .text.Set_Reset_Write_Enable_FIFO
                0x0000000000006988       0x1c ./Header_C_files/PSLV_UART/pslv_uart.o
                0x0000000000006988                Set_Reset_Write_Enable_FIFO
 .text.Get_Status_Reg
                0x00000000000069a4       0x24 ./Header_C_files/PSLV_UART/pslv_uart.o
                0x00000000000069a4                Get_Status_Reg
 .text.Reset_FIFO_SM
                0x00000000000069c8       0x14 ./Header_C_files/PSLV_UART/pslv_uart.o
                0x00000000000069c8                Reset_FIFO_SM
 .text.do_write_transaction
                0x00000000000069dc       0x54 ./Header_C_files/I2C/i2c.o
                0x00000000000069dc                do_write_transaction
 .text.do_write_read_transaction
                0x0000000000006a30       0xbc ./Header_C_files/I2C/i2c.o
                0x0000000000006a30                do_write_read_transaction
 .text.SysTick_Handler
                0x0000000000006aec       0x38 ./Header_C_files/I2C/i2c.o
                0x0000000000006aec                SysTick_Handler
 .text.FabricIrq0_IRQHandler
                0x0000000000006b24       0x14 ./Header_C_files/I2C/i2c.o
                0x0000000000006b24                FabricIrq0_IRQHandler
 .text.FabricIrq1_IRQHandler
                0x0000000000006b38       0x14 ./Header_C_files/I2C/i2c.o
                0x0000000000006b38                FabricIrq1_IRQHandler
 .text.FabricIrq2_IRQHandler
                0x0000000000006b4c       0x14 ./Header_C_files/I2C/i2c.o
                0x0000000000006b4c                FabricIrq2_IRQHandler
 .text.FabricIrq3_IRQHandler
                0x0000000000006b60       0x14 ./Header_C_files/I2C/i2c.o
                0x0000000000006b60                FabricIrq3_IRQHandler
 .text.Global_Init_GPIOs
                0x0000000000006b74      0x10c ./Header_C_files/GPIOs/gpios.o
                0x0000000000006b74                Global_Init_GPIOs
 .text.MSS_GPIO_set_outputs
                0x0000000000006c80       0x20 ./Header_C_files/EPS/eps.o
 .text.MSS_GPIO_get_outputs
                0x0000000000006ca0       0x18 ./Header_C_files/EPS/eps.o
 .text.assignGetEps
                0x0000000000006cb8       0x3c ./Header_C_files/EPS/eps.o
                0x0000000000006cb8                assignGetEps
 .text.PWR_Switch
                0x0000000000006cf4       0x3a ./Header_C_files/EPS/eps.o
                0x0000000000006cf4                PWR_Switch
 *fill*         0x0000000000006d2e        0x2 
 .text.epsAssignInit
                0x0000000000006d30      0x5c0 ./Header_C_files/EPS/eps.o
                0x0000000000006d30                epsAssignInit
 .text.Initialize_EPS
                0x00000000000072f0       0x48 ./Header_C_files/EPS/eps.o
                0x00000000000072f0                Initialize_EPS
 .text.Get_EPS_Data
                0x0000000000007338       0xc8 ./Header_C_files/EPS/eps.o
                0x0000000000007338                Get_EPS_Data
 .text.CCSDS_Pack
                0x0000000000007400       0x84 ./Header_C_files/CCSDS/ccsds.o
                0x0000000000007400                CCSDS_Pack
 .text.CCSDS_Fletcher_16
                0x0000000000007484       0xf4 ./Header_C_files/CCSDS/ccsds.o
                0x0000000000007484                CCSDS_Fletcher_16
 .text          0x0000000000007578       0x30 c:/microsemi/softconsole_v6.0/arm-none-eabi-gcc/bin/../lib/gcc/arm-none-eabi/7.3.1/thumb/v7-m\libgcc.a(_aeabi_uldivmod.o)
                0x0000000000007578                __aeabi_uldivmod
 .text.__udivmoddi4
                0x00000000000075a8      0x2d0 c:/microsemi/softconsole_v6.0/arm-none-eabi-gcc/bin/../lib/gcc/arm-none-eabi/7.3.1/thumb/v7-m\libgcc.a(_udivmoddi4.o)
                0x00000000000075a8                __udivmoddi4
 .text          0x0000000000007878        0x4 c:/microsemi/softconsole_v6.0/arm-none-eabi-gcc/bin/../lib/gcc/arm-none-eabi/7.3.1/thumb/v7-m\libgcc.a(_dvmd_tls.o)
                0x0000000000007878                __aeabi_idiv0
                0x0000000000007878                __aeabi_ldiv0
 .text.__libc_init_array
                0x000000000000787c       0x48 c:/microsemi/softconsole_v6.0/arm-none-eabi-gcc/bin/../lib/gcc/arm-none-eabi/7.3.1/../../../../arm-none-eabi/lib/thumb/v7-m\libg_nano.a(lib_a-init.o)
                0x000000000000787c                __libc_init_array
 .text.memcpy   0x00000000000078c4       0x16 c:/microsemi/softconsole_v6.0/arm-none-eabi-gcc/bin/../lib/gcc/arm-none-eabi/7.3.1/../../../../arm-none-eabi/lib/thumb/v7-m\libg_nano.a(lib_a-memcpy-stub.o)
                0x00000000000078c4                memcpy
 .text.memset   0x00000000000078da       0x10 c:/microsemi/softconsole_v6.0/arm-none-eabi-gcc/bin/../lib/gcc/arm-none-eabi/7.3.1/../../../../arm-none-eabi/lib/thumb/v7-m\libg_nano.a(lib_a-memset.o)
                0x00000000000078da                memset
 *(.plt)
 *(.gnu.warning)
 *(.glue_7t)
 .glue_7t       0x00000000000078ea        0x0 linker stubs
 *(.glue_7)
 .glue_7        0x00000000000078ea        0x0 linker stubs
 *(.vfp11_veneer)
 .vfp11_veneer  0x00000000000078ea        0x0 linker stubs
                0x00000000000078ec                . = ALIGN (0x4)
 *fill*         0x00000000000078ea        0x2 
 *crtbegin.o(.ctors)
 *(EXCLUDE_FILE(*crtend.o) .ctors)
 *(SORT_BY_NAME(.ctors.*))
 *crtend.o(.ctors)
 *crtbegin.o(.dtors)
 *(EXCLUDE_FILE(*crtend.o) .dtors)
 *(SORT_BY_NAME(.dtors.*))
 *crtend.o(.dtors)
 *(.rodata .rodata.* .gnu.linkonce.r.*)
 .rodata        0x00000000000078ec       0x60 ./drivers/mss_pdma/mss_pdma.o
 .rodata.g_config_reg_lut
                0x000000000000794c       0x80 ./drivers/mss_gpio/mss_gpio.o
 .rodata.g_gpio_irqn_lut
                0x00000000000079cc       0x20 ./drivers/mss_gpio/mss_gpio.o
 .rodata        0x00000000000079ec       0x38 ./Header_C_files/SD_CARD/sd.o
 .rodata        0x0000000000007a24        0x8 ./CMSIS/system_m2sxxx.o
 *(.ARM.extab* .gnu.linkonce.armextab.*)
 *(.gcc_except_table)
 *(.eh_frame_hdr)
 *(.eh_frame)
 .eh_frame      0x0000000000007a2c        0x0 c:/microsemi/softconsole_v6.0/arm-none-eabi-gcc/bin/../lib/gcc/arm-none-eabi/7.3.1/thumb/v7-m/crtbegin.o
 *(.vector_table)
 *(.init)
 .init          0x0000000000007a2c        0x4 c:/microsemi/softconsole_v6.0/arm-none-eabi-gcc/bin/../lib/gcc/arm-none-eabi/7.3.1/thumb/v7-m/crti.o
                0x0000000000007a2c                _init
 .init          0x0000000000007a30        0x8 c:/microsemi/softconsole_v6.0/arm-none-eabi-gcc/bin/../lib/gcc/arm-none-eabi/7.3.1/thumb/v7-m/crtn.o
 *(.fini)
 .fini          0x0000000000007a38        0x4 c:/microsemi/softconsole_v6.0/arm-none-eabi-gcc/bin/../lib/gcc/arm-none-eabi/7.3.1/thumb/v7-m/crti.o
                0x0000000000007a38                _fini
 .fini          0x0000000000007a3c        0x8 c:/microsemi/softconsole_v6.0/arm-none-eabi-gcc/bin/../lib/gcc/arm-none-eabi/7.3.1/thumb/v7-m/crtn.o
                0x0000000000007a44                PROVIDE (__preinit_array_start = .)
 *(.preinit_array)
                0x0000000000007a44                PROVIDE (__preinit_array_end = .)
                0x0000000000007a44                PROVIDE (__init_array_start = .)
 *(SORT_BY_NAME(.init_array.*))
 *(.init_array)
 .init_array    0x0000000000007a44        0x4 c:/microsemi/softconsole_v6.0/arm-none-eabi-gcc/bin/../lib/gcc/arm-none-eabi/7.3.1/thumb/v7-m/crtbegin.o
                0x0000000000007a48                PROVIDE (__init_array_end = .)
                [!provide]                        PROVIDE (__fini_array_start = .)
 *(.fini_array)
 .fini_array    0x0000000000007a48        0x4 c:/microsemi/softconsole_v6.0/arm-none-eabi-gcc/bin/../lib/gcc/arm-none-eabi/7.3.1/thumb/v7-m/crtbegin.o
 *(SORT_BY_NAME(.fini_array.*))
                [!provide]                        PROVIDE (__fini_array_end = .)
                0x0000000000007a50                . = ALIGN (0x10)
 *fill*         0x0000000000007a4c        0x4 
                0x0000000000007a50                __exidx_start = .

.v4_bx          0x0000000000007a50        0x0 load address 0x0000000060007a50
 .v4_bx         0x0000000000007a50        0x0 linker stubs

.iplt           0x0000000000007a50        0x0 load address 0x0000000060007a50
 .iplt          0x0000000000007a50        0x0 c:/microsemi/softconsole_v6.0/arm-none-eabi-gcc/bin/../lib/gcc/arm-none-eabi/7.3.1/thumb/v7-m/crtbegin.o

.ARM.exidx      0x0000000020000000        0x8 load address 0x0000000060007a50
 *(.ARM.exidx* .gnu.linkonce.armexidx.*)
 .ARM.exidx.text.__udivmoddi4
                0x0000000020000000        0x8 c:/microsemi/softconsole_v6.0/arm-none-eabi-gcc/bin/../lib/gcc/arm-none-eabi/7.3.1/thumb/v7-m\libgcc.a(_udivmoddi4.o)
                0x0000000020000008                __exidx_end = .
                0x0000000020000008                _etext = .

.rel.dyn        0x0000000020000008        0x0 load address 0x0000000060007a58
 .rel.iplt      0x0000000020000008        0x0 c:/microsemi/softconsole_v6.0/arm-none-eabi-gcc/bin/../lib/gcc/arm-none-eabi/7.3.1/thumb/v7-m/crtbegin.o

.data           0x0000000020000010       0x20 load address 0x0000000060007a60
                0x0000000060007a60                __data_load = LOADADDR (.data)
                0x0000000060007a60                _sidata = LOADADDR (.data)
                0x0000000020000010                __data_start = .
                0x0000000020000010                _sdata = .
 *(.jcr)
 *(.got.plt)
 *(.got)
 *(.shdata)
 *(.data .data.* .gnu.linkonce.d.*)
 .data.virtual_reg_buffer
                0x0000000020000010        0x2 ./Header_C_files/SENSOR_BOARD/sensor_board.o
                0x0000000020000010                virtual_reg_buffer
 *fill*         0x0000000020000012        0x2 
 .data.SystemCoreClock
                0x0000000020000014        0x4 ./CMSIS/system_m2sxxx.o
                0x0000000020000014                SystemCoreClock
 .data.g_FrequencyPCLK0
                0x0000000020000018        0x4 ./CMSIS/system_m2sxxx.o
                0x0000000020000018                g_FrequencyPCLK0
 .data.g_FrequencyPCLK1
                0x000000002000001c        0x4 ./CMSIS/system_m2sxxx.o
                0x000000002000001c                g_FrequencyPCLK1
 .data.g_FrequencyPCLK2
                0x0000000020000020        0x4 ./CMSIS/system_m2sxxx.o
                0x0000000020000020                g_FrequencyPCLK2
 .data.g_FrequencyFIC0
                0x0000000020000024        0x4 ./CMSIS/system_m2sxxx.o
                0x0000000020000024                g_FrequencyFIC0
 .data.g_FrequencyFIC1
                0x0000000020000028        0x4 ./CMSIS/system_m2sxxx.o
                0x0000000020000028                g_FrequencyFIC1
 .data.g_FrequencyFIC64
                0x000000002000002c        0x4 ./CMSIS/system_m2sxxx.o
                0x000000002000002c                g_FrequencyFIC64
                0x0000000020000030                . = ALIGN (0x10)
                0x0000000020000030                _edata = .

.tm_clone_table
                0x0000000020000030        0x0 load address 0x0000000060007a80
 .tm_clone_table
                0x0000000020000030        0x0 c:/microsemi/softconsole_v6.0/arm-none-eabi-gcc/bin/../lib/gcc/arm-none-eabi/7.3.1/thumb/v7-m/crtbegin.o
 .tm_clone_table
                0x0000000020000030        0x0 c:/microsemi/softconsole_v6.0/arm-none-eabi-gcc/bin/../lib/gcc/arm-none-eabi/7.3.1/thumb/v7-m/crtend.o

.igot.plt       0x0000000020000030        0x0 load address 0x0000000060007a80
 .igot.plt      0x0000000020000030        0x0 c:/microsemi/softconsole_v6.0/arm-none-eabi-gcc/bin/../lib/gcc/arm-none-eabi/7.3.1/thumb/v7-m/crtbegin.o

.bss            0x0000000020000030      0xf40 load address 0x0000000060007a80
                0x0000000020000030                __bss_start__ = .
                0x0000000020000030                _sbss = .
 *(.shbss)
 *(.bss .bss.* .gnu.linkonce.b.*)
 .bss.completed.6486
                0x0000000020000030        0x1 c:/microsemi/softconsole_v6.0/arm-none-eabi-gcc/bin/../lib/gcc/arm-none-eabi/7.3.1/thumb/v7-m/crtbegin.o
 *fill*         0x0000000020000031        0x3 
 .bss.object.6491
                0x0000000020000034       0x18 c:/microsemi/softconsole_v6.0/arm-none-eabi-gcc/bin/../lib/gcc/arm-none-eabi/7.3.1/thumb/v7-m/crtbegin.o
 .bss.g_comblk_cmd_opcode
                0x000000002000004c        0x1 ./drivers/mss_sys_services/mss_comblk.o
 *fill*         0x000000002000004d        0x3 
 .bss.g_comblk_p_cmd
                0x0000000020000050        0x4 ./drivers/mss_sys_services/mss_comblk.o
 .bss.g_comblk_cmd_size
                0x0000000020000054        0x2 ./drivers/mss_sys_services/mss_comblk.o
 *fill*         0x0000000020000056        0x2 
 .bss.g_comblk_p_data
                0x0000000020000058        0x4 ./drivers/mss_sys_services/mss_comblk.o
 .bss.g_comblk_data_size
                0x000000002000005c        0x4 ./drivers/mss_sys_services/mss_comblk.o
 .bss.g_comblk_p_response
                0x0000000020000060        0x4 ./drivers/mss_sys_services/mss_comblk.o
 .bss.g_comblk_response_size
                0x0000000020000064        0x2 ./drivers/mss_sys_services/mss_comblk.o
 .bss.g_comblk_response_idx
                0x0000000020000066        0x2 ./drivers/mss_sys_services/mss_comblk.o
 .bss.g_comblk_completion_handler
                0x0000000020000068        0x4 ./drivers/mss_sys_services/mss_comblk.o
 .bss.g_comblk_page_handler
                0x000000002000006c        0x4 ./drivers/mss_sys_services/mss_comblk.o
 .bss.g_request_in_progress
                0x0000000020000070        0x1 ./drivers/mss_sys_services/mss_comblk.o
 .bss.g_comblk_state
                0x0000000020000071        0x1 ./drivers/mss_sys_services/mss_comblk.o
 *fill*         0x0000000020000072        0x2 
 .bss.g_async_event_handler
                0x0000000020000074        0x4 ./drivers/mss_sys_services/mss_comblk.o
 .bss.g_pdma_isr_table
                0x0000000020000078       0x20 ./drivers/mss_pdma/mss_pdma.o
 .bss.g_transfer
                0x0000000020000098       0x18 ./drivers/mss_hpdma/mss_hpdma.o
 .bss.g_hpdma_end_desc
                0x00000000200000b0        0x4 ./drivers/mss_hpdma/mss_hpdma.o
 .bss.g_hpdma_current_desc
                0x00000000200000b4        0x4 ./drivers/mss_hpdma/mss_hpdma.o
 .bss.rtc_init_array
                0x00000000200000b8        0x7 ./Header_C_files/SPI_Flash/spi_flash.o
                0x00000000200000b8                rtc_init_array
 *fill*         0x00000000200000bf        0x1 
 .bss.UV_Conf_Buff
                0x00000000200000c0        0x3 ./Header_C_files/SENSOR_BOARD/sensor_board.o
                0x00000000200000c0                UV_Conf_Buff
 *fill*         0x00000000200000c3        0x1 
 .bss.rx_buffer_AS7265x
                0x00000000200000c4        0x1 ./Header_C_files/SENSOR_BOARD/sensor_board.o
                0x00000000200000c4                rx_buffer_AS7265x
 *(COMMON)
 *fill*         0x00000000200000c5        0x3 
 COMMON         0x00000000200000c8      0x108 ./drivers_config/mss_spi/mss_spi.o
                0x00000000200000c8                g_mss_spi1
                0x000000002000014c                g_mss_spi0
 COMMON         0x00000000200001d0       0x80 ./drivers/mss_uart/mss_uart.o
                0x00000000200001d0                g_mss_uart1
                0x0000000020000210                g_mss_uart0
 COMMON         0x0000000020000250       0xe8 ./drivers/mss_i2c/mss_i2c.o
                0x0000000020000250                g_mss_i2c0
                0x00000000200002c4                g_mss_i2c1
 COMMON         0x0000000020000338       0x9c ./drivers/CoreI2C/core_i2c.o
                0x0000000020000338                Beacon_pack_IS0
 COMMON         0x00000000200003d4      0x1b8 ./Header_C_files/Test/test.o
                0x00000000200003d4                g_core_i2c2
                0x0000000020000440                rx_buff
                0x0000000020000444                g_core_i2c0
                0x00000000200004b0                g_core_i2c1
                0x000000002000051c                instance
                0x0000000020000520                g_core_i2c3
 *fill*         0x000000002000058c        0x4 
 COMMON         0x0000000020000590      0x144 ./Header_C_files/Seq_ops/main.o
                0x0000000020000590                statusG
                0x0000000020000598                Globals
                0x0000000020000638                Beacon_Pack_Array
 COMMON         0x00000000200006d4       0xfc ./Header_C_files/SPI_Flash/spi_flash.o
                0x00000000200006d4                flash_wr_buf
                0x00000000200006fc                FLASH_SPI
                0x0000000020000700                flash_packet_rd_buf
                0x000000002000079c                rtc_array
                0x00000000200007a4                flash_rd_buf
                0x00000000200007cc                stat
 COMMON         0x00000000200007d0       0x1c ./Header_C_files/SENSOR_BOARD/sensor_board.o
                0x00000000200007d0                rx_buffer_AS7265x_2
                0x00000000200007d4                rx_buffer_VMEL
                0x00000000200007d8                Read_Array_VMEL6075
                0x00000000200007e0                Read_Array_AS7265x
 COMMON         0x00000000200007ec      0x610 ./Header_C_files/SD_CARD/sd.o
                0x00000000200007ec                SD_Status
                0x00000000200007f0                tmp_buff
                0x00000000200009f0                SD_Beacon_Pack_Read_Array
                0x0000000020000bf4                SD_Beacon_Pack_Write_Array
                0x0000000020000df4                CMD17
 COMMON         0x0000000020000dfc       0x9d ./Header_C_files/PSLV_UART/pslv_uart.o
                0x0000000020000dfc                fifo_packet_wr_buf
                0x0000000020000e98                status
 *fill*         0x0000000020000e99        0x3 
 COMMON         0x0000000020000e9c       0xce ./Header_C_files/EPS/eps.o
                0x0000000020000e9c                points
                0x0000000020000f68                rx_buffer_EPS
                0x0000000020000f70                . = ALIGN (0x10)
 *fill*         0x0000000020000f6a        0x6 
                0x0000000020000f70                __bss_end__ = .
                0x0000000020000f70                _end = .
                0x0000000020000f70                __end = _end
                0x0000000020000f70                _ebss = .
                [!provide]                        PROVIDE (end = .)

.heap           0x0000000020000f70     0xe090 load address 0x0000000060007a80
                0x0000000020000f70                __heap_start__ = .
                0x0000000020001f70                . = (. + MIN_SIZE_HEAP)
 *fill*         0x0000000020000f70     0x1000 
                0x000000002000f000                . = (. + (((ABSOLUTE (RAM_START_ADDRESS) + RAM_SIZE) - MAIN_STACK_SIZE) - .))
 *fill*         0x0000000020001f70     0xd090 
                0x000000002000f000                _eheap = .

.stack          0x000000002000f000     0x1000 load address 0x0000000060007a80
                0x000000002000f000                __stack_start__ = .
                0x0000000020010000                . = (. + MAIN_STACK_SIZE)
 *fill*         0x000000002000f000     0x1000 
                0x0000000020010000                _estack = .

.stab
 *(.stab)

.stabstr
 *(.stabstr)

.debug
 *(.debug)

.line
 *(.line)

.debug_srcinfo
 *(.debug_srcinfo)

.debug_sfnames
 *(.debug_sfnames)

.debug_aranges  0x0000000000000000      0xcd0
 *(.debug_aranges)
 .debug_aranges
                0x0000000000000000       0x20 ./hal/CortexM3/GNU/hal.o
 .debug_aranges
                0x0000000000000020       0x20 ./hal/CortexM3/GNU/hw_reg_access.o
 .debug_aranges
                0x0000000000000040       0xe0 ./drivers_config/mss_spi/mss_spi.o
 .debug_aranges
                0x0000000000000120      0x1d0 ./drivers/mss_uart/mss_uart.o
 .debug_aranges
                0x00000000000002f0       0x90 ./drivers/mss_sys_services/mss_comblk.o
 .debug_aranges
                0x0000000000000380       0x78 ./drivers/mss_pdma/mss_pdma.o
 .debug_aranges
                0x00000000000003f8      0x128 ./drivers/mss_i2c/mss_i2c.o
 .debug_aranges
                0x0000000000000520       0x80 ./drivers/mss_hpdma/mss_hpdma.o
 .debug_aranges
                0x00000000000005a0       0x68 ./drivers/mss_gpio/mss_gpio.o
 .debug_aranges
                0x0000000000000608      0x110 ./drivers/CoreI2C/core_i2c.o
 .debug_aranges
                0x0000000000000718       0x38 ./drivers/CoreI2C/i2c_interrupt.o
 .debug_aranges
                0x0000000000000750       0xe0 ./Header_C_files/Utils/utils.o
 .debug_aranges
                0x0000000000000830       0x68 ./Header_C_files/Test/test.o
 .debug_aranges
                0x0000000000000898       0xa0 ./Header_C_files/Seq_ops/main.o
 .debug_aranges
                0x0000000000000938       0x98 ./Header_C_files/SPI_Flash/spi_flash.o
 .debug_aranges
                0x00000000000009d0       0x50 ./Header_C_files/SENSOR_BOARD/sensor_board.o
 .debug_aranges
                0x0000000000000a20       0x98 ./Header_C_files/SD_CARD/sd.o
 .debug_aranges
                0x0000000000000ab8       0x78 ./Header_C_files/RTC/rtc.o
 .debug_aranges
                0x0000000000000b30       0x40 ./Header_C_files/PSLV_UART/pslv_uart.o
 .debug_aranges
                0x0000000000000b70       0x58 ./Header_C_files/I2C/i2c.o
 .debug_aranges
                0x0000000000000bc8       0x20 ./Header_C_files/GPIOs/gpios.o
 .debug_aranges
                0x0000000000000be8       0x50 ./Header_C_files/EPS/eps.o
 .debug_aranges
                0x0000000000000c38       0x28 ./Header_C_files/CCSDS/ccsds.o
 .debug_aranges
                0x0000000000000c60       0x20 ./CMSIS/startup_gcc/startup_m2sxxx.o
 .debug_aranges
                0x0000000000000c80       0x50 ./CMSIS/system_m2sxxx.o

.debug_pubnames
 *(.debug_pubnames)

.debug_info     0x0000000000000000    0x1bf6e
 *(.debug_info .gnu.linkonce.wi.*)
 .debug_info    0x0000000000000000       0x26 ./hal/CortexM3/GNU/hal.o
 .debug_info    0x0000000000000026       0x26 ./hal/CortexM3/GNU/hw_reg_access.o
 .debug_info    0x000000000000004c     0x1d99 ./drivers_config/mss_spi/mss_spi.o
 .debug_info    0x0000000000001de5     0x1cfc ./drivers/mss_uart/mss_uart.o
 .debug_info    0x0000000000003ae1      0xad1 ./drivers/mss_sys_services/mss_comblk.o
 .debug_info    0x00000000000045b2     0x1001 ./drivers/mss_pdma/mss_pdma.o
 .debug_info    0x00000000000055b3     0x20a6 ./drivers/mss_i2c/mss_i2c.o
 .debug_info    0x0000000000007659     0x113c ./drivers/mss_hpdma/mss_hpdma.o
 .debug_info    0x0000000000008795      0xffc ./drivers/mss_gpio/mss_gpio.o
 .debug_info    0x0000000000009791     0x1e2a ./drivers/CoreI2C/core_i2c.o
 .debug_info    0x000000000000b5bb      0x75c ./drivers/CoreI2C/i2c_interrupt.o
 .debug_info    0x000000000000bd17     0x198b ./Header_C_files/Utils/utils.o
 .debug_info    0x000000000000d6a2     0x1e93 ./Header_C_files/Test/test.o
 .debug_info    0x000000000000f535     0x1cf7 ./Header_C_files/Seq_ops/main.o
 .debug_info    0x000000000001122c     0x18d5 ./Header_C_files/SPI_Flash/spi_flash.o
 .debug_info    0x0000000000012b01     0x1ab9 ./Header_C_files/SENSOR_BOARD/sensor_board.o
 .debug_info    0x00000000000145ba     0x1b2c ./Header_C_files/SD_CARD/sd.o
 .debug_info    0x00000000000160e6      0xc46 ./Header_C_files/RTC/rtc.o
 .debug_info    0x0000000000016d2c     0x1363 ./Header_C_files/PSLV_UART/pslv_uart.o
 .debug_info    0x000000000001808f      0xe73 ./Header_C_files/I2C/i2c.o
 .debug_info    0x0000000000018f02      0x176 ./Header_C_files/GPIOs/gpios.o
 .debug_info    0x0000000000019078     0x18fd ./Header_C_files/EPS/eps.o
 .debug_info    0x000000000001a975      0xb25 ./Header_C_files/CCSDS/ccsds.o
 .debug_info    0x000000000001b49a       0x26 ./CMSIS/startup_gcc/startup_m2sxxx.o
 .debug_info    0x000000000001b4c0      0xaae ./CMSIS/system_m2sxxx.o

.debug_abbrev   0x0000000000000000     0x35bb
 *(.debug_abbrev)
 .debug_abbrev  0x0000000000000000       0x14 ./hal/CortexM3/GNU/hal.o
 .debug_abbrev  0x0000000000000014       0x14 ./hal/CortexM3/GNU/hw_reg_access.o
 .debug_abbrev  0x0000000000000028      0x312 ./drivers_config/mss_spi/mss_spi.o
 .debug_abbrev  0x000000000000033a      0x30d ./drivers/mss_uart/mss_uart.o
 .debug_abbrev  0x0000000000000647      0x1fb ./drivers/mss_sys_services/mss_comblk.o
 .debug_abbrev  0x0000000000000842      0x225 ./drivers/mss_pdma/mss_pdma.o
 .debug_abbrev  0x0000000000000a67      0x38a ./drivers/mss_i2c/mss_i2c.o
 .debug_abbrev  0x0000000000000df1      0x26a ./drivers/mss_hpdma/mss_hpdma.o
 .debug_abbrev  0x000000000000105b      0x1ba ./drivers/mss_gpio/mss_gpio.o
 .debug_abbrev  0x0000000000001215      0x2e9 ./drivers/CoreI2C/core_i2c.o
 .debug_abbrev  0x00000000000014fe      0x1a7 ./drivers/CoreI2C/i2c_interrupt.o
 .debug_abbrev  0x00000000000016a5      0x2b9 ./Header_C_files/Utils/utils.o
 .debug_abbrev  0x000000000000195e      0x2fa ./Header_C_files/Test/test.o
 .debug_abbrev  0x0000000000001c58      0x34c ./Header_C_files/Seq_ops/main.o
 .debug_abbrev  0x0000000000001fa4      0x358 ./Header_C_files/SPI_Flash/spi_flash.o
 .debug_abbrev  0x00000000000022fc      0x2e8 ./Header_C_files/SENSOR_BOARD/sensor_board.o
 .debug_abbrev  0x00000000000025e4      0x331 ./Header_C_files/SD_CARD/sd.o
 .debug_abbrev  0x0000000000002915      0x1d1 ./Header_C_files/RTC/rtc.o
 .debug_abbrev  0x0000000000002ae6      0x284 ./Header_C_files/PSLV_UART/pslv_uart.o
 .debug_abbrev  0x0000000000002d6a      0x1b1 ./Header_C_files/I2C/i2c.o
 .debug_abbrev  0x0000000000002f1b       0x81 ./Header_C_files/GPIOs/gpios.o
 .debug_abbrev  0x0000000000002f9c      0x2e5 ./Header_C_files/EPS/eps.o
 .debug_abbrev  0x0000000000003281      0x199 ./Header_C_files/CCSDS/ccsds.o
 .debug_abbrev  0x000000000000341a       0x14 ./CMSIS/startup_gcc/startup_m2sxxx.o
 .debug_abbrev  0x000000000000342e      0x18d ./CMSIS/system_m2sxxx.o

.debug_line     0x0000000000000000     0x83be
 *(.debug_line)
 .debug_line    0x0000000000000000       0x4d ./hal/CortexM3/GNU/hal.o
 .debug_line    0x000000000000004d       0x8b ./hal/CortexM3/GNU/hw_reg_access.o
 .debug_line    0x00000000000000d8      0x6c3 ./drivers_config/mss_spi/mss_spi.o
 .debug_line    0x000000000000079b      0xd75 ./drivers/mss_uart/mss_uart.o
 .debug_line    0x0000000000001510      0x428 ./drivers/mss_sys_services/mss_comblk.o
 .debug_line    0x0000000000001938      0x2e7 ./drivers/mss_pdma/mss_pdma.o
 .debug_line    0x0000000000001c1f      0x774 ./drivers/mss_i2c/mss_i2c.o
 .debug_line    0x0000000000002393      0x331 ./drivers/mss_hpdma/mss_hpdma.o
 .debug_line    0x00000000000026c4      0x2ad ./drivers/mss_gpio/mss_gpio.o
 .debug_line    0x0000000000002971      0x893 ./drivers/CoreI2C/core_i2c.o
 .debug_line    0x0000000000003204      0x32d ./drivers/CoreI2C/i2c_interrupt.o
 .debug_line    0x0000000000003531      0x660 ./Header_C_files/Utils/utils.o
 .debug_line    0x0000000000003b91      0x98b ./Header_C_files/Test/test.o
 .debug_line    0x000000000000451c      0x986 ./Header_C_files/Seq_ops/main.o
 .debug_line    0x0000000000004ea2      0x60d ./Header_C_files/SPI_Flash/spi_flash.o
 .debug_line    0x00000000000054af      0x7a6 ./Header_C_files/SENSOR_BOARD/sensor_board.o
 .debug_line    0x0000000000005c55      0x9ad ./Header_C_files/SD_CARD/sd.o
 .debug_line    0x0000000000006602      0x411 ./Header_C_files/RTC/rtc.o
 .debug_line    0x0000000000006a13      0x4e7 ./Header_C_files/PSLV_UART/pslv_uart.o
 .debug_line    0x0000000000006efa      0x559 ./Header_C_files/I2C/i2c.o
 .debug_line    0x0000000000007453      0x20c ./Header_C_files/GPIOs/gpios.o
 .debug_line    0x000000000000765f      0x6e1 ./Header_C_files/EPS/eps.o
 .debug_line    0x0000000000007d40      0x2f0 ./Header_C_files/CCSDS/ccsds.o
 .debug_line    0x0000000000008030      0x18e ./CMSIS/startup_gcc/startup_m2sxxx.o
 .debug_line    0x00000000000081be      0x200 ./CMSIS/system_m2sxxx.o

.debug_frame    0x0000000000000000     0x3280
 *(.debug_frame)
 .debug_frame   0x0000000000000000      0x3c0 ./drivers_config/mss_spi/mss_spi.o
 .debug_frame   0x00000000000003c0      0x820 ./drivers/mss_uart/mss_uart.o
 .debug_frame   0x0000000000000be0      0x240 ./drivers/mss_sys_services/mss_comblk.o
 .debug_frame   0x0000000000000e20      0x1ec ./drivers/mss_pdma/mss_pdma.o
 .debug_frame   0x000000000000100c      0x540 ./drivers/mss_i2c/mss_i2c.o
 .debug_frame   0x000000000000154c      0x208 ./drivers/mss_hpdma/mss_hpdma.o
 .debug_frame   0x0000000000001754      0x198 ./drivers/mss_gpio/mss_gpio.o
 .debug_frame   0x00000000000018ec      0x484 ./drivers/CoreI2C/core_i2c.o
 .debug_frame   0x0000000000001d70       0xa8 ./drivers/CoreI2C/i2c_interrupt.o
 .debug_frame   0x0000000000001e18      0x3d4 ./Header_C_files/Utils/utils.o
 .debug_frame   0x00000000000021ec      0x15c ./Header_C_files/Test/test.o
 .debug_frame   0x0000000000002348      0x258 ./Header_C_files/Seq_ops/main.o
 .debug_frame   0x00000000000025a0      0x268 ./Header_C_files/SPI_Flash/spi_flash.o
 .debug_frame   0x0000000000002808      0x11c ./Header_C_files/SENSOR_BOARD/sensor_board.o
 .debug_frame   0x0000000000002924      0x268 ./Header_C_files/SD_CARD/sd.o
 .debug_frame   0x0000000000002b8c      0x1c4 ./Header_C_files/RTC/rtc.o
 .debug_frame   0x0000000000002d50       0xac ./Header_C_files/PSLV_UART/pslv_uart.o
 .debug_frame   0x0000000000002dfc      0x10c ./Header_C_files/I2C/i2c.o
 .debug_frame   0x0000000000002f08       0x2c ./Header_C_files/GPIOs/gpios.o
 .debug_frame   0x0000000000002f34      0x110 ./Header_C_files/EPS/eps.o
 .debug_frame   0x0000000000003044       0x5c ./Header_C_files/CCSDS/ccsds.o
 .debug_frame   0x00000000000030a0      0x10c ./CMSIS/system_m2sxxx.o
 .debug_frame   0x00000000000031ac       0x2c c:/microsemi/softconsole_v6.0/arm-none-eabi-gcc/bin/../lib/gcc/arm-none-eabi/7.3.1/thumb/v7-m\libgcc.a(_aeabi_uldivmod.o)
 .debug_frame   0x00000000000031d8       0x34 c:/microsemi/softconsole_v6.0/arm-none-eabi-gcc/bin/../lib/gcc/arm-none-eabi/7.3.1/thumb/v7-m\libgcc.a(_udivmoddi4.o)
 .debug_frame   0x000000000000320c       0x2c c:/microsemi/softconsole_v6.0/arm-none-eabi-gcc/bin/../lib/gcc/arm-none-eabi/7.3.1/../../../../arm-none-eabi/lib/thumb/v7-m\libg_nano.a(lib_a-init.o)
 .debug_frame   0x0000000000003238       0x28 c:/microsemi/softconsole_v6.0/arm-none-eabi-gcc/bin/../lib/gcc/arm-none-eabi/7.3.1/../../../../arm-none-eabi/lib/thumb/v7-m\libg_nano.a(lib_a-memcpy-stub.o)
 .debug_frame   0x0000000000003260       0x20 c:/microsemi/softconsole_v6.0/arm-none-eabi-gcc/bin/../lib/gcc/arm-none-eabi/7.3.1/../../../../arm-none-eabi/lib/thumb/v7-m\libg_nano.a(lib_a-memset.o)

.debug_str      0x0000000000000000     0x5900
 *(.debug_str)
 .debug_str     0x0000000000000000       0xb7 ./hal/CortexM3/GNU/hal.o
 .debug_str     0x00000000000000b7       0x24 ./hal/CortexM3/GNU/hw_reg_access.o
                                         0xc1 (size before relaxing)
 .debug_str     0x00000000000000db     0x17cc ./drivers_config/mss_spi/mss_spi.o
                                       0x1a63 (size before relaxing)
 .debug_str     0x00000000000018a7      0xba2 ./drivers/mss_uart/mss_uart.o
                                       0x1b22 (size before relaxing)
 .debug_str     0x0000000000002449      0x335 ./drivers/mss_sys_services/mss_comblk.o
                                        0xb88 (size before relaxing)
 .debug_str     0x000000000000277e      0x491 ./drivers/mss_pdma/mss_pdma.o
                                       0x137b (size before relaxing)
 .debug_str     0x0000000000002c0f      0x7f2 ./drivers/mss_i2c/mss_i2c.o
                                       0x1c1f (size before relaxing)
 .debug_str     0x0000000000003401      0x4f1 ./drivers/mss_hpdma/mss_hpdma.o
                                       0x13e2 (size before relaxing)
 .debug_str     0x00000000000038f2      0x47f ./drivers/mss_gpio/mss_gpio.o
                                       0x1337 (size before relaxing)
 .debug_str     0x0000000000003d71      0x4eb ./drivers/CoreI2C/core_i2c.o
                                       0x19ff (size before relaxing)
 .debug_str     0x000000000000425c       0x72 ./drivers/CoreI2C/i2c_interrupt.o
                                        0xabb (size before relaxing)
 .debug_str     0x00000000000042ce      0x424 ./Header_C_files/Utils/utils.o
                                       0x16ab (size before relaxing)
 .debug_str     0x00000000000046f2      0x2ac ./Header_C_files/Test/test.o
                                       0x1b86 (size before relaxing)
 .debug_str     0x000000000000499e      0x24c ./Header_C_files/Seq_ops/main.o
                                       0x18dd (size before relaxing)
 .debug_str     0x0000000000004bea      0x320 ./Header_C_files/SPI_Flash/spi_flash.o
                                       0x1658 (size before relaxing)
 .debug_str     0x0000000000004f0a      0x194 ./Header_C_files/SENSOR_BOARD/sensor_board.o
                                       0x188f (size before relaxing)
 .debug_str     0x000000000000509e      0x2b3 ./Header_C_files/SD_CARD/sd.o
                                       0x17f8 (size before relaxing)
 .debug_str     0x0000000000005351       0xf0 ./Header_C_files/RTC/rtc.o
                                        0xf27 (size before relaxing)
 .debug_str     0x0000000000005441       0x9b ./Header_C_files/PSLV_UART/pslv_uart.o
                                       0x1341 (size before relaxing)
 .debug_str     0x00000000000054dc       0xe6 ./Header_C_files/I2C/i2c.o
                                       0x11d0 (size before relaxing)
 .debug_str     0x00000000000055c2       0x32 ./Header_C_files/GPIOs/gpios.o
                                        0x3a6 (size before relaxing)
 .debug_str     0x00000000000055f4       0xd2 ./Header_C_files/EPS/eps.o
                                       0x1826 (size before relaxing)
 .debug_str     0x00000000000056c6       0x7f ./Header_C_files/CCSDS/ccsds.o
                                        0xeae (size before relaxing)
 .debug_str     0x0000000000005745       0x26 ./CMSIS/startup_gcc/startup_m2sxxx.o
                                         0xc3 (size before relaxing)
 .debug_str     0x000000000000576b      0x195 ./CMSIS/system_m2sxxx.o
                                        0xb29 (size before relaxing)

.debug_loc
 *(.debug_loc)

.debug_macinfo
 *(.debug_macinfo)

.debug_weaknames
 *(.debug_weaknames)

.debug_funcnames
 *(.debug_funcnames)

.debug_typenames
 *(.debug_typenames)

.debug_varnames
 *(.debug_varnames)

.note.gnu.arm.ident
 *(.note.gnu.arm.ident)

.ARM.attributes
                0x0000000000000000       0x29
 *(.ARM.attributes)
 .ARM.attributes
                0x0000000000000000       0x1d c:/microsemi/softconsole_v6.0/arm-none-eabi-gcc/bin/../lib/gcc/arm-none-eabi/7.3.1/thumb/v7-m/crti.o
 .ARM.attributes
                0x000000000000001d       0x2d c:/microsemi/softconsole_v6.0/arm-none-eabi-gcc/bin/../lib/gcc/arm-none-eabi/7.3.1/thumb/v7-m/crtbegin.o
 .ARM.attributes
                0x000000000000004a       0x1b c:/microsemi/softconsole_v6.0/arm-none-eabi-gcc/bin/../lib/gcc/arm-none-eabi/7.3.1/../../../../arm-none-eabi/lib/thumb/v7-m/crt0.o
 .ARM.attributes
                0x0000000000000065       0x21 ./hal/CortexM3/GNU/hal.o
 .ARM.attributes
                0x0000000000000086       0x21 ./hal/CortexM3/GNU/hw_reg_access.o
 .ARM.attributes
                0x00000000000000a7       0x33 ./hal/CortexM3/cortex_nvic.o
 .ARM.attributes
                0x00000000000000da       0x33 ./drivers_config/sys_config/sys_config.o
 .ARM.attributes
                0x000000000000010d       0x33 ./drivers_config/mss_spi/mss_spi.o
 .ARM.attributes
                0x0000000000000140       0x33 ./drivers/mss_uart/mss_uart.o
 .ARM.attributes
                0x0000000000000173       0x33 ./drivers/mss_sys_services/mss_comblk.o
 .ARM.attributes
                0x00000000000001a6       0x33 ./drivers/mss_sys_services/mss_sys_services.o
 .ARM.attributes
                0x00000000000001d9       0x33 ./drivers/mss_pdma/mss_pdma.o
 .ARM.attributes
                0x000000000000020c       0x33 ./drivers/mss_nvm/mss_nvm.o
 .ARM.attributes
                0x000000000000023f       0x33 ./drivers/mss_i2c/mss_i2c.o
 .ARM.attributes
                0x0000000000000272       0x33 ./drivers/mss_hpdma/mss_hpdma.o
 .ARM.attributes
                0x00000000000002a5       0x33 ./drivers/mss_gpio/mss_gpio.o
 .ARM.attributes
                0x00000000000002d8       0x33 ./drivers/CoreUARTapb/core_uart_apb.o
 .ARM.attributes
                0x000000000000030b       0x33 ./drivers/CoreSPI/core_spi.o
 .ARM.attributes
                0x000000000000033e       0x33 ./drivers/CoreI2C/core_i2c.o
 .ARM.attributes
                0x0000000000000371       0x33 ./drivers/CoreI2C/i2c_interrupt.o
 .ARM.attributes
                0x00000000000003a4       0x33 ./Header_C_files/Utils/utils.o
 .ARM.attributes
                0x00000000000003d7       0x33 ./Header_C_files/Test/test.o
 .ARM.attributes
                0x000000000000040a       0x33 ./Header_C_files/Seq_ops/main.o
 .ARM.attributes
                0x000000000000043d       0x33 ./Header_C_files/SPI_Flash/spi_flash.o
 .ARM.attributes
                0x0000000000000470       0x33 ./Header_C_files/SENSOR_BOARD/sensor_board.o
 .ARM.attributes
                0x00000000000004a3       0x33 ./Header_C_files/SD_CARD/sd.o
 .ARM.attributes
                0x00000000000004d6       0x33 ./Header_C_files/RTC/rtc.o
 .ARM.attributes
                0x0000000000000509       0x33 ./Header_C_files/PSLV_UART/pslv_uart.o
 .ARM.attributes
                0x000000000000053c       0x33 ./Header_C_files/I2C/i2c.o
 .ARM.attributes
                0x000000000000056f       0x33 ./Header_C_files/GPIOs/gpios.o
 .ARM.attributes
                0x00000000000005a2       0x33 ./Header_C_files/EPS/eps.o
 .ARM.attributes
                0x00000000000005d5       0x33 ./Header_C_files/CCSDS/ccsds.o
 .ARM.attributes
                0x0000000000000608       0x33 ./CMSIS/startup_gcc/newlib_stubs.o
 .ARM.attributes
                0x000000000000063b       0x21 ./CMSIS/startup_gcc/startup_m2sxxx.o
 .ARM.attributes
                0x000000000000065c       0x33 ./CMSIS/system_m2sxxx.o
 .ARM.attributes
                0x000000000000068f       0x1d c:/microsemi/softconsole_v6.0/arm-none-eabi-gcc/bin/../lib/gcc/arm-none-eabi/7.3.1/thumb/v7-m\libgcc.a(_arm_addsubsf3.o)
 .ARM.attributes
                0x00000000000006ac       0x1d c:/microsemi/softconsole_v6.0/arm-none-eabi-gcc/bin/../lib/gcc/arm-none-eabi/7.3.1/thumb/v7-m\libgcc.a(_arm_fixunssfsi.o)
 .ARM.attributes
                0x00000000000006c9       0x1d c:/microsemi/softconsole_v6.0/arm-none-eabi-gcc/bin/../lib/gcc/arm-none-eabi/7.3.1/thumb/v7-m\libgcc.a(_aeabi_uldivmod.o)
 .ARM.attributes
                0x00000000000006e6       0x2d c:/microsemi/softconsole_v6.0/arm-none-eabi-gcc/bin/../lib/gcc/arm-none-eabi/7.3.1/thumb/v7-m\libgcc.a(_udivmoddi4.o)
 .ARM.attributes
                0x0000000000000713       0x1d c:/microsemi/softconsole_v6.0/arm-none-eabi-gcc/bin/../lib/gcc/arm-none-eabi/7.3.1/thumb/v7-m\libgcc.a(_dvmd_tls.o)
 .ARM.attributes
                0x0000000000000730       0x2d c:/microsemi/softconsole_v6.0/arm-none-eabi-gcc/bin/../lib/gcc/arm-none-eabi/7.3.1/../../../../arm-none-eabi/lib/thumb/v7-m\libg_nano.a(lib_a-errno.o)
 .ARM.attributes
                0x000000000000075d       0x2d c:/microsemi/softconsole_v6.0/arm-none-eabi-gcc/bin/../lib/gcc/arm-none-eabi/7.3.1/../../../../arm-none-eabi/lib/thumb/v7-m\libg_nano.a(lib_a-exit.o)
 .ARM.attributes
                0x000000000000078a       0x2d c:/microsemi/softconsole_v6.0/arm-none-eabi-gcc/bin/../lib/gcc/arm-none-eabi/7.3.1/../../../../arm-none-eabi/lib/thumb/v7-m\libg_nano.a(lib_a-impure.o)
 .ARM.attributes
                0x00000000000007b7       0x2d c:/microsemi/softconsole_v6.0/arm-none-eabi-gcc/bin/../lib/gcc/arm-none-eabi/7.3.1/../../../../arm-none-eabi/lib/thumb/v7-m\libg_nano.a(lib_a-init.o)
 .ARM.attributes
                0x00000000000007e4       0x2d c:/microsemi/softconsole_v6.0/arm-none-eabi-gcc/bin/../lib/gcc/arm-none-eabi/7.3.1/../../../../arm-none-eabi/lib/thumb/v7-m\libg_nano.a(lib_a-memcpy-stub.o)
 .ARM.attributes
                0x0000000000000811       0x2d c:/microsemi/softconsole_v6.0/arm-none-eabi-gcc/bin/../lib/gcc/arm-none-eabi/7.3.1/../../../../arm-none-eabi/lib/thumb/v7-m\libg_nano.a(lib_a-memset.o)
 .ARM.attributes
                0x000000000000083e       0x2d c:/microsemi/softconsole_v6.0/arm-none-eabi-gcc/bin/../lib/gcc/arm-none-eabi/7.3.1/thumb/v7-m/crtend.o
 .ARM.attributes
                0x000000000000086b       0x1d c:/microsemi/softconsole_v6.0/arm-none-eabi-gcc/bin/../lib/gcc/arm-none-eabi/7.3.1/thumb/v7-m/crtn.o

/DISCARD/
 *(.note.GNU-stack)
OUTPUT(test.elf elf32-littlearm)

.debug_ranges   0x0000000000000000      0xb90
 .debug_ranges  0x0000000000000000       0xd0 ./drivers_config/mss_spi/mss_spi.o
 .debug_ranges  0x00000000000000d0      0x1d8 ./drivers/mss_uart/mss_uart.o
 .debug_ranges  0x00000000000002a8       0xd0 ./drivers/mss_sys_services/mss_comblk.o
 .debug_ranges  0x0000000000000378       0x68 ./drivers/mss_pdma/mss_pdma.o
 .debug_ranges  0x00000000000003e0      0x118 ./drivers/mss_i2c/mss_i2c.o
 .debug_ranges  0x00000000000004f8       0x70 ./drivers/mss_hpdma/mss_hpdma.o
 .debug_ranges  0x0000000000000568       0x58 ./drivers/mss_gpio/mss_gpio.o
 .debug_ranges  0x00000000000005c0      0x100 ./drivers/CoreI2C/core_i2c.o
 .debug_ranges  0x00000000000006c0       0x28 ./drivers/CoreI2C/i2c_interrupt.o
 .debug_ranges  0x00000000000006e8       0xd0 ./Header_C_files/Utils/utils.o
 .debug_ranges  0x00000000000007b8       0x58 ./Header_C_files/Test/test.o
 .debug_ranges  0x0000000000000810       0x90 ./Header_C_files/Seq_ops/main.o
 .debug_ranges  0x00000000000008a0       0x88 ./Header_C_files/SPI_Flash/spi_flash.o
 .debug_ranges  0x0000000000000928       0x40 ./Header_C_files/SENSOR_BOARD/sensor_board.o
 .debug_ranges  0x0000000000000968       0x88 ./Header_C_files/SD_CARD/sd.o
 .debug_ranges  0x00000000000009f0       0x68 ./Header_C_files/RTC/rtc.o
 .debug_ranges  0x0000000000000a58       0x30 ./Header_C_files/PSLV_UART/pslv_uart.o
 .debug_ranges  0x0000000000000a88       0x48 ./Header_C_files/I2C/i2c.o
 .debug_ranges  0x0000000000000ad0       0x10 ./Header_C_files/GPIOs/gpios.o
 .debug_ranges  0x0000000000000ae0       0x40 ./Header_C_files/EPS/eps.o
 .debug_ranges  0x0000000000000b20       0x18 ./Header_C_files/CCSDS/ccsds.o
 .debug_ranges  0x0000000000000b38       0x58 ./CMSIS/system_m2sxxx.o

.comment        0x0000000000000000       0x71
 .comment       0x0000000000000000       0x71 ./drivers_config/mss_spi/mss_spi.o
                                         0x72 (size before relaxing)
 .comment       0x0000000000000071       0x72 ./drivers/mss_uart/mss_uart.o
 .comment       0x0000000000000071       0x72 ./drivers/mss_sys_services/mss_comblk.o
 .comment       0x0000000000000071       0x72 ./drivers/mss_pdma/mss_pdma.o
 .comment       0x0000000000000071       0x72 ./drivers/mss_i2c/mss_i2c.o
 .comment       0x0000000000000071       0x72 ./drivers/mss_hpdma/mss_hpdma.o
 .comment       0x0000000000000071       0x72 ./drivers/mss_gpio/mss_gpio.o
 .comment       0x0000000000000071       0x72 ./drivers/CoreI2C/core_i2c.o
 .comment       0x0000000000000071       0x72 ./drivers/CoreI2C/i2c_interrupt.o
 .comment       0x0000000000000071       0x72 ./Header_C_files/Utils/utils.o
 .comment       0x0000000000000071       0x72 ./Header_C_files/Test/test.o
 .comment       0x0000000000000071       0x72 ./Header_C_files/Seq_ops/main.o
 .comment       0x0000000000000071       0x72 ./Header_C_files/SPI_Flash/spi_flash.o
 .comment       0x0000000000000071       0x72 ./Header_C_files/SENSOR_BOARD/sensor_board.o
 .comment       0x0000000000000071       0x72 ./Header_C_files/SD_CARD/sd.o
 .comment       0x0000000000000071       0x72 ./Header_C_files/RTC/rtc.o
 .comment       0x0000000000000071       0x72 ./Header_C_files/PSLV_UART/pslv_uart.o
 .comment       0x0000000000000071       0x72 ./Header_C_files/I2C/i2c.o
 .comment       0x0000000000000071       0x72 ./Header_C_files/GPIOs/gpios.o
 .comment       0x0000000000000071       0x72 ./Header_C_files/EPS/eps.o
 .comment       0x0000000000000071       0x72 ./Header_C_files/CCSDS/ccsds.o
 .comment       0x0000000000000071       0x72 ./CMSIS/system_m2sxxx.o
