Archive member included to satisfy reference by file (symbol)

c:/microsemi/softconsole_v6.0/arm-none-eabi-gcc/bin/../lib/gcc/arm-none-eabi/7.3.1/thumb/v7-m\libgcc.a(_arm_addsubsf3.o)
                              ./Header_C_files/Utils/utils.o (__aeabi_i2f)
c:/microsemi/softconsole_v6.0/arm-none-eabi-gcc/bin/../lib/gcc/arm-none-eabi/7.3.1/thumb/v7-m\libgcc.a(_arm_fixunssfsi.o)
                              ./Header_C_files/Utils/utils.o (__aeabi_f2uiz)
c:/microsemi/softconsole_v6.0/arm-none-eabi-gcc/bin/../lib/gcc/arm-none-eabi/7.3.1/thumb/v7-m\libgcc.a(_aeabi_uldivmod.o)
                              ./Header_C_files/Test/test.o (__aeabi_uldivmod)
c:/microsemi/softconsole_v6.0/arm-none-eabi-gcc/bin/../lib/gcc/arm-none-eabi/7.3.1/thumb/v7-m\libgcc.a(_udivmoddi4.o)
                              c:/microsemi/softconsole_v6.0/arm-none-eabi-gcc/bin/../lib/gcc/arm-none-eabi/7.3.1/thumb/v7-m\libgcc.a(_aeabi_uldivmod.o) (__udivmoddi4)
c:/microsemi/softconsole_v6.0/arm-none-eabi-gcc/bin/../lib/gcc/arm-none-eabi/7.3.1/thumb/v7-m\libgcc.a(_dvmd_tls.o)
                              c:/microsemi/softconsole_v6.0/arm-none-eabi-gcc/bin/../lib/gcc/arm-none-eabi/7.3.1/thumb/v7-m\libgcc.a(_aeabi_uldivmod.o) (__aeabi_ldiv0)
c:/microsemi/softconsole_v6.0/arm-none-eabi-gcc/bin/../lib/gcc/arm-none-eabi/7.3.1/../../../../arm-none-eabi/lib/thumb/v7-m\libg_nano.a(lib_a-errno.o)
                              ./CMSIS/startup_gcc/newlib_stubs.o (__errno)
c:/microsemi/softconsole_v6.0/arm-none-eabi-gcc/bin/../lib/gcc/arm-none-eabi/7.3.1/../../../../arm-none-eabi/lib/thumb/v7-m\libg_nano.a(lib_a-exit.o)
                              c:/microsemi/softconsole_v6.0/arm-none-eabi-gcc/bin/../lib/gcc/arm-none-eabi/7.3.1/../../../../arm-none-eabi/lib/thumb/v7-m/crt0.o (exit)
c:/microsemi/softconsole_v6.0/arm-none-eabi-gcc/bin/../lib/gcc/arm-none-eabi/7.3.1/../../../../arm-none-eabi/lib/thumb/v7-m\libg_nano.a(lib_a-impure.o)
                              c:/microsemi/softconsole_v6.0/arm-none-eabi-gcc/bin/../lib/gcc/arm-none-eabi/7.3.1/../../../../arm-none-eabi/lib/thumb/v7-m\libg_nano.a(lib_a-exit.o) (_global_impure_ptr)
c:/microsemi/softconsole_v6.0/arm-none-eabi-gcc/bin/../lib/gcc/arm-none-eabi/7.3.1/../../../../arm-none-eabi/lib/thumb/v7-m\libg_nano.a(lib_a-init.o)
                              c:/microsemi/softconsole_v6.0/arm-none-eabi-gcc/bin/../lib/gcc/arm-none-eabi/7.3.1/../../../../arm-none-eabi/lib/thumb/v7-m/crt0.o (__libc_init_array)
c:/microsemi/softconsole_v6.0/arm-none-eabi-gcc/bin/../lib/gcc/arm-none-eabi/7.3.1/../../../../arm-none-eabi/lib/thumb/v7-m\libg_nano.a(lib_a-memcpy-stub.o)
                              ./drivers/mss_sys_services/mss_sys_services.o (memcpy)
c:/microsemi/softconsole_v6.0/arm-none-eabi-gcc/bin/../lib/gcc/arm-none-eabi/7.3.1/../../../../arm-none-eabi/lib/thumb/v7-m\libg_nano.a(lib_a-memset.o)
                              c:/microsemi/softconsole_v6.0/arm-none-eabi-gcc/bin/../lib/gcc/arm-none-eabi/7.3.1/../../../../arm-none-eabi/lib/thumb/v7-m/crt0.o (memset)

Allocating common symbols
Common symbol       size              file

Transmit_MSG        0x400             ./Header_C_files/Seq_ops/main.o
FLASH_SPI           0x4               ./Header_C_files/SPI_Flash/spi_flash.o
g_core_i2c2         0x6c              ./Header_C_files/Test/test.o
rx_buff             0x1               ./Header_C_files/Test/test.o
g_core_i2c0         0x6c              ./Header_C_files/Test/test.o
SD_Status           0x1               ./Header_C_files/SD_CARD/sd.o
g_core_i2c1         0x6c              ./Header_C_files/Test/test.o
g_mss_spi1          0x84              ./drivers_config/mss_spi/mss_spi.o
instance            0x1               ./Header_C_files/Test/test.o
tmp_buff            0x200             ./Header_C_files/SD_CARD/sd.o
g_core_i2c3         0x6c              ./Header_C_files/Test/test.o
g_mss_uart1         0x40              ./drivers/mss_uart/mss_uart.o
Beacon_pack_IS0     0x79              ./Header_C_files/Utils/utils.o
statusG             0x8               ./Header_C_files/Seq_ops/main.o
g_mss_i2c0          0x74              ./drivers/mss_i2c/mss_i2c.o
ret_val             0x4               ./Header_C_files/Seq_ops/main.o
g_mss_uart0         0x40              ./drivers/mss_uart/mss_uart.o
GS_Pipeline_CMD     0xee              ./Header_C_files/Seq_ops/main.o
Globals             0x83              ./Header_C_files/Seq_ops/main.o
CMD17               0x8               ./Header_C_files/SD_CARD/sd.o
g_mss_spi0          0x84              ./drivers_config/mss_spi/mss_spi.o
g_mss_i2c1          0x74              ./drivers/mss_i2c/mss_i2c.o

Discarded input sections

 .text          0x0000000000000000        0x0 c:/microsemi/softconsole_v6.0/arm-none-eabi-gcc/bin/../lib/gcc/arm-none-eabi/7.3.1/thumb/v7-m/crti.o
 .data          0x0000000000000000        0x0 c:/microsemi/softconsole_v6.0/arm-none-eabi-gcc/bin/../lib/gcc/arm-none-eabi/7.3.1/thumb/v7-m/crti.o
[...]
Memory Configuration

Name             Origin             Length             Attributes
rom              0x0000000060000000 0x0000000000040000 xr
romMirror        0x0000000000000000 0x0000000000040000 xr
ram              0x0000000020000000 0x0000000000010000 xrw
*default*        0x0000000000000000 0xffffffffffffffff

Linker script and memory map

LOAD c:/microsemi/softconsole_v6.0/arm-none-eabi-gcc/bin/../lib/gcc/arm-none-eabi/7.3.1/thumb/v7-m/crti.o
LOAD c:/microsemi/softconsole_v6.0/arm-none-eabi-gcc/bin/../lib/gcc/arm-none-eabi/7.3.1/thumb/v7-m/crtbegin.o
LOAD c:/microsemi/softconsole_v6.0/arm-none-eabi-gcc/bin/../lib/gcc/arm-none-eabi/7.3.1/../../../../arm-none-eabi/lib/thumb/v7-m/crt0.o
LOAD ./hal/CortexM3/GNU/hal.o
LOAD ./hal/CortexM3/GNU/hw_reg_access.o
LOAD ./hal/CortexM3/cortex_nvic.o
LOAD ./drivers_config/sys_config/sys_config.o
LOAD ./drivers_config/mss_spi/mss_spi.o
LOAD ./drivers/mss_uart/mss_uart.o
LOAD ./drivers/mss_sys_services/mss_comblk.o
LOAD ./drivers/mss_sys_services/mss_sys_services.o
LOAD ./drivers/mss_pdma/mss_pdma.o
LOAD ./drivers/mss_nvm/mss_nvm.o
LOAD ./drivers/mss_i2c/mss_i2c.o
LOAD ./drivers/mss_hpdma/mss_hpdma.o
LOAD ./drivers/mss_gpio/mss_gpio.o
LOAD ./drivers/CoreUARTapb/core_uart_apb.o
LOAD ./drivers/CoreSPI/core_spi.o
LOAD ./drivers/CoreI2C/core_i2c.o
LOAD ./drivers/CoreI2C/i2c_interrupt.o
LOAD ./Header_C_files/Utils/utils.o
LOAD ./Header_C_files/Test/test.o
LOAD ./Header_C_files/Seq_ops/main.o
LOAD ./Header_C_files/SPI_Flash/spi_flash.o
LOAD ./Header_C_files/SENSOR_BOARD/sensor_board.o
LOAD ./Header_C_files/SD_CARD/sd.o
LOAD ./Header_C_files/RTC/rtc.o
LOAD ./Header_C_files/I2C/i2c.o
LOAD ./Header_C_files/GPIOs/gpios.o
LOAD ./Header_C_files/EPS/eps.o
LOAD ./Header_C_files/CCSDS/ccsds.o
LOAD ./CMSIS/startup_gcc/newlib_stubs.o
LOAD ./CMSIS/startup_gcc/startup_m2sxxx.o
LOAD ./CMSIS/system_m2sxxx.o
START GROUP
LOAD c:/microsemi/softconsole_v6.0/arm-none-eabi-gcc/bin/../lib/gcc/arm-none-eabi/7.3.1/thumb/v7-m\libgcc.a
LOAD c:/microsemi/softconsole_v6.0/arm-none-eabi-gcc/bin/../lib/gcc/arm-none-eabi/7.3.1/../../../../arm-none-eabi/lib/thumb/v7-m\libg_nano.a
LOAD c:/microsemi/softconsole_v6.0/arm-none-eabi-gcc/bin/../lib/gcc/arm-none-eabi/7.3.1/../../../../arm-none-eabi/lib/thumb/v7-m\libc_nano.a
END GROUP
START GROUP
LOAD c:/microsemi/softconsole_v6.0/arm-none-eabi-gcc/bin/../lib/gcc/arm-none-eabi/7.3.1/thumb/v7-m\libgcc.a
LOAD c:/microsemi/softconsole_v6.0/arm-none-eabi-gcc/bin/../lib/gcc/arm-none-eabi/7.3.1/../../../../arm-none-eabi/lib/thumb/v7-m\libc_nano.a
END GROUP
LOAD c:/microsemi/softconsole_v6.0/arm-none-eabi-gcc/bin/../lib/gcc/arm-none-eabi/7.3.1/thumb/v7-m/crtend.o
LOAD c:/microsemi/softconsole_v6.0/arm-none-eabi-gcc/bin/../lib/gcc/arm-none-eabi/7.3.1/thumb/v7-m/crtn.o
START GROUP
LOAD c:/microsemi/softconsole_v6.0/arm-none-eabi-gcc/bin/../lib/gcc/arm-none-eabi/7.3.1/../../../../arm-none-eabi/lib/thumb/v7-m\libc.a
LOAD c:/microsemi/softconsole_v6.0/arm-none-eabi-gcc/bin/../lib/gcc/arm-none-eabi/7.3.1/thumb/v7-m\libgcc.a
LOAD c:/microsemi/softconsole_v6.0/arm-none-eabi-gcc/bin/../lib/gcc/arm-none-eabi/7.3.1/../../../../arm-none-eabi/lib/thumb/v7-m\libm.a
END GROUP
                0x0000000000000000                __DYNAMIC = 0x0
                0x0000000020000000                RAM_START_ADDRESS = 0x20000000
                0x0000000000010000                RAM_SIZE = 0x10000
                0x0000000000001000                MAIN_STACK_SIZE = 0x1000
                0x0000000000001000                MIN_SIZE_HEAP = 0x1000
                0x0000000020010000                PROVIDE (__main_stack_start = (RAM_START_ADDRESS + RAM_SIZE))
                0x0000000020010000                PROVIDE (_estack = __main_stack_start)
                0x0000000000000001                PROVIDE (__mirrored_nvm = 0x1)
                0x0000000000000000                PROVIDE (__smartfusion2_memory_remap = 0x0)

.vector_table   0x0000000000000000      0x190 load address 0x0000000060000000
                0x0000000060000000                __vector_table_load = LOADADDR (.vector_table)
                0x0000000000000000                __vector_table_start = .
                0x0000000000000000                __vector_table_vma_base_address = .
 *(.isr_vector)
 .isr_vector    0x0000000000000000      0x190 ./CMSIS/startup_gcc/startup_m2sxxx.o
                0x0000000000000000                g_pfnVectors
                0x0000000000000190                . = ALIGN (0x10)
                0x0000000000000190                _evector_table = .

.boot_code      0x0000000000000190      0x3e0 load address 0x0000000060000190
 *(.boot_code)
 .boot_code     0x0000000000000190      0x31c ./CMSIS/startup_gcc/startup_m2sxxx.o
                0x0000000000000190                Reset_Handler
                0x000000000000037e                NMI_Handler
                0x0000000000000380                HardFault_Handler
                0x0000000000000382                MemManage_Handler
                0x0000000000000384                BusFault_Handler
                0x0000000000000386                UsageFault_Handler
                0x0000000000000388                SVC_Handler
                0x000000000000038a                DebugMon_Handler
                0x000000000000038c                PendSV_Handler
                0x0000000000000390                WdogWakeup_IRQHandler
                0x0000000000000392                RTC_Wakeup_IRQHandler
                0x000000000000039a                I2C0_SMBAlert_IRQHandler
                0x000000000000039c                I2C0_SMBus_IRQHandler
                0x00000000000003a0                I2C1_SMBAlert_IRQHandler
                0x00000000000003a2                I2C1_SMBus_IRQHandler
                0x00000000000003a8                EthernetMAC_IRQHandler
                0x00000000000003ac                Timer1_IRQHandler
                0x00000000000003ae                Timer2_IRQHandler
                0x00000000000003b0                CAN_IRQHandler
                0x00000000000003b2                ENVM0_IRQHandler
                0x00000000000003b4                ENVM1_IRQHandler
                0x00000000000003b8                USB_IRQHandler
                0x00000000000003ba                USB_DMA_IRQHandler
                0x00000000000003bc                PLL_Lock_IRQHandler
                0x00000000000003be                PLL_LockLost_IRQHandler
                0x00000000000003c0                CommSwitchError_IRQHandler
                0x00000000000003c2                CacheError_IRQHandler
                0x00000000000003c4                DDR_IRQHandler
                0x00000000000003ca                ECC_Error_IRQHandler
                0x00000000000003cc                MDDR_IOCalib_IRQHandler
                0x00000000000003ce                FAB_PLL_Lock_IRQHandler
                0x00000000000003d0                FAB_PLL_LockLost_IRQHandler
                0x00000000000003d2                FIC64_IRQHandler
                0x00000000000003dc                FabricIrq4_IRQHandler
                0x00000000000003de                FabricIrq5_IRQHandler
                0x00000000000003e0                FabricIrq6_IRQHandler
                0x00000000000003e2                FabricIrq7_IRQHandler
                0x00000000000003e4                FabricIrq8_IRQHandler
                0x00000000000003e6                FabricIrq9_IRQHandler
                0x00000000000003e8                FabricIrq10_IRQHandler
                0x00000000000003ea                FabricIrq11_IRQHandler
                0x00000000000003ec                FabricIrq12_IRQHandler
                0x00000000000003ee                FabricIrq13_IRQHandler
                0x00000000000003f0                FabricIrq14_IRQHandler
                0x00000000000003f2                FabricIrq15_IRQHandler
                0x00000000000003f4                GPIO0_IRQHandler
                0x00000000000003f6                GPIO1_IRQHandler
                0x00000000000003f8                GPIO2_IRQHandler
                0x00000000000003fa                GPIO3_IRQHandler
                0x00000000000003fc                GPIO4_IRQHandler
                0x00000000000003fe                GPIO5_IRQHandler
                0x0000000000000400                GPIO6_IRQHandler
                0x0000000000000402                GPIO7_IRQHandler
                0x0000000000000404                GPIO8_IRQHandler
                0x0000000000000406                GPIO9_IRQHandler
                0x0000000000000408                GPIO10_IRQHandler
                0x000000000000040a                GPIO11_IRQHandler
                0x000000000000040c                GPIO12_IRQHandler
                0x000000000000040e                GPIO13_IRQHandler
                0x0000000000000410                GPIO14_IRQHandler
                0x0000000000000412                GPIO15_IRQHandler
                0x0000000000000414                GPIO16_IRQHandler
                0x0000000000000416                GPIO17_IRQHandler
                0x0000000000000418                GPIO18_IRQHandler
                0x000000000000041a                GPIO19_IRQHandler
                0x000000000000041c                GPIO20_IRQHandler
                0x000000000000041e                GPIO21_IRQHandler
                0x0000000000000420                GPIO22_IRQHandler
                0x0000000000000422                GPIO23_IRQHandler
                0x0000000000000424                GPIO24_IRQHandler
                0x0000000000000426                GPIO25_IRQHandler
                0x0000000000000428                GPIO26_IRQHandler
                0x000000000000042a                GPIO27_IRQHandler
                0x000000000000042c                GPIO28_IRQHandler
                0x000000000000042e                GPIO29_IRQHandler
                0x0000000000000430                GPIO30_IRQHandler
                0x0000000000000432                GPIO31_IRQHandler
                0x0000000000000434                mscc_post_hw_cfg_init
 *system_m2sxxx.o(.text*)
 .text.SystemInit
                0x00000000000004ac       0x20 ./CMSIS/system_m2sxxx.o
                0x00000000000004ac                SystemInit
 .text.get_silicon_revision
                0x00000000000004cc       0x48 ./CMSIS/system_m2sxxx.o
 .text.silicon_workarounds
                0x0000000000000514       0x22 ./CMSIS/system_m2sxxx.o
 *fill*         0x0000000000000536        0x2 
 .text.m2s050_rev_a_workarounds
                0x0000000000000538       0x30 ./CMSIS/system_m2sxxx.o
 *sys_config.o(.rodata*)
                0x0000000000000570                . = ALIGN (0x10)
 *fill*         0x0000000000000568        0x8 

.text           0x0000000000000570     0x2770 load address 0x0000000060000570
 CREATE_OBJECT_SYMBOLS
                0x0000000060000570                __text_load = LOADADDR (.text)
                0x0000000000000570                __text_start = .
 *(.text .text.* .gnu.linkonce.t.*)
 .text.deregister_tm_clones
                0x0000000000000570       0x1c c:/microsemi/softconsole_v6.0/arm-none-eabi-gcc/bin/../lib/gcc/arm-none-eabi/7.3.1/thumb/v7-m/crtbegin.o
 .text.register_tm_clones
                0x000000000000058c       0x24 c:/microsemi/softconsole_v6.0/arm-none-eabi-gcc/bin/../lib/gcc/arm-none-eabi/7.3.1/thumb/v7-m/crtbegin.o
 .text.__do_global_dtors_aux
                0x00000000000005b0       0x28 c:/microsemi/softconsole_v6.0/arm-none-eabi-gcc/bin/../lib/gcc/arm-none-eabi/7.3.1/thumb/v7-m/crtbegin.o
 .text.frame_dummy
                0x00000000000005d8       0x24 c:/microsemi/softconsole_v6.0/arm-none-eabi-gcc/bin/../lib/gcc/arm-none-eabi/7.3.1/thumb/v7-m/crtbegin.o
 .text          0x00000000000005fc        0xe ./hal/CortexM3/GNU/hal.o
                0x00000000000005fc                HAL_disable_interrupts
                0x0000000000000604                HAL_restore_interrupts
 .text          0x000000000000060a       0x90 ./hal/CortexM3/GNU/hw_reg_access.o
                0x000000000000060a                HW_set_32bit_reg
                0x000000000000060e                HW_get_32bit_reg
                0x0000000000000612                HW_set_32bit_reg_field
                0x000000000000062e                HW_get_32bit_reg_field
                0x000000000000063a                HW_set_16bit_reg
                0x000000000000063e                HW_get_16bit_reg
                0x0000000000000642                HW_set_16bit_reg_field
                0x000000000000065e                HW_get_16bit_reg_field
                0x000000000000066a                HW_set_8bit_reg
                0x000000000000066e                HW_get_8bit_reg
                0x0000000000000672                HW_set_8bit_reg_field
                0x000000000000068e                HW_get_8bit_reg_field
 *fill*         0x000000000000069a        0x2 
 .text.NVIC_ClearPendingIRQ
                0x000000000000069c       0x34 ./drivers_config/mss_spi/mss_spi.o
 .text.recover_from_rx_overflow
                0x00000000000006d0      0x128 ./drivers_config/mss_spi/mss_spi.o
 .text.fill_slave_tx_fifo
                0x00000000000007f8       0xd6 ./drivers_config/mss_spi/mss_spi.o
 .text.read_slave_rx_fifo
                0x00000000000008ce       0xa6 ./drivers_config/mss_spi/mss_spi.o
 .text.mss_spi_isr
                0x0000000000000974      0x27c ./drivers_config/mss_spi/mss_spi.o
 .text.SPI0_IRQHandler
                0x0000000000000bf0       0x24 ./drivers_config/mss_spi/mss_spi.o
                0x0000000000000bf0                SPI0_IRQHandler
 .text.SPI1_IRQHandler
                0x0000000000000c14       0x24 ./drivers_config/mss_spi/mss_spi.o
                0x0000000000000c14                SPI1_IRQHandler
 .text.read_bit_reg8
                0x0000000000000c38       0x38 ./drivers/mss_uart/mss_uart.o
 .text.UART0_IRQHandler
                0x0000000000000c70       0x24 ./drivers/mss_uart/mss_uart.o
                0x0000000000000c70                UART0_IRQHandler
 .text.UART1_IRQHandler
                0x0000000000000c94       0x24 ./drivers/mss_uart/mss_uart.o
                0x0000000000000c94                UART1_IRQHandler
 .text.MSS_UART_isr
                0x0000000000000cb8      0x208 ./drivers/mss_uart/mss_uart.o
 .text.ComBlk_IRQHandler
                0x0000000000000ec0       0x48 ./drivers/mss_sys_services/mss_comblk.o
                0x0000000000000ec0                ComBlk_IRQHandler
 .text.handle_tx_okay_irq
                0x0000000000000f08      0x1ac ./drivers/mss_sys_services/mss_comblk.o
 .text.handle_rx_okay_irq
                0x00000000000010b4      0x210 ./drivers/mss_sys_services/mss_comblk.o
 .text.complete_request
                0x00000000000012c4       0x40 ./drivers/mss_sys_services/mss_comblk.o
 .text.abort_current_cmd
                0x0000000000001304       0x4c ./drivers/mss_sys_services/mss_comblk.o
 .text.fill_tx_fifo
                0x0000000000001350       0x60 ./drivers/mss_sys_services/mss_comblk.o
 .text.process_sys_ctrl_command
                0x00000000000013b0       0x28 ./drivers/mss_sys_services/mss_comblk.o
 .text.get_channel_id_from_status
                0x00000000000013d8       0x9c ./drivers/mss_pdma/mss_pdma.o
 .text.DMA_IRQHandler
                0x0000000000001474       0x78 ./drivers/mss_pdma/mss_pdma.o
                0x0000000000001474                DMA_IRQHandler
 .text.NVIC_DisableIRQ
                0x00000000000014ec       0x34 ./drivers/mss_i2c/mss_i2c.o
 .text.enable_slave_if_required
                0x0000000000001520       0x24 ./drivers/mss_i2c/mss_i2c.o
 .text.mss_i2c_isr
                0x0000000000001544      0x854 ./drivers/mss_i2c/mss_i2c.o
 .text.I2C0_IRQHandler
                0x0000000000001d98       0x24 ./drivers/mss_i2c/mss_i2c.o
                0x0000000000001d98                I2C0_IRQHandler
 .text.I2C1_IRQHandler
                0x0000000000001dbc       0x24 ./drivers/mss_i2c/mss_i2c.o
                0x0000000000001dbc                I2C1_IRQHandler
 .text.start_transfer
                0x0000000000001de0      0x154 ./drivers/mss_hpdma/mss_hpdma.o
 .text.HPDMA_Complete_IRQHandler
                0x0000000000001f34       0xf8 ./drivers/mss_hpdma/mss_hpdma.o
                0x0000000000001f34                HPDMA_Complete_IRQHandler
 .text.HPDMA_Error_IRQHandler
                0x000000000000202c      0x100 ./drivers/mss_hpdma/mss_hpdma.o
                0x000000000000202c                HPDMA_Error_IRQHandler
 .text.I2C_system_tick
                0x000000000000212c       0x5a ./drivers/CoreI2C/core_i2c.o
                0x000000000000212c                I2C_system_tick
 .text.enable_slave_if_required
                0x0000000000002186       0x28 ./drivers/CoreI2C/core_i2c.o
 *fill*         0x00000000000021ae        0x2 
 .text.I2C_isr  0x00000000000021b0      0x944 ./drivers/CoreI2C/core_i2c.o
                0x00000000000021b0                I2C_isr
 .text.NVIC_DisableIRQ
                0x0000000000002af4       0x34 ./drivers/CoreI2C/i2c_interrupt.o
 .text.I2C_disable_irq
                0x0000000000002b28       0x58 ./drivers/CoreI2C/i2c_interrupt.o
                0x0000000000002b28                I2C_disable_irq
 .text.main     0x0000000000002b80        0xe ./Header_C_files/Seq_ops/main.o
                0x0000000000002b80                main
 *fill*         0x0000000000002b8e        0x2 
 .text.SysTick_Handler
                0x0000000000002b90       0x38 ./Header_C_files/I2C/i2c.o
                0x0000000000002b90                SysTick_Handler
 .text.FabricIrq0_IRQHandler
                0x0000000000002bc8       0x14 ./Header_C_files/I2C/i2c.o
                0x0000000000002bc8                FabricIrq0_IRQHandler
 .text.FabricIrq1_IRQHandler
                0x0000000000002bdc       0x14 ./Header_C_files/I2C/i2c.o
                0x0000000000002bdc                FabricIrq1_IRQHandler
 .text.FabricIrq2_IRQHandler
                0x0000000000002bf0       0x14 ./Header_C_files/I2C/i2c.o
                0x0000000000002bf0                FabricIrq2_IRQHandler
 .text.FabricIrq3_IRQHandler
                0x0000000000002c04       0x14 ./Header_C_files/I2C/i2c.o
                0x0000000000002c04                FabricIrq3_IRQHandler
 .text.__libc_init_array
                0x0000000000002c18       0x48 c:/microsemi/softconsole_v6.0/arm-none-eabi-gcc/bin/../lib/gcc/arm-none-eabi/7.3.1/../../../../arm-none-eabi/lib/thumb/v7-m\libg_nano.a(lib_a-init.o)
                0x0000000000002c18                __libc_init_array
 *(.plt)
 *(.gnu.warning)
 *(.glue_7t)
 .glue_7t       0x0000000000002c60        0x0 linker stubs
 *(.glue_7)
 .glue_7        0x0000000000002c60        0x0 linker stubs
 *(.vfp11_veneer)
 .vfp11_veneer  0x0000000000002c60        0x0 linker stubs
                0x0000000000002c60                . = ALIGN (0x4)
 *crtbegin.o(.ctors)
 *(EXCLUDE_FILE(*crtend.o) .ctors)
 *(SORT_BY_NAME(.ctors.*))
 *crtend.o(.ctors)
 *crtbegin.o(.dtors)
 *(EXCLUDE_FILE(*crtend.o) .dtors)
 *(SORT_BY_NAME(.dtors.*))
 *crtend.o(.dtors)
 *(.rodata .rodata.* .gnu.linkonce.r.*)
 .rodata        0x0000000000002c60       0x60 ./drivers/mss_pdma/mss_pdma.o
 *(.ARM.extab* .gnu.linkonce.armextab.*)
 *(.gcc_except_table)
 *(.eh_frame_hdr)
 *(.eh_frame)
 .eh_frame      0x0000000000002cc0        0x0 c:/microsemi/softconsole_v6.0/arm-none-eabi-gcc/bin/../lib/gcc/arm-none-eabi/7.3.1/thumb/v7-m/crtbegin.o
 *(.vector_table)
 *(.init)
 .init          0x0000000000002cc0        0x4 c:/microsemi/softconsole_v6.0/arm-none-eabi-gcc/bin/../lib/gcc/arm-none-eabi/7.3.1/thumb/v7-m/crti.o
                0x0000000000002cc0                _init
 .init          0x0000000000002cc4        0x8 c:/microsemi/softconsole_v6.0/arm-none-eabi-gcc/bin/../lib/gcc/arm-none-eabi/7.3.1/thumb/v7-m/crtn.o
 *(.fini)
 .fini          0x0000000000002ccc        0x4 c:/microsemi/softconsole_v6.0/arm-none-eabi-gcc/bin/../lib/gcc/arm-none-eabi/7.3.1/thumb/v7-m/crti.o
                0x0000000000002ccc                _fini
 .fini          0x0000000000002cd0        0x8 c:/microsemi/softconsole_v6.0/arm-none-eabi-gcc/bin/../lib/gcc/arm-none-eabi/7.3.1/thumb/v7-m/crtn.o
                0x0000000000002cd8                PROVIDE (__preinit_array_start = .)
 *(.preinit_array)
                0x0000000000002cd8                PROVIDE (__preinit_array_end = .)
                0x0000000000002cd8                PROVIDE (__init_array_start = .)
 *(SORT_BY_NAME(.init_array.*))
 *(.init_array)
 .init_array    0x0000000000002cd8        0x4 c:/microsemi/softconsole_v6.0/arm-none-eabi-gcc/bin/../lib/gcc/arm-none-eabi/7.3.1/thumb/v7-m/crtbegin.o
                0x0000000000002cdc                PROVIDE (__init_array_end = .)
                [!provide]                        PROVIDE (__fini_array_start = .)
 *(.fini_array)
 .fini_array    0x0000000000002cdc        0x4 c:/microsemi/softconsole_v6.0/arm-none-eabi-gcc/bin/../lib/gcc/arm-none-eabi/7.3.1/thumb/v7-m/crtbegin.o
 *(SORT_BY_NAME(.fini_array.*))
                [!provide]                        PROVIDE (__fini_array_end = .)
                0x0000000000002ce0                . = ALIGN (0x10)
                0x0000000000002ce0                __exidx_start = .

.v4_bx          0x0000000000002ce0        0x0 load address 0x0000000060002ce0
 .v4_bx         0x0000000000002ce0        0x0 linker stubs

.iplt           0x0000000000002ce0        0x0 load address 0x0000000060002ce0
 .iplt          0x0000000000002ce0        0x0 c:/microsemi/softconsole_v6.0/arm-none-eabi-gcc/bin/../lib/gcc/arm-none-eabi/7.3.1/thumb/v7-m/crtbegin.o

.rel.dyn        0x0000000000002ce0        0x0 load address 0x0000000060002ce0
 .rel.iplt      0x0000000000002ce0        0x0 c:/microsemi/softconsole_v6.0/arm-none-eabi-gcc/bin/../lib/gcc/arm-none-eabi/7.3.1/thumb/v7-m/crtbegin.o

.ARM.exidx
 *(.ARM.exidx* .gnu.linkonce.armexidx.*)
                0x0000000000002ce0                __exidx_end = .
                0x0000000000002ce0                _etext = .

.data           0x0000000020000000        0x0 load address 0x0000000060002ce0
                0x0000000060002ce0                __data_load = LOADADDR (.data)
                0x0000000060002ce0                _sidata = LOADADDR (.data)
                0x0000000020000000                __data_start = .
                0x0000000020000000                _sdata = .
 *(.jcr)
 *(.got.plt)
 *(.got)
 *(.shdata)
 *(.data .data.* .gnu.linkonce.d.*)
                0x0000000020000000                . = ALIGN (0x10)
                0x0000000020000000                _edata = .

.tm_clone_table
                0x0000000020000000        0x0 load address 0x0000000060002ce0
 .tm_clone_table
                0x0000000020000000        0x0 c:/microsemi/softconsole_v6.0/arm-none-eabi-gcc/bin/../lib/gcc/arm-none-eabi/7.3.1/thumb/v7-m/crtbegin.o
 .tm_clone_table
                0x0000000020000000        0x0 c:/microsemi/softconsole_v6.0/arm-none-eabi-gcc/bin/../lib/gcc/arm-none-eabi/7.3.1/thumb/v7-m/crtend.o

.igot.plt       0x0000000020000000        0x0 load address 0x0000000060002ce0
 .igot.plt      0x0000000020000000        0x0 c:/microsemi/softconsole_v6.0/arm-none-eabi-gcc/bin/../lib/gcc/arm-none-eabi/7.3.1/thumb/v7-m/crtbegin.o

.bss            0x0000000020000000      0x4b0 load address 0x0000000060002ce0
                0x0000000020000000                __bss_start__ = .
                0x0000000020000000                _sbss = .
 *(.shbss)
 *(.bss .bss.* .gnu.linkonce.b.*)
 .bss.completed.6486
                0x0000000020000000        0x1 c:/microsemi/softconsole_v6.0/arm-none-eabi-gcc/bin/../lib/gcc/arm-none-eabi/7.3.1/thumb/v7-m/crtbegin.o
 *fill*         0x0000000020000001        0x3 
 .bss.object.6491
                0x0000000020000004       0x18 c:/microsemi/softconsole_v6.0/arm-none-eabi-gcc/bin/../lib/gcc/arm-none-eabi/7.3.1/thumb/v7-m/crtbegin.o
 .bss.g_comblk_cmd_opcode
                0x000000002000001c        0x1 ./drivers/mss_sys_services/mss_comblk.o
 *fill*         0x000000002000001d        0x3 
 .bss.g_comblk_p_cmd
                0x0000000020000020        0x4 ./drivers/mss_sys_services/mss_comblk.o
 .bss.g_comblk_cmd_size
                0x0000000020000024        0x2 ./drivers/mss_sys_services/mss_comblk.o
 *fill*         0x0000000020000026        0x2 
 .bss.g_comblk_p_data
                0x0000000020000028        0x4 ./drivers/mss_sys_services/mss_comblk.o
 .bss.g_comblk_data_size
                0x000000002000002c        0x4 ./drivers/mss_sys_services/mss_comblk.o
 .bss.g_comblk_p_response
                0x0000000020000030        0x4 ./drivers/mss_sys_services/mss_comblk.o
 .bss.g_comblk_response_size
                0x0000000020000034        0x2 ./drivers/mss_sys_services/mss_comblk.o
 .bss.g_comblk_response_idx
                0x0000000020000036        0x2 ./drivers/mss_sys_services/mss_comblk.o
 .bss.g_comblk_completion_handler
                0x0000000020000038        0x4 ./drivers/mss_sys_services/mss_comblk.o
 .bss.g_comblk_page_handler
                0x000000002000003c        0x4 ./drivers/mss_sys_services/mss_comblk.o
 .bss.g_request_in_progress
                0x0000000020000040        0x1 ./drivers/mss_sys_services/mss_comblk.o
 .bss.g_comblk_state
                0x0000000020000041        0x1 ./drivers/mss_sys_services/mss_comblk.o
 *fill*         0x0000000020000042        0x2 
 .bss.g_async_event_handler
                0x0000000020000044        0x4 ./drivers/mss_sys_services/mss_comblk.o
 .bss.g_pdma_isr_table
                0x0000000020000048       0x20 ./drivers/mss_pdma/mss_pdma.o
 .bss.g_transfer
                0x0000000020000068       0x18 ./drivers/mss_hpdma/mss_hpdma.o
 .bss.g_hpdma_end_desc
                0x0000000020000080        0x4 ./drivers/mss_hpdma/mss_hpdma.o
 .bss.g_hpdma_current_desc
                0x0000000020000084        0x4 ./drivers/mss_hpdma/mss_hpdma.o
 *(COMMON)
 COMMON         0x0000000020000088      0x108 ./drivers_config/mss_spi/mss_spi.o
                0x0000000020000088                g_mss_spi1
                0x000000002000010c                g_mss_spi0
 COMMON         0x0000000020000190       0x80 ./drivers/mss_uart/mss_uart.o
                0x0000000020000190                g_mss_uart1
                0x00000000200001d0                g_mss_uart0
 COMMON         0x0000000020000210       0xe8 ./drivers/mss_i2c/mss_i2c.o
                0x0000000020000210                g_mss_i2c0
                0x0000000020000284                g_mss_i2c1
 COMMON         0x00000000200002f8      0x1b8 ./Header_C_files/Test/test.o
                0x00000000200002f8                g_core_i2c2
                0x0000000020000364                rx_buff
                0x0000000020000368                g_core_i2c0
                0x00000000200003d4                g_core_i2c1
                0x0000000020000440                instance
                0x0000000020000444                g_core_i2c3
                0x00000000200004b0                . = ALIGN (0x10)
                0x00000000200004b0                __bss_end__ = .
                0x00000000200004b0                _end = .
                0x00000000200004b0                __end = _end
                0x00000000200004b0                _ebss = .
                [!provide]                        PROVIDE (end = .)

.heap           0x00000000200004b0     0xeb50 load address 0x0000000060002ce0
                0x00000000200004b0                __heap_start__ = .
                0x00000000200014b0                . = (. + MIN_SIZE_HEAP)
 *fill*         0x00000000200004b0     0x1000 
                0x000000002000f000                . = (. + (((ABSOLUTE (RAM_START_ADDRESS) + RAM_SIZE) - MAIN_STACK_SIZE) - .))
 *fill*         0x00000000200014b0     0xdb50 
                0x000000002000f000                _eheap = .

.stack          0x000000002000f000     0x1000 load address 0x0000000060002ce0
                0x000000002000f000                __stack_start__ = .
                0x0000000020010000                . = (. + MAIN_STACK_SIZE)
 *fill*         0x000000002000f000     0x1000 
                0x0000000020010000                _estack = .

.stab
 *(.stab)

.stabstr
 *(.stabstr)

.debug
 *(.debug)

.line
 *(.line)

.debug_srcinfo
 *(.debug_srcinfo)

.debug_sfnames
 *(.debug_sfnames)

.debug_aranges  0x0000000000000000      0x8d8
 *(.debug_aranges)
 .debug_aranges
                0x0000000000000000       0x20 ./hal/CortexM3/GNU/hal.o
 .debug_aranges
                0x0000000000000020       0x20 ./hal/CortexM3/GNU/hw_reg_access.o
 .debug_aranges
                0x0000000000000040       0xe0 ./drivers_config/mss_spi/mss_spi.o
 .debug_aranges
                0x0000000000000120      0x1d0 ./drivers/mss_uart/mss_uart.o
 .debug_aranges
                0x00000000000002f0       0x90 ./drivers/mss_sys_services/mss_comblk.o
 .debug_aranges
                0x0000000000000380       0x78 ./drivers/mss_pdma/mss_pdma.o
 .debug_aranges
                0x00000000000003f8      0x128 ./drivers/mss_i2c/mss_i2c.o
 .debug_aranges
                0x0000000000000520       0x80 ./drivers/mss_hpdma/mss_hpdma.o
 .debug_aranges
                0x00000000000005a0      0x110 ./drivers/CoreI2C/core_i2c.o
 .debug_aranges
                0x00000000000006b0       0x38 ./drivers/CoreI2C/i2c_interrupt.o
 .debug_aranges
                0x00000000000006e8       0x70 ./Header_C_files/Test/test.o
 .debug_aranges
                0x0000000000000758       0xb8 ./Header_C_files/Seq_ops/main.o
 .debug_aranges
                0x0000000000000810       0x58 ./Header_C_files/I2C/i2c.o
 .debug_aranges
                0x0000000000000868       0x20 ./CMSIS/startup_gcc/startup_m2sxxx.o
 .debug_aranges
                0x0000000000000888       0x50 ./CMSIS/system_m2sxxx.o

.debug_pubnames
 *(.debug_pubnames)

.debug_info     0x0000000000000000    0x102ff
 *(.debug_info .gnu.linkonce.wi.*)
 .debug_info    0x0000000000000000       0x26 ./hal/CortexM3/GNU/hal.o
 .debug_info    0x0000000000000026       0x26 ./hal/CortexM3/GNU/hw_reg_access.o
 .debug_info    0x000000000000004c     0x1d99 ./drivers_config/mss_spi/mss_spi.o
 .debug_info    0x0000000000001de5     0x1cfc ./drivers/mss_uart/mss_uart.o
 .debug_info    0x0000000000003ae1      0xad1 ./drivers/mss_sys_services/mss_comblk.o
 .debug_info    0x00000000000045b2     0x1001 ./drivers/mss_pdma/mss_pdma.o
 .debug_info    0x00000000000055b3     0x20a6 ./drivers/mss_i2c/mss_i2c.o
 .debug_info    0x0000000000007659     0x113c ./drivers/mss_hpdma/mss_hpdma.o
 .debug_info    0x0000000000008795     0x14a4 ./drivers/CoreI2C/core_i2c.o
 .debug_info    0x0000000000009c39      0x75c ./drivers/CoreI2C/i2c_interrupt.o
 .debug_info    0x000000000000a395     0x2248 ./Header_C_files/Test/test.o
 .debug_info    0x000000000000c5dd     0x200a ./Header_C_files/Seq_ops/main.o
 .debug_info    0x000000000000e5e7     0x1244 ./Header_C_files/I2C/i2c.o
 .debug_info    0x000000000000f82b       0x26 ./CMSIS/startup_gcc/startup_m2sxxx.o
 .debug_info    0x000000000000f851      0xaae ./CMSIS/system_m2sxxx.o

.debug_abbrev   0x0000000000000000     0x1e52
 *(.debug_abbrev)
 .debug_abbrev  0x0000000000000000       0x14 ./hal/CortexM3/GNU/hal.o
 .debug_abbrev  0x0000000000000014       0x14 ./hal/CortexM3/GNU/hw_reg_access.o
 .debug_abbrev  0x0000000000000028      0x312 ./drivers_config/mss_spi/mss_spi.o
 .debug_abbrev  0x000000000000033a      0x30d ./drivers/mss_uart/mss_uart.o
 .debug_abbrev  0x0000000000000647      0x1fb ./drivers/mss_sys_services/mss_comblk.o
 .debug_abbrev  0x0000000000000842      0x225 ./drivers/mss_pdma/mss_pdma.o
 .debug_abbrev  0x0000000000000a67      0x38a ./drivers/mss_i2c/mss_i2c.o
 .debug_abbrev  0x0000000000000df1      0x26a ./drivers/mss_hpdma/mss_hpdma.o
 .debug_abbrev  0x000000000000105b      0x2ab ./drivers/CoreI2C/core_i2c.o
 .debug_abbrev  0x0000000000001306      0x1a7 ./drivers/CoreI2C/i2c_interrupt.o
 .debug_abbrev  0x00000000000014ad      0x2f6 ./Header_C_files/Test/test.o
 .debug_abbrev  0x00000000000017a3      0x365 ./Header_C_files/Seq_ops/main.o
 .debug_abbrev  0x0000000000001b08      0x1a9 ./Header_C_files/I2C/i2c.o
 .debug_abbrev  0x0000000000001cb1       0x14 ./CMSIS/startup_gcc/startup_m2sxxx.o
 .debug_abbrev  0x0000000000001cc5      0x18d ./CMSIS/system_m2sxxx.o

.debug_line     0x0000000000000000     0x4b7c
 *(.debug_line)
 .debug_line    0x0000000000000000       0x4d ./hal/CortexM3/GNU/hal.o
 .debug_line    0x000000000000004d       0x8b ./hal/CortexM3/GNU/hw_reg_access.o
 .debug_line    0x00000000000000d8      0x6c3 ./drivers_config/mss_spi/mss_spi.o
 .debug_line    0x000000000000079b      0xd75 ./drivers/mss_uart/mss_uart.o
 .debug_line    0x0000000000001510      0x428 ./drivers/mss_sys_services/mss_comblk.o
 .debug_line    0x0000000000001938      0x2e7 ./drivers/mss_pdma/mss_pdma.o
 .debug_line    0x0000000000001c1f      0x774 ./drivers/mss_i2c/mss_i2c.o
 .debug_line    0x0000000000002393      0x331 ./drivers/mss_hpdma/mss_hpdma.o
 .debug_line    0x00000000000026c4      0x668 ./drivers/CoreI2C/core_i2c.o
 .debug_line    0x0000000000002d2c      0x32d ./drivers/CoreI2C/i2c_interrupt.o
 .debug_line    0x0000000000003059      0xa6f ./Header_C_files/Test/test.o
 .debug_line    0x0000000000003ac8      0x7da ./Header_C_files/Seq_ops/main.o
 .debug_line    0x00000000000042a2      0x54c ./Header_C_files/I2C/i2c.o
 .debug_line    0x00000000000047ee      0x18e ./CMSIS/startup_gcc/startup_m2sxxx.o
 .debug_line    0x000000000000497c      0x200 ./CMSIS/system_m2sxxx.o

.debug_frame    0x0000000000000000     0x22c0
 *(.debug_frame)
 .debug_frame   0x0000000000000000      0x3c0 ./drivers_config/mss_spi/mss_spi.o
 .debug_frame   0x00000000000003c0      0x820 ./drivers/mss_uart/mss_uart.o
 .debug_frame   0x0000000000000be0      0x240 ./drivers/mss_sys_services/mss_comblk.o
 .debug_frame   0x0000000000000e20      0x1ec ./drivers/mss_pdma/mss_pdma.o
 .debug_frame   0x000000000000100c      0x540 ./drivers/mss_i2c/mss_i2c.o
 .debug_frame   0x000000000000154c      0x208 ./drivers/mss_hpdma/mss_hpdma.o
 .debug_frame   0x0000000000001754      0x484 ./drivers/CoreI2C/core_i2c.o
 .debug_frame   0x0000000000001bd8       0xa8 ./drivers/CoreI2C/i2c_interrupt.o
 .debug_frame   0x0000000000001c80      0x17c ./Header_C_files/Test/test.o
 .debug_frame   0x0000000000001dfc      0x280 ./Header_C_files/Seq_ops/main.o
 .debug_frame   0x000000000000207c      0x10c ./Header_C_files/I2C/i2c.o
 .debug_frame   0x0000000000002188      0x10c ./CMSIS/system_m2sxxx.o
 .debug_frame   0x0000000000002294       0x2c c:/microsemi/softconsole_v6.0/arm-none-eabi-gcc/bin/../lib/gcc/arm-none-eabi/7.3.1/../../../../arm-none-eabi/lib/thumb/v7-m\libg_nano.a(lib_a-init.o)

.debug_str      0x0000000000000000     0x5085
 *(.debug_str)
 .debug_str     0x0000000000000000       0xb7 ./hal/CortexM3/GNU/hal.o
 .debug_str     0x00000000000000b7       0x24 ./hal/CortexM3/GNU/hw_reg_access.o
                                         0xc1 (size before relaxing)
 .debug_str     0x00000000000000db     0x17d2 ./drivers_config/mss_spi/mss_spi.o
                                       0x1a63 (size before relaxing)
 .debug_str     0x00000000000018ad      0xba2 ./drivers/mss_uart/mss_uart.o
                                       0x1b22 (size before relaxing)
 .debug_str     0x000000000000244f      0x335 ./drivers/mss_sys_services/mss_comblk.o
                                        0xb88 (size before relaxing)
 .debug_str     0x0000000000002784      0x491 ./drivers/mss_pdma/mss_pdma.o
                                       0x137b (size before relaxing)
 .debug_str     0x0000000000002c15      0x7ff ./drivers/mss_i2c/mss_i2c.o
                                       0x1c1f (size before relaxing)
 .debug_str     0x0000000000003414      0x4f1 ./drivers/mss_hpdma/mss_hpdma.o
                                       0x13e2 (size before relaxing)
 .debug_str     0x0000000000003905      0x1fd ./drivers/CoreI2C/core_i2c.o
                                        0xe25 (size before relaxing)
 .debug_str     0x0000000000003b02       0x72 ./drivers/CoreI2C/i2c_interrupt.o
                                        0xabb (size before relaxing)
 .debug_str     0x0000000000003b74      0xf17 ./Header_C_files/Test/test.o
                                       0x22e0 (size before relaxing)
 .debug_str     0x0000000000004a8b      0x359 ./Header_C_files/Seq_ops/main.o
                                       0x20ed (size before relaxing)
 .debug_str     0x0000000000004de4       0xe6 ./Header_C_files/I2C/i2c.o
                                       0x1946 (size before relaxing)
 .debug_str     0x0000000000004eca       0x26 ./CMSIS/startup_gcc/startup_m2sxxx.o
                                         0xc3 (size before relaxing)
 .debug_str     0x0000000000004ef0      0x195 ./CMSIS/system_m2sxxx.o
                                        0xb29 (size before relaxing)

.debug_loc
 *(.debug_loc)

.debug_macinfo
 *(.debug_macinfo)

.debug_weaknames
 *(.debug_weaknames)

.debug_funcnames
 *(.debug_funcnames)

.debug_typenames
 *(.debug_typenames)

.debug_varnames
 *(.debug_varnames)

.note.gnu.arm.ident
 *(.note.gnu.arm.ident)

.ARM.attributes
                0x0000000000000000       0x29
 *(.ARM.attributes)
 .ARM.attributes
                0x0000000000000000       0x1d c:/microsemi/softconsole_v6.0/arm-none-eabi-gcc/bin/../lib/gcc/arm-none-eabi/7.3.1/thumb/v7-m/crti.o
 .ARM.attributes
                0x000000000000001d       0x2d c:/microsemi/softconsole_v6.0/arm-none-eabi-gcc/bin/../lib/gcc/arm-none-eabi/7.3.1/thumb/v7-m/crtbegin.o
 .ARM.attributes
                0x000000000000004a       0x1b c:/microsemi/softconsole_v6.0/arm-none-eabi-gcc/bin/../lib/gcc/arm-none-eabi/7.3.1/../../../../arm-none-eabi/lib/thumb/v7-m/crt0.o
 .ARM.attributes
                0x0000000000000065       0x21 ./hal/CortexM3/GNU/hal.o
 .ARM.attributes
                0x0000000000000086       0x21 ./hal/CortexM3/GNU/hw_reg_access.o
 .ARM.attributes
                0x00000000000000a7       0x33 ./hal/CortexM3/cortex_nvic.o
 .ARM.attributes
                0x00000000000000da       0x33 ./drivers_config/sys_config/sys_config.o
 .ARM.attributes
                0x000000000000010d       0x33 ./drivers_config/mss_spi/mss_spi.o
 .ARM.attributes
                0x0000000000000140       0x33 ./drivers/mss_uart/mss_uart.o
 .ARM.attributes
                0x0000000000000173       0x33 ./drivers/mss_sys_services/mss_comblk.o
 .ARM.attributes
                0x00000000000001a6       0x33 ./drivers/mss_sys_services/mss_sys_services.o
 .ARM.attributes
                0x00000000000001d9       0x33 ./drivers/mss_pdma/mss_pdma.o
 .ARM.attributes
                0x000000000000020c       0x33 ./drivers/mss_nvm/mss_nvm.o
 .ARM.attributes
                0x000000000000023f       0x33 ./drivers/mss_i2c/mss_i2c.o
 .ARM.attributes
                0x0000000000000272       0x33 ./drivers/mss_hpdma/mss_hpdma.o
 .ARM.attributes
                0x00000000000002a5       0x33 ./drivers/mss_gpio/mss_gpio.o
 .ARM.attributes
                0x00000000000002d8       0x33 ./drivers/CoreUARTapb/core_uart_apb.o
 .ARM.attributes
                0x000000000000030b       0x33 ./drivers/CoreSPI/core_spi.o
 .ARM.attributes
                0x000000000000033e       0x33 ./drivers/CoreI2C/core_i2c.o
 .ARM.attributes
                0x0000000000000371       0x33 ./drivers/CoreI2C/i2c_interrupt.o
 .ARM.attributes
                0x00000000000003a4       0x33 ./Header_C_files/Utils/utils.o
 .ARM.attributes
                0x00000000000003d7       0x33 ./Header_C_files/Test/test.o
 .ARM.attributes
                0x000000000000040a       0x33 ./Header_C_files/Seq_ops/main.o
 .ARM.attributes
                0x000000000000043d       0x33 ./Header_C_files/SPI_Flash/spi_flash.o
 .ARM.attributes
                0x0000000000000470       0x33 ./Header_C_files/SENSOR_BOARD/sensor_board.o
 .ARM.attributes
                0x00000000000004a3       0x33 ./Header_C_files/SD_CARD/sd.o
 .ARM.attributes
                0x00000000000004d6       0x33 ./Header_C_files/RTC/rtc.o
 .ARM.attributes
                0x0000000000000509       0x33 ./Header_C_files/I2C/i2c.o
 .ARM.attributes
                0x000000000000053c       0x33 ./Header_C_files/GPIOs/gpios.o
 .ARM.attributes
                0x000000000000056f       0x33 ./Header_C_files/EPS/eps.o
 .ARM.attributes
                0x00000000000005a2       0x33 ./Header_C_files/CCSDS/ccsds.o
 .ARM.attributes
                0x00000000000005d5       0x33 ./CMSIS/startup_gcc/newlib_stubs.o
 .ARM.attributes
                0x0000000000000608       0x21 ./CMSIS/startup_gcc/startup_m2sxxx.o
 .ARM.attributes
                0x0000000000000629       0x33 ./CMSIS/system_m2sxxx.o
 .ARM.attributes
                0x000000000000065c       0x1d c:/microsemi/softconsole_v6.0/arm-none-eabi-gcc/bin/../lib/gcc/arm-none-eabi/7.3.1/thumb/v7-m\libgcc.a(_arm_addsubsf3.o)
 .ARM.attributes
                0x0000000000000679       0x1d c:/microsemi/softconsole_v6.0/arm-none-eabi-gcc/bin/../lib/gcc/arm-none-eabi/7.3.1/thumb/v7-m\libgcc.a(_arm_fixunssfsi.o)
 .ARM.attributes
                0x0000000000000696       0x1d c:/microsemi/softconsole_v6.0/arm-none-eabi-gcc/bin/../lib/gcc/arm-none-eabi/7.3.1/thumb/v7-m\libgcc.a(_aeabi_uldivmod.o)
 .ARM.attributes
                0x00000000000006b3       0x2d c:/microsemi/softconsole_v6.0/arm-none-eabi-gcc/bin/../lib/gcc/arm-none-eabi/7.3.1/thumb/v7-m\libgcc.a(_udivmoddi4.o)
 .ARM.attributes
                0x00000000000006e0       0x1d c:/microsemi/softconsole_v6.0/arm-none-eabi-gcc/bin/../lib/gcc/arm-none-eabi/7.3.1/thumb/v7-m\libgcc.a(_dvmd_tls.o)
 .ARM.attributes
                0x00000000000006fd       0x2d c:/microsemi/softconsole_v6.0/arm-none-eabi-gcc/bin/../lib/gcc/arm-none-eabi/7.3.1/../../../../arm-none-eabi/lib/thumb/v7-m\libg_nano.a(lib_a-errno.o)
 .ARM.attributes
                0x000000000000072a       0x2d c:/microsemi/softconsole_v6.0/arm-none-eabi-gcc/bin/../lib/gcc/arm-none-eabi/7.3.1/../../../../arm-none-eabi/lib/thumb/v7-m\libg_nano.a(lib_a-exit.o)
 .ARM.attributes
                0x0000000000000757       0x2d c:/microsemi/softconsole_v6.0/arm-none-eabi-gcc/bin/../lib/gcc/arm-none-eabi/7.3.1/../../../../arm-none-eabi/lib/thumb/v7-m\libg_nano.a(lib_a-impure.o)
 .ARM.attributes
                0x0000000000000784       0x2d c:/microsemi/softconsole_v6.0/arm-none-eabi-gcc/bin/../lib/gcc/arm-none-eabi/7.3.1/../../../../arm-none-eabi/lib/thumb/v7-m\libg_nano.a(lib_a-init.o)
 .ARM.attributes
                0x00000000000007b1       0x2d c:/microsemi/softconsole_v6.0/arm-none-eabi-gcc/bin/../lib/gcc/arm-none-eabi/7.3.1/../../../../arm-none-eabi/lib/thumb/v7-m\libg_nano.a(lib_a-memcpy-stub.o)
 .ARM.attributes
                0x00000000000007de       0x2d c:/microsemi/softconsole_v6.0/arm-none-eabi-gcc/bin/../lib/gcc/arm-none-eabi/7.3.1/../../../../arm-none-eabi/lib/thumb/v7-m\libg_nano.a(lib_a-memset.o)
 .ARM.attributes
                0x000000000000080b       0x2d c:/microsemi/softconsole_v6.0/arm-none-eabi-gcc/bin/../lib/gcc/arm-none-eabi/7.3.1/thumb/v7-m/crtend.o
 .ARM.attributes
                0x0000000000000838       0x1d c:/microsemi/softconsole_v6.0/arm-none-eabi-gcc/bin/../lib/gcc/arm-none-eabi/7.3.1/thumb/v7-m/crtn.o

/DISCARD/
 *(.note.GNU-stack)
OUTPUT(test.elf elf32-littlearm)

.debug_ranges   0x0000000000000000      0x838
 .debug_ranges  0x0000000000000000       0xd0 ./drivers_config/mss_spi/mss_spi.o
 .debug_ranges  0x00000000000000d0      0x1d8 ./drivers/mss_uart/mss_uart.o
 .debug_ranges  0x00000000000002a8       0xd0 ./drivers/mss_sys_services/mss_comblk.o
 .debug_ranges  0x0000000000000378       0x68 ./drivers/mss_pdma/mss_pdma.o
 .debug_ranges  0x00000000000003e0      0x118 ./drivers/mss_i2c/mss_i2c.o
 .debug_ranges  0x00000000000004f8       0x70 ./drivers/mss_hpdma/mss_hpdma.o
 .debug_ranges  0x0000000000000568      0x100 ./drivers/CoreI2C/core_i2c.o
 .debug_ranges  0x0000000000000668       0x28 ./drivers/CoreI2C/i2c_interrupt.o
 .debug_ranges  0x0000000000000690       0x60 ./Header_C_files/Test/test.o
 .debug_ranges  0x00000000000006f0       0xa8 ./Header_C_files/Seq_ops/main.o
 .debug_ranges  0x0000000000000798       0x48 ./Header_C_files/I2C/i2c.o
 .debug_ranges  0x00000000000007e0       0x58 ./CMSIS/system_m2sxxx.o

.comment        0x0000000000000000       0x71
 .comment       0x0000000000000000       0x71 ./drivers_config/mss_spi/mss_spi.o
                                         0x72 (size before relaxing)
 .comment       0x0000000000000071       0x72 ./drivers/mss_uart/mss_uart.o
 .comment       0x0000000000000071       0x72 ./drivers/mss_sys_services/mss_comblk.o
 .comment       0x0000000000000071       0x72 ./drivers/mss_pdma/mss_pdma.o
 .comment       0x0000000000000071       0x72 ./drivers/mss_i2c/mss_i2c.o
 .comment       0x0000000000000071       0x72 ./drivers/mss_hpdma/mss_hpdma.o
 .comment       0x0000000000000071       0x72 ./drivers/CoreI2C/core_i2c.o
 .comment       0x0000000000000071       0x72 ./drivers/CoreI2C/i2c_interrupt.o
 .comment       0x0000000000000071       0x72 ./Header_C_files/Test/test.o
 .comment       0x0000000000000071       0x72 ./Header_C_files/Seq_ops/main.o
 .comment       0x0000000000000071       0x72 ./Header_C_files/I2C/i2c.o
 .comment       0x0000000000000071       0x72 ./CMSIS/system_m2sxxx.o
