Archive member included to satisfy reference by file (symbol)

c:/microsemi/softconsole_v6.0/arm-none-eabi-gcc/bin/../lib/gcc/arm-none-eabi/7.3.1/thumb/v7-m\libgcc.a(_arm_addsubdf3.o)
                              ./Header_C_files/EPS/eps.o (__aeabi_dsub)
c:/microsemi/softconsole_v6.0/arm-none-eabi-gcc/bin/../lib/gcc/arm-none-eabi/7.3.1/thumb/v7-m\libgcc.a(_arm_muldivdf3.o)
                              ./Header_C_files/EPS/eps.o (__aeabi_dmul)
c:/microsemi/softconsole_v6.0/arm-none-eabi-gcc/bin/../lib/gcc/arm-none-eabi/7.3.1/thumb/v7-m\libgcc.a(_arm_cmpdf2.o)
                              ./Header_C_files/ADCS/adcs.o (__aeabi_dcmplt)
c:/microsemi/softconsole_v6.0/arm-none-eabi-gcc/bin/../lib/gcc/arm-none-eabi/7.3.1/thumb/v7-m\libgcc.a(_arm_fixunsdfsi.o)
                              ./Header_C_files/EPS/eps.o (__aeabi_d2uiz)
c:/microsemi/softconsole_v6.0/arm-none-eabi-gcc/bin/../lib/gcc/arm-none-eabi/7.3.1/thumb/v7-m\libgcc.a(_arm_truncdfsf2.o)
                              ./Header_C_files/ADCS/adcs.o (__aeabi_d2f)
c:/microsemi/softconsole_v6.0/arm-none-eabi-gcc/bin/../lib/gcc/arm-none-eabi/7.3.1/thumb/v7-m\libgcc.a(_arm_addsubsf3.o)
                              ./Header_C_files/ADCS/adcs.o (__aeabi_fadd)
c:/microsemi/softconsole_v6.0/arm-none-eabi-gcc/bin/../lib/gcc/arm-none-eabi/7.3.1/thumb/v7-m\libgcc.a(_arm_muldivsf3.o)
                              ./Header_C_files/ADCS/adcs.o (__aeabi_fmul)
c:/microsemi/softconsole_v6.0/arm-none-eabi-gcc/bin/../lib/gcc/arm-none-eabi/7.3.1/thumb/v7-m\libgcc.a(_arm_cmpsf2.o)
                              ./Header_C_files/ADCS/adcs.o (__aeabi_fcmplt)
c:/microsemi/softconsole_v6.0/arm-none-eabi-gcc/bin/../lib/gcc/arm-none-eabi/7.3.1/thumb/v7-m\libgcc.a(_arm_fixunssfsi.o)
                              ./Header_C_files/Utils/utils.o (__aeabi_f2uiz)
c:/microsemi/softconsole_v6.0/arm-none-eabi-gcc/bin/../lib/gcc/arm-none-eabi/7.3.1/thumb/v7-m\libgcc.a(_aeabi_uldivmod.o)
                              ./Header_C_files/Test/test.o (__aeabi_uldivmod)
c:/microsemi/softconsole_v6.0/arm-none-eabi-gcc/bin/../lib/gcc/arm-none-eabi/7.3.1/thumb/v7-m\libgcc.a(_udivmoddi4.o)
                              c:/microsemi/softconsole_v6.0/arm-none-eabi-gcc/bin/../lib/gcc/arm-none-eabi/7.3.1/thumb/v7-m\libgcc.a(_aeabi_uldivmod.o) (__udivmoddi4)
c:/microsemi/softconsole_v6.0/arm-none-eabi-gcc/bin/../lib/gcc/arm-none-eabi/7.3.1/thumb/v7-m\libgcc.a(_dvmd_tls.o)
                              c:/microsemi/softconsole_v6.0/arm-none-eabi-gcc/bin/../lib/gcc/arm-none-eabi/7.3.1/thumb/v7-m\libgcc.a(_aeabi_uldivmod.o) (__aeabi_ldiv0)
c:/microsemi/softconsole_v6.0/arm-none-eabi-gcc/bin/../lib/gcc/arm-none-eabi/7.3.1/../../../../arm-none-eabi/lib/thumb/v7-m\libg_nano.a(lib_a-calloc.o)
                              ./Header_C_files/DAXSS/daxss.o (calloc)
c:/microsemi/softconsole_v6.0/arm-none-eabi-gcc/bin/../lib/gcc/arm-none-eabi/7.3.1/../../../../arm-none-eabi/lib/thumb/v7-m\libg_nano.a(lib_a-errno.o)
                              ./CMSIS/startup_gcc/newlib_stubs.o (__errno)
c:/microsemi/softconsole_v6.0/arm-none-eabi-gcc/bin/../lib/gcc/arm-none-eabi/7.3.1/../../../../arm-none-eabi/lib/thumb/v7-m\libg_nano.a(lib_a-exit.o)
                              c:/microsemi/softconsole_v6.0/arm-none-eabi-gcc/bin/../lib/gcc/arm-none-eabi/7.3.1/../../../../arm-none-eabi/lib/thumb/v7-m/crt0.o (exit)
c:/microsemi/softconsole_v6.0/arm-none-eabi-gcc/bin/../lib/gcc/arm-none-eabi/7.3.1/../../../../arm-none-eabi/lib/thumb/v7-m\libg_nano.a(lib_a-impure.o)
                              c:/microsemi/softconsole_v6.0/arm-none-eabi-gcc/bin/../lib/gcc/arm-none-eabi/7.3.1/../../../../arm-none-eabi/lib/thumb/v7-m\libg_nano.a(lib_a-exit.o) (_global_impure_ptr)
c:/microsemi/softconsole_v6.0/arm-none-eabi-gcc/bin/../lib/gcc/arm-none-eabi/7.3.1/../../../../arm-none-eabi/lib/thumb/v7-m\libg_nano.a(lib_a-init.o)
                              c:/microsemi/softconsole_v6.0/arm-none-eabi-gcc/bin/../lib/gcc/arm-none-eabi/7.3.1/../../../../arm-none-eabi/lib/thumb/v7-m/crt0.o (__libc_init_array)
c:/microsemi/softconsole_v6.0/arm-none-eabi-gcc/bin/../lib/gcc/arm-none-eabi/7.3.1/../../../../arm-none-eabi/lib/thumb/v7-m\libg_nano.a(lib_a-malloc.o)
                              ./Header_C_files/Test/test.o (malloc)
c:/microsemi/softconsole_v6.0/arm-none-eabi-gcc/bin/../lib/gcc/arm-none-eabi/7.3.1/../../../../arm-none-eabi/lib/thumb/v7-m\libg_nano.a(lib_a-memcpy-stub.o)
                              ./drivers/mss_sys_services/mss_sys_services.o (memcpy)
c:/microsemi/softconsole_v6.0/arm-none-eabi-gcc/bin/../lib/gcc/arm-none-eabi/7.3.1/../../../../arm-none-eabi/lib/thumb/v7-m\libg_nano.a(lib_a-memset.o)
                              c:/microsemi/softconsole_v6.0/arm-none-eabi-gcc/bin/../lib/gcc/arm-none-eabi/7.3.1/../../../../arm-none-eabi/lib/thumb/v7-m/crt0.o (memset)
c:/microsemi/softconsole_v6.0/arm-none-eabi-gcc/bin/../lib/gcc/arm-none-eabi/7.3.1/../../../../arm-none-eabi/lib/thumb/v7-m\libg_nano.a(lib_a-nano-callocr.o)
[...]
Memory Configuration

Name             Origin             Length             Attributes
ram              0x0000000020000000 0x0000000000010000 xrw
*default*        0x0000000000000000 0xffffffffffffffff

Linker script and memory map

LOAD c:/microsemi/softconsole_v6.0/arm-none-eabi-gcc/bin/../lib/gcc/arm-none-eabi/7.3.1/thumb/v7-m/crti.o
LOAD c:/microsemi/softconsole_v6.0/arm-none-eabi-gcc/bin/../lib/gcc/arm-none-eabi/7.3.1/thumb/v7-m/crtbegin.o
LOAD c:/microsemi/softconsole_v6.0/arm-none-eabi-gcc/bin/../lib/gcc/arm-none-eabi/7.3.1/../../../../arm-none-eabi/lib/thumb/v7-m/crt0.o
LOAD ./hal/CortexM3/GNU/hal.o
LOAD ./hal/CortexM3/GNU/hw_reg_access.o
LOAD ./hal/CortexM3/cortex_nvic.o
LOAD ./drivers_config/sys_config/sys_config.o
LOAD ./drivers/mss_uart/mss_uart.o
LOAD ./drivers/mss_sys_services/mss_comblk.o
LOAD ./drivers/mss_sys_services/mss_sys_services.o
LOAD ./drivers/mss_spi/mss_spi.o
LOAD ./drivers/mss_pdma/mss_pdma.o
LOAD ./drivers/mss_nvm/mss_nvm.o
LOAD ./drivers/mss_i2c/mss_i2c.o
LOAD ./drivers/mss_hpdma/mss_hpdma.o
LOAD ./drivers/mss_gpio/mss_gpio.o
LOAD ./drivers/CoreUARTapb/core_uart_apb.o
LOAD ./drivers/CoreSPI/core_spi.o
LOAD ./drivers/CoreI2C/core_i2c.o
LOAD ./drivers/CoreI2C/i2c_interrupt.o
LOAD ./Header_C_files/Utils/utils.o
LOAD ./Header_C_files/UART/UART_RX_V3.o
LOAD ./Header_C_files/UART/UART_TX.o
LOAD ./Header_C_files/Test/test.o
LOAD ./Header_C_files/Seq_ops/main.o
LOAD ./Header_C_files/SPI_Flash/spi_flash.o
LOAD ./Header_C_files/SD_CARD/sd.o
LOAD ./Header_C_files/RTC/rtc.o
LOAD ./Header_C_files/I2C/i2c.o
LOAD ./Header_C_files/EPS/eps.o
LOAD ./Header_C_files/DAXSS/daxss.o
LOAD ./Header_C_files/Command_handle/command_handle.o
LOAD ./Header_C_files/COMM_TX_S/sband.o
LOAD ./Header_C_files/COMM_TRX_U/uhf.o
LOAD ./Header_C_files/COMM_TRX_U/uhf_rx_v2.o
LOAD ./Header_C_files/COMM_TRX_U/uhf_tx.o
LOAD ./Header_C_files/CIP/cip.o
LOAD ./Header_C_files/CCSDS/ccsds.o
LOAD ./Header_C_files/ADCS/adcs.o
LOAD ./Header_C_files/gpios.o
LOAD ./CMSIS/startup_gcc/newlib_stubs.o
LOAD ./CMSIS/startup_gcc/startup_m2sxxx.o
LOAD ./CMSIS/system_m2sxxx.o
START GROUP
LOAD c:/microsemi/softconsole_v6.0/arm-none-eabi-gcc/bin/../lib/gcc/arm-none-eabi/7.3.1/thumb/v7-m\libgcc.a
LOAD c:/microsemi/softconsole_v6.0/arm-none-eabi-gcc/bin/../lib/gcc/arm-none-eabi/7.3.1/../../../../arm-none-eabi/lib/thumb/v7-m\libg_nano.a
LOAD c:/microsemi/softconsole_v6.0/arm-none-eabi-gcc/bin/../lib/gcc/arm-none-eabi/7.3.1/../../../../arm-none-eabi/lib/thumb/v7-m\libc_nano.a
END GROUP
START GROUP
LOAD c:/microsemi/softconsole_v6.0/arm-none-eabi-gcc/bin/../lib/gcc/arm-none-eabi/7.3.1/thumb/v7-m\libgcc.a
LOAD c:/microsemi/softconsole_v6.0/arm-none-eabi-gcc/bin/../lib/gcc/arm-none-eabi/7.3.1/../../../../arm-none-eabi/lib/thumb/v7-m\libc_nano.a
END GROUP
LOAD c:/microsemi/softconsole_v6.0/arm-none-eabi-gcc/bin/../lib/gcc/arm-none-eabi/7.3.1/thumb/v7-m/crtend.o
LOAD c:/microsemi/softconsole_v6.0/arm-none-eabi-gcc/bin/../lib/gcc/arm-none-eabi/7.3.1/thumb/v7-m/crtn.o
START GROUP
LOAD c:/microsemi/softconsole_v6.0/arm-none-eabi-gcc/bin/../lib/gcc/arm-none-eabi/7.3.1/../../../../arm-none-eabi/lib/thumb/v7-m\libc.a
LOAD c:/microsemi/softconsole_v6.0/arm-none-eabi-gcc/bin/../lib/gcc/arm-none-eabi/7.3.1/thumb/v7-m\libgcc.a
LOAD c:/microsemi/softconsole_v6.0/arm-none-eabi-gcc/bin/../lib/gcc/arm-none-eabi/7.3.1/../../../../arm-none-eabi/lib/thumb/v7-m\libm.a
END GROUP
                0x0000000000000000                __DYNAMIC = 0x0
                0x0000000020000000                RAM_START_ADDRESS = 0x20000000
                0x0000000000010000                RAM_SIZE = 0x10000
                0x0000000000001000                MAIN_STACK_SIZE = 0x1000
                0x0000000000001000                MIN_SIZE_HEAP = 0x1000
                0x0000000020010000                PROVIDE (__main_stack_start = (RAM_START_ADDRESS + RAM_SIZE))
                0x0000000020010000                PROVIDE (_estack = __main_stack_start)
                0x0000000000000000                PROVIDE (__mirrored_nvm = 0x0)
                0x0000000000000000                PROVIDE (__smartfusion2_memory_remap = 0x0)

.vector_table   0x0000000020000000      0x190
                0x0000000020000000                __vector_table_load = LOADADDR (.vector_table)
                0x0000000020000000                __vector_table_start = .
                0x0000000020000000                __vector_table_vma_base_address = .
 *(.isr_vector)
 .isr_vector    0x0000000020000000      0x190 ./CMSIS/startup_gcc/startup_m2sxxx.o
                0x0000000020000000                g_pfnVectors
                0x0000000020000190                . = ALIGN (0x10)
                0x0000000020000190                _evector_table = .

.boot_code      0x0000000020000190      0x320
 *(.boot_code)
 .boot_code     0x0000000020000190      0x31c ./CMSIS/startup_gcc/startup_m2sxxx.o
                0x0000000020000190                Reset_Handler
                0x000000002000037e                NMI_Handler
                0x0000000020000380                HardFault_Handler
                0x0000000020000382                MemManage_Handler
                0x0000000020000384                BusFault_Handler
                0x0000000020000386                UsageFault_Handler
                0x0000000020000388                SVC_Handler
                0x000000002000038a                DebugMon_Handler
                0x000000002000038c                PendSV_Handler
                0x000000002000038e                SysTick_Handler
                0x0000000020000390                WdogWakeup_IRQHandler
                0x0000000020000392                RTC_Wakeup_IRQHandler
                0x000000002000039a                I2C0_SMBAlert_IRQHandler
                0x000000002000039c                I2C0_SMBus_IRQHandler
                0x00000000200003a0                I2C1_SMBAlert_IRQHandler
                0x00000000200003a2                I2C1_SMBus_IRQHandler
                0x00000000200003a8                EthernetMAC_IRQHandler
                0x00000000200003ac                Timer1_IRQHandler
                0x00000000200003ae                Timer2_IRQHandler
                0x00000000200003b0                CAN_IRQHandler
                0x00000000200003b2                ENVM0_IRQHandler
                0x00000000200003b4                ENVM1_IRQHandler
                0x00000000200003b8                USB_IRQHandler
                0x00000000200003ba                USB_DMA_IRQHandler
                0x00000000200003bc                PLL_Lock_IRQHandler
                0x00000000200003be                PLL_LockLost_IRQHandler
                0x00000000200003c0                CommSwitchError_IRQHandler
                0x00000000200003c2                CacheError_IRQHandler
                0x00000000200003c4                DDR_IRQHandler
                0x00000000200003ca                ECC_Error_IRQHandler
                0x00000000200003cc                MDDR_IOCalib_IRQHandler
                0x00000000200003ce                FAB_PLL_Lock_IRQHandler
                0x00000000200003d0                FAB_PLL_LockLost_IRQHandler
                0x00000000200003d2                FIC64_IRQHandler
                0x00000000200003d4                FabricIrq0_IRQHandler
                0x00000000200003d6                FabricIrq1_IRQHandler
                0x00000000200003d8                FabricIrq2_IRQHandler
                0x00000000200003da                FabricIrq3_IRQHandler
                0x00000000200003dc                FabricIrq4_IRQHandler
                0x00000000200003de                FabricIrq5_IRQHandler
                0x00000000200003e0                FabricIrq6_IRQHandler
                0x00000000200003e2                FabricIrq7_IRQHandler
                0x00000000200003e4                FabricIrq8_IRQHandler
                0x00000000200003e6                FabricIrq9_IRQHandler
                0x00000000200003e8                FabricIrq10_IRQHandler
                0x00000000200003ea                FabricIrq11_IRQHandler
                0x00000000200003ec                FabricIrq12_IRQHandler
                0x00000000200003ee                FabricIrq13_IRQHandler
                0x00000000200003f0                FabricIrq14_IRQHandler
                0x00000000200003f2                FabricIrq15_IRQHandler
                0x00000000200003f4                GPIO0_IRQHandler
                0x00000000200003f6                GPIO1_IRQHandler
                0x00000000200003f8                GPIO2_IRQHandler
                0x00000000200003fa                GPIO3_IRQHandler
                0x00000000200003fc                GPIO4_IRQHandler
                0x00000000200003fe                GPIO5_IRQHandler
                0x0000000020000400                GPIO6_IRQHandler
                0x0000000020000402                GPIO7_IRQHandler
                0x0000000020000404                GPIO8_IRQHandler
                0x0000000020000406                GPIO9_IRQHandler
                0x0000000020000408                GPIO10_IRQHandler
                0x000000002000040a                GPIO11_IRQHandler
                0x000000002000040c                GPIO12_IRQHandler
                0x000000002000040e                GPIO13_IRQHandler
                0x0000000020000410                GPIO14_IRQHandler
                0x0000000020000412                GPIO15_IRQHandler
                0x0000000020000414                GPIO16_IRQHandler
                0x0000000020000416                GPIO17_IRQHandler
                0x0000000020000418                GPIO18_IRQHandler
                0x000000002000041a                GPIO19_IRQHandler
                0x000000002000041c                GPIO20_IRQHandler
                0x000000002000041e                GPIO21_IRQHandler
                0x0000000020000420                GPIO22_IRQHandler
                0x0000000020000422                GPIO23_IRQHandler
                0x0000000020000424                GPIO24_IRQHandler
                0x0000000020000426                GPIO25_IRQHandler
                0x0000000020000428                GPIO26_IRQHandler
                0x000000002000042a                GPIO27_IRQHandler
                0x000000002000042c                GPIO28_IRQHandler
                0x000000002000042e                GPIO29_IRQHandler
                0x0000000020000430                GPIO30_IRQHandler
                0x0000000020000432                GPIO31_IRQHandler
                0x0000000020000434                mscc_post_hw_cfg_init
                0x00000000200004b0                . = ALIGN (0x10)
 *fill*         0x00000000200004ac        0x4 

.text           0x00000000200004b0     0x2000
 CREATE_OBJECT_SYMBOLS
                0x00000000200004b0                __text_load = LOADADDR (.text)
                0x00000000200004b0                __text_start = .
 *(.text .text.* .gnu.linkonce.t.*)
 .text.deregister_tm_clones
                0x00000000200004b0       0x1c c:/microsemi/softconsole_v6.0/arm-none-eabi-gcc/bin/../lib/gcc/arm-none-eabi/7.3.1/thumb/v7-m/crtbegin.o
 .text.register_tm_clones
                0x00000000200004cc       0x24 c:/microsemi/softconsole_v6.0/arm-none-eabi-gcc/bin/../lib/gcc/arm-none-eabi/7.3.1/thumb/v7-m/crtbegin.o
 .text.__do_global_dtors_aux
                0x00000000200004f0       0x28 c:/microsemi/softconsole_v6.0/arm-none-eabi-gcc/bin/../lib/gcc/arm-none-eabi/7.3.1/thumb/v7-m/crtbegin.o
 .text.frame_dummy
                0x0000000020000518       0x24 c:/microsemi/softconsole_v6.0/arm-none-eabi-gcc/bin/../lib/gcc/arm-none-eabi/7.3.1/thumb/v7-m/crtbegin.o
 .text          0x000000002000053c       0x90 ./hal/CortexM3/GNU/hw_reg_access.o
                0x000000002000053c                HW_set_32bit_reg
                0x0000000020000540                HW_get_32bit_reg
                0x0000000020000544                HW_set_32bit_reg_field
                0x0000000020000560                HW_get_32bit_reg_field
                0x000000002000056c                HW_set_16bit_reg
                0x0000000020000570                HW_get_16bit_reg
                0x0000000020000574                HW_set_16bit_reg_field
                0x0000000020000590                HW_get_16bit_reg_field
                0x000000002000059c                HW_set_8bit_reg
                0x00000000200005a0                HW_get_8bit_reg
                0x00000000200005a4                HW_set_8bit_reg_field
                0x00000000200005c0                HW_get_8bit_reg_field
 .text.read_bit_reg8
                0x00000000200005cc       0x38 ./drivers/mss_uart/mss_uart.o
 .text.UART0_IRQHandler
                0x0000000020000604       0x24 ./drivers/mss_uart/mss_uart.o
                0x0000000020000604                UART0_IRQHandler
 .text.UART1_IRQHandler
                0x0000000020000628       0x24 ./drivers/mss_uart/mss_uart.o
                0x0000000020000628                UART1_IRQHandler
 .text.MSS_UART_isr
                0x000000002000064c      0x208 ./drivers/mss_uart/mss_uart.o
 .text.ComBlk_IRQHandler
                0x0000000020000854       0x48 ./drivers/mss_sys_services/mss_comblk.o
                0x0000000020000854                ComBlk_IRQHandler
 .text.handle_tx_okay_irq
                0x000000002000089c      0x1ac ./drivers/mss_sys_services/mss_comblk.o
 .text.handle_rx_okay_irq
                0x0000000020000a48      0x210 ./drivers/mss_sys_services/mss_comblk.o
 .text.complete_request
                0x0000000020000c58       0x40 ./drivers/mss_sys_services/mss_comblk.o
 .text.abort_current_cmd
                0x0000000020000c98       0x4c ./drivers/mss_sys_services/mss_comblk.o
 .text.fill_tx_fifo
                0x0000000020000ce4       0x60 ./drivers/mss_sys_services/mss_comblk.o
 .text.process_sys_ctrl_command
                0x0000000020000d44       0x28 ./drivers/mss_sys_services/mss_comblk.o
 .text.NVIC_ClearPendingIRQ
                0x0000000020000d6c       0x34 ./drivers/mss_spi/mss_spi.o
 .text.recover_from_rx_overflow
                0x0000000020000da0      0x128 ./drivers/mss_spi/mss_spi.o
 .text.fill_slave_tx_fifo
                0x0000000020000ec8       0xd6 ./drivers/mss_spi/mss_spi.o
 .text.read_slave_rx_fifo
                0x0000000020000f9e       0xa6 ./drivers/mss_spi/mss_spi.o
 .text.mss_spi_isr
                0x0000000020001044      0x27c ./drivers/mss_spi/mss_spi.o
 .text.SPI0_IRQHandler
                0x00000000200012c0       0x24 ./drivers/mss_spi/mss_spi.o
                0x00000000200012c0                SPI0_IRQHandler
 .text.SPI1_IRQHandler
                0x00000000200012e4       0x24 ./drivers/mss_spi/mss_spi.o
                0x00000000200012e4                SPI1_IRQHandler
 .text.get_channel_id_from_status
                0x0000000020001308       0x9c ./drivers/mss_pdma/mss_pdma.o
 .text.DMA_IRQHandler
                0x00000000200013a4       0x78 ./drivers/mss_pdma/mss_pdma.o
                0x00000000200013a4                DMA_IRQHandler
 .text.NVIC_DisableIRQ
                0x000000002000141c       0x34 ./drivers/mss_i2c/mss_i2c.o
 .text.enable_slave_if_required
                0x0000000020001450       0x24 ./drivers/mss_i2c/mss_i2c.o
 .text.mss_i2c_isr
                0x0000000020001474      0x854 ./drivers/mss_i2c/mss_i2c.o
 .text.I2C0_IRQHandler
                0x0000000020001cc8       0x24 ./drivers/mss_i2c/mss_i2c.o
                0x0000000020001cc8                I2C0_IRQHandler
 .text.I2C1_IRQHandler
                0x0000000020001cec       0x24 ./drivers/mss_i2c/mss_i2c.o
                0x0000000020001cec                I2C1_IRQHandler
 .text.start_transfer
                0x0000000020001d10      0x154 ./drivers/mss_hpdma/mss_hpdma.o
 .text.HPDMA_Complete_IRQHandler
                0x0000000020001e64       0xf8 ./drivers/mss_hpdma/mss_hpdma.o
                0x0000000020001e64                HPDMA_Complete_IRQHandler
 .text.HPDMA_Error_IRQHandler
                0x0000000020001f5c      0x100 ./drivers/mss_hpdma/mss_hpdma.o
                0x0000000020001f5c                HPDMA_Error_IRQHandler
 .text.Utils_Buffer_to_40_ValueU_Little
                0x000000002000205c       0x8a ./Header_C_files/Utils/utils.o
                0x000000002000205c                Utils_Buffer_to_40_ValueU_Little
 .text.Utils_HAL_Set_8bit
                0x00000000200020e6       0x36 ./Header_C_files/Utils/utils.o
                0x00000000200020e6                Utils_HAL_Set_8bit
 .text.test_RTC
                0x000000002000211c       0x74 ./Header_C_files/Test/test.o
                0x000000002000211c                test_RTC
 .text.main     0x0000000020002190        0xe ./Header_C_files/Seq_ops/main.o
                0x0000000020002190                main
 *fill*         0x000000002000219e        0x2 
 .text.RTC_Set_Value
                0x00000000200021a0       0x8c ./Header_C_files/RTC/rtc.o
                0x00000000200021a0                RTC_Set_Value
 .text.RTC_Get_Value64
                0x000000002000222c       0x64 ./Header_C_files/RTC/rtc.o
                0x000000002000222c                RTC_Get_Value64
 .text.RTC_Get_Value_Pointer1
                0x0000000020002290       0x6c ./Header_C_files/RTC/rtc.o
                0x0000000020002290                RTC_Get_Value_Pointer1
 .text.SystemInit
                0x00000000200022fc       0x20 ./CMSIS/system_m2sxxx.o
                0x00000000200022fc                SystemInit
 .text.get_silicon_revision
                0x000000002000231c       0x48 ./CMSIS/system_m2sxxx.o
 .text.silicon_workarounds
                0x0000000020002364       0x22 ./CMSIS/system_m2sxxx.o
 *fill*         0x0000000020002386        0x2 
 .text.m2s050_rev_a_workarounds
                0x0000000020002388       0x30 ./CMSIS/system_m2sxxx.o
 .text.__libc_init_array
                0x00000000200023b8       0x48 c:/microsemi/softconsole_v6.0/arm-none-eabi-gcc/bin/../lib/gcc/arm-none-eabi/7.3.1/../../../../arm-none-eabi/lib/thumb/v7-m\libg_nano.a(lib_a-init.o)
                0x00000000200023b8                __libc_init_array
 *(.plt)
 *(.gnu.warning)
 *(.glue_7t)
 .glue_7t       0x0000000020002400        0x0 linker stubs
 *(.glue_7)
 .glue_7        0x0000000020002400        0x0 linker stubs
 *(.vfp11_veneer)
 .vfp11_veneer  0x0000000020002400        0x0 linker stubs
                0x0000000020002400                . = ALIGN (0x4)
 *crtbegin.o(.ctors)
 *(EXCLUDE_FILE(*crtend.o) .ctors)
 *(SORT_BY_NAME(.ctors.*))
 *crtend.o(.ctors)
 *crtbegin.o(.dtors)
 *(EXCLUDE_FILE(*crtend.o) .dtors)
 *(SORT_BY_NAME(.dtors.*))
 *crtend.o(.dtors)
 *(.rodata .rodata.* .gnu.linkonce.r.*)
 .rodata        0x0000000020002400       0x60 ./drivers/mss_pdma/mss_pdma.o
 .rodata        0x0000000020002460       0x25 ./Header_C_files/Test/test.o
 *(.ARM.extab* .gnu.linkonce.armextab.*)
 *(.gcc_except_table)
 *(.eh_frame_hdr)
 *(.eh_frame)
 *fill*         0x0000000020002485        0x3 
 .eh_frame      0x0000000020002488        0x0 c:/microsemi/softconsole_v6.0/arm-none-eabi-gcc/bin/../lib/gcc/arm-none-eabi/7.3.1/thumb/v7-m/crtbegin.o
 *(.vector_table)
 *(.init)
 .init          0x0000000020002488        0x4 c:/microsemi/softconsole_v6.0/arm-none-eabi-gcc/bin/../lib/gcc/arm-none-eabi/7.3.1/thumb/v7-m/crti.o
                0x0000000020002488                _init
 .init          0x000000002000248c        0x8 c:/microsemi/softconsole_v6.0/arm-none-eabi-gcc/bin/../lib/gcc/arm-none-eabi/7.3.1/thumb/v7-m/crtn.o
 *(.fini)
 .fini          0x0000000020002494        0x4 c:/microsemi/softconsole_v6.0/arm-none-eabi-gcc/bin/../lib/gcc/arm-none-eabi/7.3.1/thumb/v7-m/crti.o
                0x0000000020002494                _fini
 .fini          0x0000000020002498        0x8 c:/microsemi/softconsole_v6.0/arm-none-eabi-gcc/bin/../lib/gcc/arm-none-eabi/7.3.1/thumb/v7-m/crtn.o
                0x00000000200024a0                PROVIDE (__preinit_array_start = .)
 *(.preinit_array)
                0x00000000200024a0                PROVIDE (__preinit_array_end = .)
                0x00000000200024a0                PROVIDE (__init_array_start = .)
 *(SORT_BY_NAME(.init_array.*))
 *(.init_array)
 .init_array    0x00000000200024a0        0x4 c:/microsemi/softconsole_v6.0/arm-none-eabi-gcc/bin/../lib/gcc/arm-none-eabi/7.3.1/thumb/v7-m/crtbegin.o
                0x00000000200024a4                PROVIDE (__init_array_end = .)
                [!provide]                        PROVIDE (__fini_array_start = .)
 *(.fini_array)
 .fini_array    0x00000000200024a4        0x4 c:/microsemi/softconsole_v6.0/arm-none-eabi-gcc/bin/../lib/gcc/arm-none-eabi/7.3.1/thumb/v7-m/crtbegin.o
 *(SORT_BY_NAME(.fini_array.*))
                [!provide]                        PROVIDE (__fini_array_end = .)
                0x00000000200024b0                . = ALIGN (0x10)
 *fill*         0x00000000200024a8        0x8 
                0x00000000200024b0                __exidx_start = .

.v4_bx          0x00000000200024b0        0x0
 .v4_bx         0x00000000200024b0        0x0 linker stubs

.iplt           0x00000000200024b0        0x0
 .iplt          0x00000000200024b0        0x0 c:/microsemi/softconsole_v6.0/arm-none-eabi-gcc/bin/../lib/gcc/arm-none-eabi/7.3.1/thumb/v7-m/crtbegin.o

.rel.dyn        0x00000000200024b0        0x0
 .rel.iplt      0x00000000200024b0        0x0 c:/microsemi/softconsole_v6.0/arm-none-eabi-gcc/bin/../lib/gcc/arm-none-eabi/7.3.1/thumb/v7-m/crtbegin.o

.ARM.exidx
 *(.ARM.exidx* .gnu.linkonce.armexidx.*)
                0x00000000200024b0                __exidx_end = .
                0x00000000200024b0                _etext = .
                [!provide]                        PROVIDE (__text_end = .)

.data           0x00000000200024b0        0x0
                0x00000000200024b0                __data_load = LOADADDR (.data)
                0x00000000200024b0                _sidata = LOADADDR (.data)
                0x00000000200024b0                __data_start = .
                0x00000000200024b0                _sdata = .
 *(.jcr)
 *(.got.plt)
 *(.got)
 *(.shdata)
 *(.data .data.* .gnu.linkonce.d.*)
                0x00000000200024b0                . = ALIGN (0x10)
                0x00000000200024b0                _edata = .

.tm_clone_table
                0x00000000200024b0        0x0
 .tm_clone_table
                0x00000000200024b0        0x0 c:/microsemi/softconsole_v6.0/arm-none-eabi-gcc/bin/../lib/gcc/arm-none-eabi/7.3.1/thumb/v7-m/crtbegin.o
 .tm_clone_table
                0x00000000200024b0        0x0 c:/microsemi/softconsole_v6.0/arm-none-eabi-gcc/bin/../lib/gcc/arm-none-eabi/7.3.1/thumb/v7-m/crtend.o

.igot.plt       0x00000000200024b0        0x0
 .igot.plt      0x00000000200024b0        0x0 c:/microsemi/softconsole_v6.0/arm-none-eabi-gcc/bin/../lib/gcc/arm-none-eabi/7.3.1/thumb/v7-m/crtbegin.o

.bss            0x00000000200024b0      0x300
                0x00000000200024b0                __bss_start__ = .
                0x00000000200024b0                _sbss = .
 *(.shbss)
 *(.bss .bss.* .gnu.linkonce.b.*)
 .bss.completed.6486
                0x00000000200024b0        0x1 c:/microsemi/softconsole_v6.0/arm-none-eabi-gcc/bin/../lib/gcc/arm-none-eabi/7.3.1/thumb/v7-m/crtbegin.o
 *fill*         0x00000000200024b1        0x3 
 .bss.object.6491
                0x00000000200024b4       0x18 c:/microsemi/softconsole_v6.0/arm-none-eabi-gcc/bin/../lib/gcc/arm-none-eabi/7.3.1/thumb/v7-m/crtbegin.o
 .bss.g_comblk_cmd_opcode
                0x00000000200024cc        0x1 ./drivers/mss_sys_services/mss_comblk.o
 *fill*         0x00000000200024cd        0x3 
 .bss.g_comblk_p_cmd
                0x00000000200024d0        0x4 ./drivers/mss_sys_services/mss_comblk.o
 .bss.g_comblk_cmd_size
                0x00000000200024d4        0x2 ./drivers/mss_sys_services/mss_comblk.o
 *fill*         0x00000000200024d6        0x2 
 .bss.g_comblk_p_data
                0x00000000200024d8        0x4 ./drivers/mss_sys_services/mss_comblk.o
 .bss.g_comblk_data_size
                0x00000000200024dc        0x4 ./drivers/mss_sys_services/mss_comblk.o
 .bss.g_comblk_p_response
                0x00000000200024e0        0x4 ./drivers/mss_sys_services/mss_comblk.o
 .bss.g_comblk_response_size
                0x00000000200024e4        0x2 ./drivers/mss_sys_services/mss_comblk.o
 .bss.g_comblk_response_idx
                0x00000000200024e6        0x2 ./drivers/mss_sys_services/mss_comblk.o
 .bss.g_comblk_completion_handler
                0x00000000200024e8        0x4 ./drivers/mss_sys_services/mss_comblk.o
 .bss.g_comblk_page_handler
                0x00000000200024ec        0x4 ./drivers/mss_sys_services/mss_comblk.o
 .bss.g_request_in_progress
                0x00000000200024f0        0x1 ./drivers/mss_sys_services/mss_comblk.o
 .bss.g_comblk_state
                0x00000000200024f1        0x1 ./drivers/mss_sys_services/mss_comblk.o
 *fill*         0x00000000200024f2        0x2 
 .bss.g_async_event_handler
                0x00000000200024f4        0x4 ./drivers/mss_sys_services/mss_comblk.o
 .bss.g_pdma_isr_table
                0x00000000200024f8       0x20 ./drivers/mss_pdma/mss_pdma.o
 .bss.g_transfer
                0x0000000020002518       0x18 ./drivers/mss_hpdma/mss_hpdma.o
 .bss.g_hpdma_end_desc
                0x0000000020002530        0x4 ./drivers/mss_hpdma/mss_hpdma.o
 .bss.g_hpdma_current_desc
                0x0000000020002534        0x4 ./drivers/mss_hpdma/mss_hpdma.o
 *(COMMON)
 COMMON         0x0000000020002538       0x80 ./drivers/mss_uart/mss_uart.o
                0x0000000020002538                g_mss_uart1
                0x0000000020002578                g_mss_uart0
 COMMON         0x00000000200025b8      0x108 ./drivers/mss_spi/mss_spi.o
                0x00000000200025b8                g_mss_spi1
                0x000000002000263c                g_mss_spi0
 COMMON         0x00000000200026c0       0xe8 ./drivers/mss_i2c/mss_i2c.o
                0x00000000200026c0                g_mss_i2c0
                0x0000000020002734                g_mss_i2c1
                0x00000000200027b0                . = ALIGN (0x10)
 *fill*         0x00000000200027a8        0x8 
                0x00000000200027b0                __bss_end__ = .
                0x00000000200027b0                _end = .
                0x00000000200027b0                __end = _end
                0x00000000200027b0                _ebss = .
                [!provide]                        PROVIDE (end = .)

.heap           0x00000000200027b0     0xc850
                0x00000000200027b0                __heap_start__ = .
                0x00000000200037b0                . = (. + MIN_SIZE_HEAP)
 *fill*         0x00000000200027b0     0x1000 
                0x000000002000f000                . = (. + (((ABSOLUTE (RAM_START_ADDRESS) + RAM_SIZE) - MAIN_STACK_SIZE) - .))
 *fill*         0x00000000200037b0     0xb850 
                0x000000002000f000                _eheap = .

.stack          0x000000002000f000     0x1000
                0x000000002000f000                __stack_start__ = .
                0x0000000020010000                . = (. + MAIN_STACK_SIZE)
 *fill*         0x000000002000f000     0x1000 
                0x0000000020010000                _estack = .

.stab
 *(.stab)

.stabstr
 *(.stabstr)

.debug
 *(.debug)

.line
 *(.line)

.debug_srcinfo
 *(.debug_srcinfo)

.debug_sfnames
 *(.debug_sfnames)

.debug_aranges  0x0000000000000000      0x910
 *(.debug_aranges)
 .debug_aranges
                0x0000000000000000       0x20 ./hal/CortexM3/GNU/hw_reg_access.o
 .debug_aranges
                0x0000000000000020      0x1d0 ./drivers/mss_uart/mss_uart.o
 .debug_aranges
                0x00000000000001f0       0x90 ./drivers/mss_sys_services/mss_comblk.o
 .debug_aranges
                0x0000000000000280       0xe0 ./drivers/mss_spi/mss_spi.o
 .debug_aranges
                0x0000000000000360       0x78 ./drivers/mss_pdma/mss_pdma.o
 .debug_aranges
                0x00000000000003d8      0x128 ./drivers/mss_i2c/mss_i2c.o
 .debug_aranges
                0x0000000000000500       0x80 ./drivers/mss_hpdma/mss_hpdma.o
 .debug_aranges
                0x0000000000000580       0xe8 ./Header_C_files/Utils/utils.o
 .debug_aranges
                0x0000000000000668       0xf8 ./Header_C_files/Test/test.o
 .debug_aranges
                0x0000000000000760       0xe8 ./Header_C_files/Seq_ops/main.o
 .debug_aranges
                0x0000000000000848       0x58 ./Header_C_files/RTC/rtc.o
 .debug_aranges
                0x00000000000008a0       0x20 ./CMSIS/startup_gcc/startup_m2sxxx.o
 .debug_aranges
                0x00000000000008c0       0x50 ./CMSIS/system_m2sxxx.o

.debug_pubnames
 *(.debug_pubnames)

.debug_info     0x0000000000000000    0x13dad
 *(.debug_info .gnu.linkonce.wi.*)
 .debug_info    0x0000000000000000       0x26 ./hal/CortexM3/GNU/hw_reg_access.o
 .debug_info    0x0000000000000026     0x1d00 ./drivers/mss_uart/mss_uart.o
 .debug_info    0x0000000000001d26      0xad5 ./drivers/mss_sys_services/mss_comblk.o
 .debug_info    0x00000000000027fb     0x1d9d ./drivers/mss_spi/mss_spi.o
 .debug_info    0x0000000000004598     0x1005 ./drivers/mss_pdma/mss_pdma.o
 .debug_info    0x000000000000559d     0x20aa ./drivers/mss_i2c/mss_i2c.o
 .debug_info    0x0000000000007647     0x1140 ./drivers/mss_hpdma/mss_hpdma.o
 .debug_info    0x0000000000008787     0x270c ./Header_C_files/Utils/utils.o
 .debug_info    0x000000000000ae93     0x3567 ./Header_C_files/Test/test.o
 .debug_info    0x000000000000e3fa     0x34dc ./Header_C_files/Seq_ops/main.o
 .debug_info    0x00000000000118d6     0x19ff ./Header_C_files/RTC/rtc.o
 .debug_info    0x00000000000132d5       0x26 ./CMSIS/startup_gcc/startup_m2sxxx.o
 .debug_info    0x00000000000132fb      0xab2 ./CMSIS/system_m2sxxx.o

.debug_abbrev   0x0000000000000000     0x1e07
 *(.debug_abbrev)
 .debug_abbrev  0x0000000000000000       0x14 ./hal/CortexM3/GNU/hw_reg_access.o
 .debug_abbrev  0x0000000000000014      0x310 ./drivers/mss_uart/mss_uart.o
 .debug_abbrev  0x0000000000000324      0x1fe ./drivers/mss_sys_services/mss_comblk.o
 .debug_abbrev  0x0000000000000522      0x315 ./drivers/mss_spi/mss_spi.o
 .debug_abbrev  0x0000000000000837      0x228 ./drivers/mss_pdma/mss_pdma.o
 .debug_abbrev  0x0000000000000a5f      0x38d ./drivers/mss_i2c/mss_i2c.o
 .debug_abbrev  0x0000000000000dec      0x26d ./drivers/mss_hpdma/mss_hpdma.o
 .debug_abbrev  0x0000000000001059      0x2c1 ./Header_C_files/Utils/utils.o
 .debug_abbrev  0x000000000000131a      0x394 ./Header_C_files/Test/test.o
 .debug_abbrev  0x00000000000016ae      0x3cd ./Header_C_files/Seq_ops/main.o
 .debug_abbrev  0x0000000000001a7b      0x1e8 ./Header_C_files/RTC/rtc.o
 .debug_abbrev  0x0000000000001c63       0x14 ./CMSIS/startup_gcc/startup_m2sxxx.o
 .debug_abbrev  0x0000000000001c77      0x190 ./CMSIS/system_m2sxxx.o

.debug_line     0x0000000000000000     0x6f7b
 *(.debug_line)
 .debug_line    0x0000000000000000       0x8b ./hal/CortexM3/GNU/hw_reg_access.o
 .debug_line    0x000000000000008b      0xe93 ./drivers/mss_uart/mss_uart.o
 .debug_line    0x0000000000000f1e      0x587 ./drivers/mss_sys_services/mss_comblk.o
 .debug_line    0x00000000000014a5      0x809 ./drivers/mss_spi/mss_spi.o
 .debug_line    0x0000000000001cae      0x446 ./drivers/mss_pdma/mss_pdma.o
 .debug_line    0x00000000000020f4      0x867 ./drivers/mss_i2c/mss_i2c.o
 .debug_line    0x000000000000295b      0x490 ./drivers/mss_hpdma/mss_hpdma.o
 .debug_line    0x0000000000002deb      0x975 ./Header_C_files/Utils/utils.o
 .debug_line    0x0000000000003760     0x1831 ./Header_C_files/Test/test.o
 .debug_line    0x0000000000004f91     0x14db ./Header_C_files/Seq_ops/main.o
 .debug_line    0x000000000000646c      0x604 ./Header_C_files/RTC/rtc.o
 .debug_line    0x0000000000006a70      0x18e ./CMSIS/startup_gcc/startup_m2sxxx.o
 .debug_line    0x0000000000006bfe      0x37d ./CMSIS/system_m2sxxx.o

.debug_frame    0x0000000000000000     0x24e0
 *(.debug_frame)
 .debug_frame   0x0000000000000000      0x820 ./drivers/mss_uart/mss_uart.o
 .debug_frame   0x0000000000000820      0x240 ./drivers/mss_sys_services/mss_comblk.o
 .debug_frame   0x0000000000000a60      0x3c0 ./drivers/mss_spi/mss_spi.o
 .debug_frame   0x0000000000000e20      0x1ec ./drivers/mss_pdma/mss_pdma.o
 .debug_frame   0x000000000000100c      0x540 ./drivers/mss_i2c/mss_i2c.o
 .debug_frame   0x000000000000154c      0x208 ./drivers/mss_hpdma/mss_hpdma.o
 .debug_frame   0x0000000000001754      0x3f8 ./Header_C_files/Utils/utils.o
 .debug_frame   0x0000000000001b4c      0x3ac ./Header_C_files/Test/test.o
 .debug_frame   0x0000000000001ef8      0x388 ./Header_C_files/Seq_ops/main.o
 .debug_frame   0x0000000000002280      0x128 ./Header_C_files/RTC/rtc.o
 .debug_frame   0x00000000000023a8      0x10c ./CMSIS/system_m2sxxx.o
 .debug_frame   0x00000000000024b4       0x2c c:/microsemi/softconsole_v6.0/arm-none-eabi-gcc/bin/../lib/gcc/arm-none-eabi/7.3.1/../../../../arm-none-eabi/lib/thumb/v7-m\libg_nano.a(lib_a-init.o)

.debug_str      0x0000000000000000    0x1ca68
 *(.debug_str)
 .debug_str     0x0000000000000000       0x9f ./hal/CortexM3/GNU/hw_reg_access.o
 .debug_str     0x000000000000009f     0xb9d2 ./drivers/mss_uart/mss_uart.o
                                       0xbd46 (size before relaxing)
 .debug_str     0x000000000000ba71      0x4e0 ./drivers/mss_sys_services/mss_comblk.o
                                       0xa11e (size before relaxing)
 .debug_str     0x000000000000bf51     0x32bb ./drivers/mss_spi/mss_spi.o
                                       0xda64 (size before relaxing)
 .debug_str     0x000000000000f20c     0x1472 ./drivers/mss_pdma/mss_pdma.o
                                       0xb74f (size before relaxing)
 .debug_str     0x000000000001067e      0xbff ./drivers/mss_i2c/mss_i2c.o
                                       0xdbc9 (size before relaxing)
 .debug_str     0x000000000001127d      0x754 ./drivers/mss_hpdma/mss_hpdma.o
                                       0xaa38 (size before relaxing)
 .debug_str     0x00000000000119d1     0x2686 ./Header_C_files/Utils/utils.o
                                       0xfcda (size before relaxing)
 .debug_str     0x0000000000014057     0x7279 ./Header_C_files/Test/test.o
                                      0x1759e (size before relaxing)
 .debug_str     0x000000000001b2d0      0xf2f ./Header_C_files/Seq_ops/main.o
                                      0x16f3c (size before relaxing)
 .debug_str     0x000000000001c1ff       0xb2 ./Header_C_files/RTC/rtc.o
                                       0xc9a8 (size before relaxing)
 .debug_str     0x000000000001c2b1       0x26 ./CMSIS/startup_gcc/startup_m2sxxx.o
                                         0xa1 (size before relaxing)
 .debug_str     0x000000000001c2d7      0x791 ./CMSIS/system_m2sxxx.o
                                       0xa108 (size before relaxing)

.debug_loc
 *(.debug_loc)

.debug_macinfo
 *(.debug_macinfo)

.debug_weaknames
 *(.debug_weaknames)

.debug_funcnames
 *(.debug_funcnames)

.debug_typenames
 *(.debug_typenames)

.debug_varnames
 *(.debug_varnames)

.note.gnu.arm.ident
 *(.note.gnu.arm.ident)

.ARM.attributes
                0x0000000000000000       0x29
 *(.ARM.attributes)
 .ARM.attributes
                0x0000000000000000       0x1d c:/microsemi/softconsole_v6.0/arm-none-eabi-gcc/bin/../lib/gcc/arm-none-eabi/7.3.1/thumb/v7-m/crti.o
 .ARM.attributes
                0x000000000000001d       0x2d c:/microsemi/softconsole_v6.0/arm-none-eabi-gcc/bin/../lib/gcc/arm-none-eabi/7.3.1/thumb/v7-m/crtbegin.o
 .ARM.attributes
                0x000000000000004a       0x1b c:/microsemi/softconsole_v6.0/arm-none-eabi-gcc/bin/../lib/gcc/arm-none-eabi/7.3.1/../../../../arm-none-eabi/lib/thumb/v7-m/crt0.o
 .ARM.attributes
                0x0000000000000065       0x21 ./hal/CortexM3/GNU/hal.o
 .ARM.attributes
                0x0000000000000086       0x21 ./hal/CortexM3/GNU/hw_reg_access.o
 .ARM.attributes
                0x00000000000000a7       0x33 ./hal/CortexM3/cortex_nvic.o
 .ARM.attributes
                0x00000000000000da       0x33 ./drivers_config/sys_config/sys_config.o
 .ARM.attributes
                0x000000000000010d       0x33 ./drivers/mss_uart/mss_uart.o
 .ARM.attributes
                0x0000000000000140       0x33 ./drivers/mss_sys_services/mss_comblk.o
 .ARM.attributes
                0x0000000000000173       0x33 ./drivers/mss_sys_services/mss_sys_services.o
 .ARM.attributes
                0x00000000000001a6       0x33 ./drivers/mss_spi/mss_spi.o
 .ARM.attributes
                0x00000000000001d9       0x33 ./drivers/mss_pdma/mss_pdma.o
 .ARM.attributes
                0x000000000000020c       0x33 ./drivers/mss_nvm/mss_nvm.o
 .ARM.attributes
                0x000000000000023f       0x33 ./drivers/mss_i2c/mss_i2c.o
 .ARM.attributes
                0x0000000000000272       0x33 ./drivers/mss_hpdma/mss_hpdma.o
 .ARM.attributes
                0x00000000000002a5       0x33 ./drivers/mss_gpio/mss_gpio.o
 .ARM.attributes
                0x00000000000002d8       0x33 ./drivers/CoreUARTapb/core_uart_apb.o
 .ARM.attributes
                0x000000000000030b       0x33 ./drivers/CoreSPI/core_spi.o
 .ARM.attributes
                0x000000000000033e       0x33 ./drivers/CoreI2C/core_i2c.o
 .ARM.attributes
                0x0000000000000371       0x33 ./drivers/CoreI2C/i2c_interrupt.o
 .ARM.attributes
                0x00000000000003a4       0x33 ./Header_C_files/Utils/utils.o
 .ARM.attributes
                0x00000000000003d7       0x33 ./Header_C_files/UART/UART_RX_V3.o
 .ARM.attributes
                0x000000000000040a       0x33 ./Header_C_files/UART/UART_TX.o
 .ARM.attributes
                0x000000000000043d       0x33 ./Header_C_files/Test/test.o
 .ARM.attributes
                0x0000000000000470       0x33 ./Header_C_files/Seq_ops/main.o
 .ARM.attributes
                0x00000000000004a3       0x33 ./Header_C_files/SPI_Flash/spi_flash.o
 .ARM.attributes
                0x00000000000004d6       0x33 ./Header_C_files/SD_CARD/sd.o
 .ARM.attributes
                0x0000000000000509       0x33 ./Header_C_files/RTC/rtc.o
 .ARM.attributes
                0x000000000000053c       0x33 ./Header_C_files/I2C/i2c.o
 .ARM.attributes
                0x000000000000056f       0x33 ./Header_C_files/EPS/eps.o
 .ARM.attributes
                0x00000000000005a2       0x33 ./Header_C_files/DAXSS/daxss.o
 .ARM.attributes
                0x00000000000005d5       0x33 ./Header_C_files/Command_handle/command_handle.o
 .ARM.attributes
                0x0000000000000608       0x33 ./Header_C_files/COMM_TX_S/sband.o
 .ARM.attributes
                0x000000000000063b       0x33 ./Header_C_files/COMM_TRX_U/uhf.o
 .ARM.attributes
                0x000000000000066e       0x33 ./Header_C_files/COMM_TRX_U/uhf_rx_v2.o
 .ARM.attributes
                0x00000000000006a1       0x33 ./Header_C_files/COMM_TRX_U/uhf_tx.o
 .ARM.attributes
                0x00000000000006d4       0x33 ./Header_C_files/CIP/cip.o
 .ARM.attributes
                0x0000000000000707       0x33 ./Header_C_files/CCSDS/ccsds.o
 .ARM.attributes
                0x000000000000073a       0x33 ./Header_C_files/ADCS/adcs.o
 .ARM.attributes
                0x000000000000076d       0x33 ./Header_C_files/gpios.o
 .ARM.attributes
                0x00000000000007a0       0x33 ./CMSIS/startup_gcc/newlib_stubs.o
 .ARM.attributes
                0x00000000000007d3       0x21 ./CMSIS/startup_gcc/startup_m2sxxx.o
 .ARM.attributes
                0x00000000000007f4       0x33 ./CMSIS/system_m2sxxx.o
 .ARM.attributes
                0x0000000000000827       0x1d c:/microsemi/softconsole_v6.0/arm-none-eabi-gcc/bin/../lib/gcc/arm-none-eabi/7.3.1/thumb/v7-m\libgcc.a(_arm_addsubdf3.o)
 .ARM.attributes
                0x0000000000000844       0x1d c:/microsemi/softconsole_v6.0/arm-none-eabi-gcc/bin/../lib/gcc/arm-none-eabi/7.3.1/thumb/v7-m\libgcc.a(_arm_muldivdf3.o)
 .ARM.attributes
                0x0000000000000861       0x1d c:/microsemi/softconsole_v6.0/arm-none-eabi-gcc/bin/../lib/gcc/arm-none-eabi/7.3.1/thumb/v7-m\libgcc.a(_arm_cmpdf2.o)
 .ARM.attributes
                0x000000000000087e       0x1d c:/microsemi/softconsole_v6.0/arm-none-eabi-gcc/bin/../lib/gcc/arm-none-eabi/7.3.1/thumb/v7-m\libgcc.a(_arm_fixunsdfsi.o)
 .ARM.attributes
                0x000000000000089b       0x1d c:/microsemi/softconsole_v6.0/arm-none-eabi-gcc/bin/../lib/gcc/arm-none-eabi/7.3.1/thumb/v7-m\libgcc.a(_arm_truncdfsf2.o)
 .ARM.attributes
                0x00000000000008b8       0x1d c:/microsemi/softconsole_v6.0/arm-none-eabi-gcc/bin/../lib/gcc/arm-none-eabi/7.3.1/thumb/v7-m\libgcc.a(_arm_addsubsf3.o)
 .ARM.attributes
                0x00000000000008d5       0x1d c:/microsemi/softconsole_v6.0/arm-none-eabi-gcc/bin/../lib/gcc/arm-none-eabi/7.3.1/thumb/v7-m\libgcc.a(_arm_muldivsf3.o)
 .ARM.attributes
                0x00000000000008f2       0x1d c:/microsemi/softconsole_v6.0/arm-none-eabi-gcc/bin/../lib/gcc/arm-none-eabi/7.3.1/thumb/v7-m\libgcc.a(_arm_cmpsf2.o)
 .ARM.attributes
                0x000000000000090f       0x1d c:/microsemi/softconsole_v6.0/arm-none-eabi-gcc/bin/../lib/gcc/arm-none-eabi/7.3.1/thumb/v7-m\libgcc.a(_arm_fixunssfsi.o)
 .ARM.attributes
                0x000000000000092c       0x1d c:/microsemi/softconsole_v6.0/arm-none-eabi-gcc/bin/../lib/gcc/arm-none-eabi/7.3.1/thumb/v7-m\libgcc.a(_aeabi_uldivmod.o)
 .ARM.attributes
                0x0000000000000949       0x2d c:/microsemi/softconsole_v6.0/arm-none-eabi-gcc/bin/../lib/gcc/arm-none-eabi/7.3.1/thumb/v7-m\libgcc.a(_udivmoddi4.o)
 .ARM.attributes
                0x0000000000000976       0x1d c:/microsemi/softconsole_v6.0/arm-none-eabi-gcc/bin/../lib/gcc/arm-none-eabi/7.3.1/thumb/v7-m\libgcc.a(_dvmd_tls.o)
 .ARM.attributes
                0x0000000000000993       0x2d c:/microsemi/softconsole_v6.0/arm-none-eabi-gcc/bin/../lib/gcc/arm-none-eabi/7.3.1/../../../../arm-none-eabi/lib/thumb/v7-m\libg_nano.a(lib_a-calloc.o)
 .ARM.attributes
                0x00000000000009c0       0x2d c:/microsemi/softconsole_v6.0/arm-none-eabi-gcc/bin/../lib/gcc/arm-none-eabi/7.3.1/../../../../arm-none-eabi/lib/thumb/v7-m\libg_nano.a(lib_a-errno.o)
 .ARM.attributes
                0x00000000000009ed       0x2d c:/microsemi/softconsole_v6.0/arm-none-eabi-gcc/bin/../lib/gcc/arm-none-eabi/7.3.1/../../../../arm-none-eabi/lib/thumb/v7-m\libg_nano.a(lib_a-exit.o)
 .ARM.attributes
                0x0000000000000a1a       0x2d c:/microsemi/softconsole_v6.0/arm-none-eabi-gcc/bin/../lib/gcc/arm-none-eabi/7.3.1/../../../../arm-none-eabi/lib/thumb/v7-m\libg_nano.a(lib_a-impure.o)
 .ARM.attributes
                0x0000000000000a47       0x2d c:/microsemi/softconsole_v6.0/arm-none-eabi-gcc/bin/../lib/gcc/arm-none-eabi/7.3.1/../../../../arm-none-eabi/lib/thumb/v7-m\libg_nano.a(lib_a-init.o)
 .ARM.attributes
                0x0000000000000a74       0x2d c:/microsemi/softconsole_v6.0/arm-none-eabi-gcc/bin/../lib/gcc/arm-none-eabi/7.3.1/../../../../arm-none-eabi/lib/thumb/v7-m\libg_nano.a(lib_a-malloc.o)
 .ARM.attributes
                0x0000000000000aa1       0x2d c:/microsemi/softconsole_v6.0/arm-none-eabi-gcc/bin/../lib/gcc/arm-none-eabi/7.3.1/../../../../arm-none-eabi/lib/thumb/v7-m\libg_nano.a(lib_a-memcpy-stub.o)
 .ARM.attributes
                0x0000000000000ace       0x2d c:/microsemi/softconsole_v6.0/arm-none-eabi-gcc/bin/../lib/gcc/arm-none-eabi/7.3.1/../../../../arm-none-eabi/lib/thumb/v7-m\libg_nano.a(lib_a-memset.o)
 .ARM.attributes
                0x0000000000000afb       0x2d c:/microsemi/softconsole_v6.0/arm-none-eabi-gcc/bin/../lib/gcc/arm-none-eabi/7.3.1/../../../../arm-none-eabi/lib/thumb/v7-m\libg_nano.a(lib_a-nano-callocr.o)
 .ARM.attributes
                0x0000000000000b28       0x2d c:/microsemi/softconsole_v6.0/arm-none-eabi-gcc/bin/../lib/gcc/arm-none-eabi/7.3.1/../../../../arm-none-eabi/lib/thumb/v7-m\libg_nano.a(lib_a-nano-freer.o)
 .ARM.attributes
                0x0000000000000b55       0x2d c:/microsemi/softconsole_v6.0/arm-none-eabi-gcc/bin/../lib/gcc/arm-none-eabi/7.3.1/../../../../arm-none-eabi/lib/thumb/v7-m\libg_nano.a(lib_a-nano-mallocr.o)
 .ARM.attributes
                0x0000000000000b82       0x2d c:/microsemi/softconsole_v6.0/arm-none-eabi-gcc/bin/../lib/gcc/arm-none-eabi/7.3.1/../../../../arm-none-eabi/lib/thumb/v7-m\libg_nano.a(lib_a-sbrkr.o)
 .ARM.attributes
                0x0000000000000baf       0x2d c:/microsemi/softconsole_v6.0/arm-none-eabi-gcc/bin/../lib/gcc/arm-none-eabi/7.3.1/../../../../arm-none-eabi/lib/thumb/v7-m\libg_nano.a(lib_a-mlock.o)
 .ARM.attributes
                0x0000000000000bdc       0x2d c:/microsemi/softconsole_v6.0/arm-none-eabi-gcc/bin/../lib/gcc/arm-none-eabi/7.3.1/../../../../arm-none-eabi/lib/thumb/v7-m\libg_nano.a(lib_a-reent.o)
 .ARM.attributes
                0x0000000000000c09       0x2d c:/microsemi/softconsole_v6.0/arm-none-eabi-gcc/bin/../lib/gcc/arm-none-eabi/7.3.1/thumb/v7-m/crtend.o
 .ARM.attributes
                0x0000000000000c36       0x1d c:/microsemi/softconsole_v6.0/arm-none-eabi-gcc/bin/../lib/gcc/arm-none-eabi/7.3.1/thumb/v7-m/crtn.o
 .ARM.attributes
                0x0000000000000c53       0x2d c:/microsemi/softconsole_v6.0/arm-none-eabi-gcc/bin/../lib/gcc/arm-none-eabi/7.3.1/../../../../arm-none-eabi/lib/thumb/v7-m\libm.a(lib_a-s_fmax.o)
 .ARM.attributes
                0x0000000000000c80       0x2d c:/microsemi/softconsole_v6.0/arm-none-eabi-gcc/bin/../lib/gcc/arm-none-eabi/7.3.1/../../../../arm-none-eabi/lib/thumb/v7-m\libm.a(lib_a-s_fpclassify.o)
 .ARM.attributes
                0x0000000000000cad       0x2d c:/microsemi/softconsole_v6.0/arm-none-eabi-gcc/bin/../lib/gcc/arm-none-eabi/7.3.1/../../../../arm-none-eabi/lib/thumb/v7-m\libm.a(lib_a-sf_atan.o)
 .ARM.attributes
                0x0000000000000cda       0x2d c:/microsemi/softconsole_v6.0/arm-none-eabi-gcc/bin/../lib/gcc/arm-none-eabi/7.3.1/../../../../arm-none-eabi/lib/thumb/v7-m\libm.a(lib_a-sf_fabs.o)
 .ARM.attributes
                0x0000000000000d07       0x2d c:/microsemi/softconsole_v6.0/arm-none-eabi-gcc/bin/../lib/gcc/arm-none-eabi/7.3.1/../../../../arm-none-eabi/lib/thumb/v7-m\libm.a(lib_a-w_acos.o)
 .ARM.attributes
                0x0000000000000d34       0x2d c:/microsemi/softconsole_v6.0/arm-none-eabi-gcc/bin/../lib/gcc/arm-none-eabi/7.3.1/../../../../arm-none-eabi/lib/thumb/v7-m\libm.a(lib_a-w_log.o)
 .ARM.attributes
                0x0000000000000d61       0x2d c:/microsemi/softconsole_v6.0/arm-none-eabi-gcc/bin/../lib/gcc/arm-none-eabi/7.3.1/../../../../arm-none-eabi/lib/thumb/v7-m\libm.a(lib_a-w_sqrt.o)
 .ARM.attributes
                0x0000000000000d8e       0x2d c:/microsemi/softconsole_v6.0/arm-none-eabi-gcc/bin/../lib/gcc/arm-none-eabi/7.3.1/../../../../arm-none-eabi/lib/thumb/v7-m\libm.a(lib_a-wf_sqrt.o)
 .ARM.attributes
                0x0000000000000dbb       0x2d c:/microsemi/softconsole_v6.0/arm-none-eabi-gcc/bin/../lib/gcc/arm-none-eabi/7.3.1/../../../../arm-none-eabi/lib/thumb/v7-m\libm.a(lib_a-e_acos.o)
 .ARM.attributes
                0x0000000000000de8       0x2d c:/microsemi/softconsole_v6.0/arm-none-eabi-gcc/bin/../lib/gcc/arm-none-eabi/7.3.1/../../../../arm-none-eabi/lib/thumb/v7-m\libm.a(lib_a-e_log.o)
 .ARM.attributes
                0x0000000000000e15       0x2d c:/microsemi/softconsole_v6.0/arm-none-eabi-gcc/bin/../lib/gcc/arm-none-eabi/7.3.1/../../../../arm-none-eabi/lib/thumb/v7-m\libm.a(lib_a-e_sqrt.o)
 .ARM.attributes
                0x0000000000000e42       0x2d c:/microsemi/softconsole_v6.0/arm-none-eabi-gcc/bin/../lib/gcc/arm-none-eabi/7.3.1/../../../../arm-none-eabi/lib/thumb/v7-m\libm.a(lib_a-ef_sqrt.o)
 .ARM.attributes
                0x0000000000000e6f       0x2d c:/microsemi/softconsole_v6.0/arm-none-eabi-gcc/bin/../lib/gcc/arm-none-eabi/7.3.1/../../../../arm-none-eabi/lib/thumb/v7-m\libm.a(lib_a-s_fabs.o)
 .ARM.attributes
                0x0000000000000e9c       0x2d c:/microsemi/softconsole_v6.0/arm-none-eabi-gcc/bin/../lib/gcc/arm-none-eabi/7.3.1/../../../../arm-none-eabi/lib/thumb/v7-m\libm.a(lib_a-s_lib_ver.o)
 .ARM.attributes
                0x0000000000000ec9       0x2d c:/microsemi/softconsole_v6.0/arm-none-eabi-gcc/bin/../lib/gcc/arm-none-eabi/7.3.1/../../../../arm-none-eabi/lib/thumb/v7-m\libm.a(lib_a-s_matherr.o)
 .ARM.attributes
                0x0000000000000ef6       0x2d c:/microsemi/softconsole_v6.0/arm-none-eabi-gcc/bin/../lib/gcc/arm-none-eabi/7.3.1/../../../../arm-none-eabi/lib/thumb/v7-m\libm.a(lib_a-s_nan.o)
 .ARM.attributes
                0x0000000000000f23       0x1d c:/microsemi/softconsole_v6.0/arm-none-eabi-gcc/bin/../lib/gcc/arm-none-eabi/7.3.1/thumb/v7-m\libgcc.a(_arm_unorddf2.o)
 .ARM.attributes
                0x0000000000000f40       0x1d c:/microsemi/softconsole_v6.0/arm-none-eabi-gcc/bin/../lib/gcc/arm-none-eabi/7.3.1/thumb/v7-m\libgcc.a(_arm_unordsf2.o)

/DISCARD/
 *(.note.GNU-stack)
 *(.isr_vector)
OUTPUT(test.elf elf32-littlearm)

.debug_ranges   0x0000000000000000      0x8b8
 .debug_ranges  0x0000000000000000      0x1d8 ./drivers/mss_uart/mss_uart.o
 .debug_ranges  0x00000000000001d8       0xd0 ./drivers/mss_sys_services/mss_comblk.o
 .debug_ranges  0x00000000000002a8       0xd0 ./drivers/mss_spi/mss_spi.o
 .debug_ranges  0x0000000000000378       0x68 ./drivers/mss_pdma/mss_pdma.o
 .debug_ranges  0x00000000000003e0      0x118 ./drivers/mss_i2c/mss_i2c.o
 .debug_ranges  0x00000000000004f8       0x70 ./drivers/mss_hpdma/mss_hpdma.o
 .debug_ranges  0x0000000000000568       0xd8 ./Header_C_files/Utils/utils.o
 .debug_ranges  0x0000000000000640       0xe8 ./Header_C_files/Test/test.o
 .debug_ranges  0x0000000000000728       0xf0 ./Header_C_files/Seq_ops/main.o
 .debug_ranges  0x0000000000000818       0x48 ./Header_C_files/RTC/rtc.o
 .debug_ranges  0x0000000000000860       0x58 ./CMSIS/system_m2sxxx.o

.debug_macro    0x0000000000000000     0x3ef9
 .debug_macro   0x0000000000000000      0x185 ./drivers/mss_uart/mss_uart.o
 .debug_macro   0x0000000000000185      0x174 ./drivers/mss_uart/mss_uart.o
 .debug_macro   0x00000000000002f9      0x177 ./drivers/mss_uart/mss_uart.o
 .debug_macro   0x0000000000000470       0xe2 ./drivers/mss_uart/mss_uart.o
 .debug_macro   0x0000000000000552       0x22 ./drivers/mss_uart/mss_uart.o
 .debug_macro   0x0000000000000574      0x168 ./drivers/mss_sys_services/mss_comblk.o
 .debug_macro   0x00000000000006dc      0x190 ./drivers/mss_spi/mss_spi.o
 .debug_macro   0x000000000000086c      0x107 ./drivers/mss_spi/mss_spi.o
 .debug_macro   0x0000000000000973      0x1a1 ./drivers/mss_pdma/mss_pdma.o
 .debug_macro   0x0000000000000b14      0x273 ./drivers/mss_pdma/mss_pdma.o
 .debug_macro   0x0000000000000d87      0x299 ./drivers/mss_i2c/mss_i2c.o
 .debug_macro   0x0000000000001020       0x27 ./drivers/mss_i2c/mss_i2c.o
 .debug_macro   0x0000000000001047      0x151 ./drivers/mss_hpdma/mss_hpdma.o
 .debug_macro   0x0000000000001198       0x5e ./drivers/mss_hpdma/mss_hpdma.o
 .debug_macro   0x00000000000011f6       0x94 ./drivers/mss_hpdma/mss_hpdma.o
 .debug_macro   0x000000000000128a       0x57 ./drivers/mss_hpdma/mss_hpdma.o
 .debug_macro   0x00000000000012e1       0x10 ./drivers/mss_hpdma/mss_hpdma.o
 .debug_macro   0x00000000000012f1      0x1fb ./Header_C_files/Utils/utils.o
 .debug_macro   0x00000000000014ec       0x1c ./Header_C_files/Utils/utils.o
 .debug_macro   0x0000000000001508      0x2d3 ./Header_C_files/Utils/utils.o
 .debug_macro   0x00000000000017db       0x5e ./Header_C_files/Utils/utils.o
 .debug_macro   0x0000000000001839       0x1c ./Header_C_files/Utils/utils.o
 .debug_macro   0x0000000000001855      0x33a ./Header_C_files/Test/test.o
 .debug_macro   0x0000000000001b8f      0x160 ./Header_C_files/Test/test.o
 .debug_macro   0x0000000000001cef      0x48e ./Header_C_files/Test/test.o
 .debug_macro   0x000000000000217d       0xe2 ./Header_C_files/Test/test.o
 .debug_macro   0x000000000000225f       0x16 ./Header_C_files/Test/test.o
 .debug_macro   0x0000000000002275       0xac ./Header_C_files/Test/test.o
 .debug_macro   0x0000000000002321       0xa4 ./Header_C_files/Test/test.o
 .debug_macro   0x00000000000023c5       0x16 ./Header_C_files/Test/test.o
 .debug_macro   0x00000000000023db       0x16 ./Header_C_files/Test/test.o
 .debug_macro   0x00000000000023f1      0x10e ./Header_C_files/Test/test.o
 .debug_macro   0x00000000000024ff       0x8d ./Header_C_files/Test/test.o
 .debug_macro   0x000000000000258c       0x16 ./Header_C_files/Test/test.o
 .debug_macro   0x00000000000025a2       0x29 ./Header_C_files/Test/test.o
 .debug_macro   0x00000000000025cb      0x167 ./Header_C_files/Test/test.o
 .debug_macro   0x0000000000002732       0x16 ./Header_C_files/Test/test.o
 .debug_macro   0x0000000000002748       0x1c ./Header_C_files/Test/test.o
 .debug_macro   0x0000000000002764       0x40 ./Header_C_files/Test/test.o
 .debug_macro   0x00000000000027a4      0x326 ./Header_C_files/Test/test.o
 .debug_macro   0x0000000000002aca       0x64 ./Header_C_files/Test/test.o
 .debug_macro   0x0000000000002b2e      0x100 ./Header_C_files/Test/test.o
 .debug_macro   0x0000000000002c2e       0x16 ./Header_C_files/Test/test.o
 .debug_macro   0x0000000000002c44      0x1cf ./Header_C_files/Test/test.o
 .debug_macro   0x0000000000002e13      0x1e1 ./Header_C_files/Test/test.o
 .debug_macro   0x0000000000002ff4       0x7c ./Header_C_files/Test/test.o
 .debug_macro   0x0000000000003070       0x8e ./Header_C_files/Test/test.o
 .debug_macro   0x00000000000030fe       0x16 ./Header_C_files/Test/test.o
 .debug_macro   0x0000000000003114       0x82 ./Header_C_files/Test/test.o
 .debug_macro   0x0000000000003196       0x8e ./Header_C_files/Test/test.o
 .debug_macro   0x0000000000003224      0x304 ./Header_C_files/Seq_ops/main.o
 .debug_macro   0x0000000000003528      0x2d3 ./Header_C_files/Seq_ops/main.o
 .debug_macro   0x00000000000037fb      0x488 ./Header_C_files/Seq_ops/main.o
 .debug_macro   0x0000000000003c83      0x103 ./Header_C_files/RTC/rtc.o
 .debug_macro   0x0000000000003d86      0x173 ./CMSIS/system_m2sxxx.o

.comment        0x0000000000000000       0x71
 .comment       0x0000000000000000       0x71 ./drivers/mss_uart/mss_uart.o
                                         0x72 (size before relaxing)
 .comment       0x0000000000000071       0x72 ./drivers/mss_sys_services/mss_comblk.o
 .comment       0x0000000000000071       0x72 ./drivers/mss_spi/mss_spi.o
 .comment       0x0000000000000071       0x72 ./drivers/mss_pdma/mss_pdma.o
 .comment       0x0000000000000071       0x72 ./drivers/mss_i2c/mss_i2c.o
 .comment       0x0000000000000071       0x72 ./drivers/mss_hpdma/mss_hpdma.o
 .comment       0x0000000000000071       0x72 ./Header_C_files/Utils/utils.o
 .comment       0x0000000000000071       0x72 ./Header_C_files/Test/test.o
 .comment       0x0000000000000071       0x72 ./Header_C_files/Seq_ops/main.o
 .comment       0x0000000000000071       0x72 ./Header_C_files/RTC/rtc.o
 .comment       0x0000000000000071       0x72 ./CMSIS/system_m2sxxx.o
